ethernetif.c:709:9:ETH_PHY_IO_DeInit	0	static
ethernetif.c:457:14:low_level_output	64	static
ethernetif.c:651:6:pbuf_free_custom	0	static
ethernetif.c:752:9:ETH_PHY_IO_GetTick	0	static
ethernetif.c:692:9:ETH_PHY_IO_Init	8	static
ethernetif.c:721:9:ETH_PHY_IO_ReadReg	8	static
ethernetif.c:738:9:ETH_PHY_IO_WriteReg	8	static
ethernetif.c:549:6:ethernetif_input	96	static
ethernetif.c:139:6:HAL_ETH_MspInit	72	static
ethernetif.c:216:6:HAL_ETH_MspDeInit	8	static
ethernetif.c:273:6:HAL_ETH_RxCpltCallback	0	static
ethernetif.c:607:7:ethernetif_init	168	static
ethernetif.c:666:7:sys_jiffies	0	static
ethernetif.c:677:7:sys_now	0	static
ethernetif.c:763:6:ethernet_link_thread	136	static
