Archive member included to satisfy reference by file (symbol)

/home/evg/toolchain/gcc-arm-none-eabi-new/bin/../lib/gcc/arm-none-eabi/10.3.1/../../../../arm-none-eabi/lib/thumb/v7e-m+dp/hard/libc_nano.a(lib_a-exit.o)
                              /home/evg/toolchain/gcc-arm-none-eabi-new/bin/../lib/gcc/arm-none-eabi/10.3.1/../../../../arm-none-eabi/lib/thumb/v7e-m+dp/hard/crt0.o (exit)
/home/evg/toolchain/gcc-arm-none-eabi-new/bin/../lib/gcc/arm-none-eabi/10.3.1/../../../../arm-none-eabi/lib/thumb/v7e-m+dp/hard/libc_nano.a(lib_a-impure.o)
                              /home/evg/toolchain/gcc-arm-none-eabi-new/bin/../lib/gcc/arm-none-eabi/10.3.1/../../../../arm-none-eabi/lib/thumb/v7e-m+dp/hard/libc_nano.a(lib_a-exit.o) (_global_impure_ptr)
/home/evg/toolchain/gcc-arm-none-eabi-new/bin/../lib/gcc/arm-none-eabi/10.3.1/../../../../arm-none-eabi/lib/thumb/v7e-m+dp/hard/libc_nano.a(lib_a-init.o)
                              /home/evg/toolchain/gcc-arm-none-eabi-new/bin/../lib/gcc/arm-none-eabi/10.3.1/../../../../arm-none-eabi/lib/thumb/v7e-m+dp/hard/crt0.o (__libc_init_array)
/home/evg/toolchain/gcc-arm-none-eabi-new/bin/../lib/gcc/arm-none-eabi/10.3.1/../../../../arm-none-eabi/lib/thumb/v7e-m+dp/hard/libc_nano.a(lib_a-memset.o)
                              /home/evg/toolchain/gcc-arm-none-eabi-new/bin/../lib/gcc/arm-none-eabi/10.3.1/../../../../arm-none-eabi/lib/thumb/v7e-m+dp/hard/crt0.o (memset)
/home/evg/toolchain/gcc-arm-none-eabi-new/bin/../lib/gcc/arm-none-eabi/10.3.1/../../../../arm-none-eabi/lib/thumb/v7e-m+dp/hard/libnosys.a(_exit.o)
                              /home/evg/toolchain/gcc-arm-none-eabi-new/bin/../lib/gcc/arm-none-eabi/10.3.1/../../../../arm-none-eabi/lib/thumb/v7e-m+dp/hard/libc_nano.a(lib_a-exit.o) (_exit)

Discarded input sections

 .text          0x0000000000000000        0x0 /home/evg/toolchain/gcc-arm-none-eabi-new/bin/../lib/gcc/arm-none-eabi/10.3.1/thumb/v7e-m+dp/hard/crti.o
 .data          0x0000000000000000        0x0 /home/evg/toolchain/gcc-arm-none-eabi-new/bin/../lib/gcc/arm-none-eabi/10.3.1/thumb/v7e-m+dp/hard/crti.o
 .bss           0x0000000000000000        0x0 /home/evg/toolchain/gcc-arm-none-eabi-new/bin/../lib/gcc/arm-none-eabi/10.3.1/thumb/v7e-m+dp/hard/crti.o
 .data          0x0000000000000000        0x4 /home/evg/toolchain/gcc-arm-none-eabi-new/bin/../lib/gcc/arm-none-eabi/10.3.1/thumb/v7e-m+dp/hard/crtbegin.o
 .rodata        0x0000000000000000       0x24 /home/evg/toolchain/gcc-arm-none-eabi-new/bin/../lib/gcc/arm-none-eabi/10.3.1/thumb/v7e-m+dp/hard/crtbegin.o
 .text          0x0000000000000000       0x7c /home/evg/toolchain/gcc-arm-none-eabi-new/bin/../lib/gcc/arm-none-eabi/10.3.1/../../../../arm-none-eabi/lib/thumb/v7e-m+dp/hard/crt0.o
 .data          0x0000000000000000        0x0 /home/evg/toolchain/gcc-arm-none-eabi-new/bin/../lib/gcc/arm-none-eabi/10.3.1/../../../../arm-none-eabi/lib/thumb/v7e-m+dp/hard/crt0.o
 .bss           0x0000000000000000        0x0 /home/evg/toolchain/gcc-arm-none-eabi-new/bin/../lib/gcc/arm-none-eabi/10.3.1/../../../../arm-none-eabi/lib/thumb/v7e-m+dp/hard/crt0.o
 .ARM.extab     0x0000000000000000        0x0 /home/evg/toolchain/gcc-arm-none-eabi-new/bin/../lib/gcc/arm-none-eabi/10.3.1/../../../../arm-none-eabi/lib/thumb/v7e-m+dp/hard/crt0.o
 .ARM.exidx     0x0000000000000000       0x10 /home/evg/toolchain/gcc-arm-none-eabi-new/bin/../lib/gcc/arm-none-eabi/10.3.1/../../../../arm-none-eabi/lib/thumb/v7e-m+dp/hard/crt0.o
 .ARM.attributes
                0x0000000000000000       0x1c /home/evg/toolchain/gcc-arm-none-eabi-new/bin/../lib/gcc/arm-none-eabi/10.3.1/../../../../arm-none-eabi/lib/thumb/v7e-m+dp/hard/crt0.o
 .text          0x0000000000000000        0x0 /home/evg/toolchain/gcc-arm-none-eabi-new/bin/../lib/gcc/arm-none-eabi/10.3.1/../../../../arm-none-eabi/lib/thumb/v7e-m+dp/hard/libc_nano.a(lib_a-exit.o)
 .data          0x0000000000000000        0x0 /home/evg/toolchain/gcc-arm-none-eabi-new/bin/../lib/gcc/arm-none-eabi/10.3.1/../../../../arm-none-eabi/lib/thumb/v7e-m+dp/hard/libc_nano.a(lib_a-exit.o)
 .bss           0x0000000000000000        0x0 /home/evg/toolchain/gcc-arm-none-eabi-new/bin/../lib/gcc/arm-none-eabi/10.3.1/../../../../arm-none-eabi/lib/thumb/v7e-m+dp/hard/libc_nano.a(lib_a-exit.o)
 .text.exit     0x0000000000000000       0x28 /home/evg/toolchain/gcc-arm-none-eabi-new/bin/../lib/gcc/arm-none-eabi/10.3.1/../../../../arm-none-eabi/lib/thumb/v7e-m+dp/hard/libc_nano.a(lib_a-exit.o)
 .debug_frame   0x0000000000000000       0x28 /home/evg/toolchain/gcc-arm-none-eabi-new/bin/../lib/gcc/arm-none-eabi/10.3.1/../../../../arm-none-eabi/lib/thumb/v7e-m+dp/hard/libc_nano.a(lib_a-exit.o)
 .ARM.attributes
                0x0000000000000000       0x32 /home/evg/toolchain/gcc-arm-none-eabi-new/bin/../lib/gcc/arm-none-eabi/10.3.1/../../../../arm-none-eabi/lib/thumb/v7e-m+dp/hard/libc_nano.a(lib_a-exit.o)
 .text          0x0000000000000000        0x0 /home/evg/toolchain/gcc-arm-none-eabi-new/bin/../lib/gcc/arm-none-eabi/10.3.1/../../../../arm-none-eabi/lib/thumb/v7e-m+dp/hard/libc_nano.a(lib_a-impure.o)
 .data          0x0000000000000000        0x0 /home/evg/toolchain/gcc-arm-none-eabi-new/bin/../lib/gcc/arm-none-eabi/10.3.1/../../../../arm-none-eabi/lib/thumb/v7e-m+dp/hard/libc_nano.a(lib_a-impure.o)
 .bss           0x0000000000000000        0x0 /home/evg/toolchain/gcc-arm-none-eabi-new/bin/../lib/gcc/arm-none-eabi/10.3.1/../../../../arm-none-eabi/lib/thumb/v7e-m+dp/hard/libc_nano.a(lib_a-impure.o)
 .data._impure_ptr
                0x0000000000000000        0x4 /home/evg/toolchain/gcc-arm-none-eabi-new/bin/../lib/gcc/arm-none-eabi/10.3.1/../../../../arm-none-eabi/lib/thumb/v7e-m+dp/hard/libc_nano.a(lib_a-impure.o)
 .data.impure_data
                0x0000000000000000       0x60 /home/evg/toolchain/gcc-arm-none-eabi-new/bin/../lib/gcc/arm-none-eabi/10.3.1/../../../../arm-none-eabi/lib/thumb/v7e-m+dp/hard/libc_nano.a(lib_a-impure.o)
 .rodata._global_impure_ptr
                0x0000000000000000        0x4 /home/evg/toolchain/gcc-arm-none-eabi-new/bin/../lib/gcc/arm-none-eabi/10.3.1/../../../../arm-none-eabi/lib/thumb/v7e-m+dp/hard/libc_nano.a(lib_a-impure.o)
 .ARM.attributes
                0x0000000000000000       0x32 /home/evg/toolchain/gcc-arm-none-eabi-new/bin/../lib/gcc/arm-none-eabi/10.3.1/../../../../arm-none-eabi/lib/thumb/v7e-m+dp/hard/libc_nano.a(lib_a-impure.o)
 .text          0x0000000000000000        0x0 /home/evg/toolchain/gcc-arm-none-eabi-new/bin/../lib/gcc/arm-none-eabi/10.3.1/../../../../arm-none-eabi/lib/thumb/v7e-m+dp/hard/libc_nano.a(lib_a-init.o)
 .data          0x0000000000000000        0x0 /home/evg/toolchain/gcc-arm-none-eabi-new/bin/../lib/gcc/arm-none-eabi/10.3.1/../../../../arm-none-eabi/lib/thumb/v7e-m+dp/hard/libc_nano.a(lib_a-init.o)
 .bss           0x0000000000000000        0x0 /home/evg/toolchain/gcc-arm-none-eabi-new/bin/../lib/gcc/arm-none-eabi/10.3.1/../../../../arm-none-eabi/lib/thumb/v7e-m+dp/hard/libc_nano.a(lib_a-init.o)
 .text          0x0000000000000000        0x0 /home/evg/toolchain/gcc-arm-none-eabi-new/bin/../lib/gcc/arm-none-eabi/10.3.1/../../../../arm-none-eabi/lib/thumb/v7e-m+dp/hard/libc_nano.a(lib_a-memset.o)
 .data          0x0000000000000000        0x0 /home/evg/toolchain/gcc-arm-none-eabi-new/bin/../lib/gcc/arm-none-eabi/10.3.1/../../../../arm-none-eabi/lib/thumb/v7e-m+dp/hard/libc_nano.a(lib_a-memset.o)
 .bss           0x0000000000000000        0x0 /home/evg/toolchain/gcc-arm-none-eabi-new/bin/../lib/gcc/arm-none-eabi/10.3.1/../../../../arm-none-eabi/lib/thumb/v7e-m+dp/hard/libc_nano.a(lib_a-memset.o)
 .text.memset   0x0000000000000000       0x10 /home/evg/toolchain/gcc-arm-none-eabi-new/bin/../lib/gcc/arm-none-eabi/10.3.1/../../../../arm-none-eabi/lib/thumb/v7e-m+dp/hard/libc_nano.a(lib_a-memset.o)
 .debug_frame   0x0000000000000000       0x20 /home/evg/toolchain/gcc-arm-none-eabi-new/bin/../lib/gcc/arm-none-eabi/10.3.1/../../../../arm-none-eabi/lib/thumb/v7e-m+dp/hard/libc_nano.a(lib_a-memset.o)
 .ARM.attributes
                0x0000000000000000       0x32 /home/evg/toolchain/gcc-arm-none-eabi-new/bin/../lib/gcc/arm-none-eabi/10.3.1/../../../../arm-none-eabi/lib/thumb/v7e-m+dp/hard/libc_nano.a(lib_a-memset.o)
 .text          0x0000000000000000        0x0 CMakeFiles/11_Converter.elf.dir/Core/Src/main.c.o
 .data          0x0000000000000000        0x0 CMakeFiles/11_Converter.elf.dir/Core/Src/main.c.o
 .bss           0x0000000000000000        0x0 CMakeFiles/11_Converter.elf.dir/Core/Src/main.c.o
 .text.Error_Handler
                0x0000000000000000        0x4 CMakeFiles/11_Converter.elf.dir/Core/Src/main.c.o
 .text          0x0000000000000000        0x0 CMakeFiles/11_Converter.elf.dir/Core/Src/stm32f4xx_hal_msp.c.o
 .data          0x0000000000000000        0x0 CMakeFiles/11_Converter.elf.dir/Core/Src/stm32f4xx_hal_msp.c.o
 .bss           0x0000000000000000        0x0 CMakeFiles/11_Converter.elf.dir/Core/Src/stm32f4xx_hal_msp.c.o
 .text.HAL_MspInit
                0x0000000000000000       0x3c CMakeFiles/11_Converter.elf.dir/Core/Src/stm32f4xx_hal_msp.c.o
 .text.HAL_I2C_MspInit
                0x0000000000000000       0x70 CMakeFiles/11_Converter.elf.dir/Core/Src/stm32f4xx_hal_msp.c.o
 .text.HAL_I2C_MspDeInit
                0x0000000000000000       0x38 CMakeFiles/11_Converter.elf.dir/Core/Src/stm32f4xx_hal_msp.c.o
 .text.HAL_I2S_MspInit
                0x0000000000000000       0xc4 CMakeFiles/11_Converter.elf.dir/Core/Src/stm32f4xx_hal_msp.c.o
 .text.HAL_I2S_MspDeInit
                0x0000000000000000       0x3c CMakeFiles/11_Converter.elf.dir/Core/Src/stm32f4xx_hal_msp.c.o
 .text.HAL_SPI_MspInit
                0x0000000000000000       0x78 CMakeFiles/11_Converter.elf.dir/Core/Src/stm32f4xx_hal_msp.c.o
 .text.HAL_SPI_MspDeInit
                0x0000000000000000       0x28 CMakeFiles/11_Converter.elf.dir/Core/Src/stm32f4xx_hal_msp.c.o
 .comment       0x0000000000000000       0x4a CMakeFiles/11_Converter.elf.dir/Core/Src/stm32f4xx_hal_msp.c.o
 .ARM.attributes
                0x0000000000000000       0x30 CMakeFiles/11_Converter.elf.dir/Core/Src/stm32f4xx_hal_msp.c.o
 .text          0x0000000000000000        0x0 CMakeFiles/11_Converter.elf.dir/Core/Src/stm32f4xx_it.c.o
 .data          0x0000000000000000        0x0 CMakeFiles/11_Converter.elf.dir/Core/Src/stm32f4xx_it.c.o
 .bss           0x0000000000000000        0x0 CMakeFiles/11_Converter.elf.dir/Core/Src/stm32f4xx_it.c.o
 .text          0x0000000000000000        0x0 CMakeFiles/11_Converter.elf.dir/Core/Src/system_stm32f4xx.c.o
 .data          0x0000000000000000        0x0 CMakeFiles/11_Converter.elf.dir/Core/Src/system_stm32f4xx.c.o
 .bss           0x0000000000000000        0x0 CMakeFiles/11_Converter.elf.dir/Core/Src/system_stm32f4xx.c.o
 .text.SystemCoreClockUpdate
                0x0000000000000000       0x70 CMakeFiles/11_Converter.elf.dir/Core/Src/system_stm32f4xx.c.o
 .data.SystemCoreClock
                0x0000000000000000        0x4 CMakeFiles/11_Converter.elf.dir/Core/Src/system_stm32f4xx.c.o
 .rodata.AHBPrescTable
                0x0000000000000000       0x10 CMakeFiles/11_Converter.elf.dir/Core/Src/system_stm32f4xx.c.o
 .rodata.APBPrescTable
                0x0000000000000000        0x8 CMakeFiles/11_Converter.elf.dir/Core/Src/system_stm32f4xx.c.o
 .text          0x0000000000000000       0x14 CMakeFiles/11_Converter.elf.dir/Drivers/CMSIS/Device/ST/STM32F4xx/Source/Templates/gcc/startup_stm32f407xx.s.o
 .data          0x0000000000000000        0x0 CMakeFiles/11_Converter.elf.dir/Drivers/CMSIS/Device/ST/STM32F4xx/Source/Templates/gcc/startup_stm32f407xx.s.o
 .bss           0x0000000000000000        0x0 CMakeFiles/11_Converter.elf.dir/Drivers/CMSIS/Device/ST/STM32F4xx/Source/Templates/gcc/startup_stm32f407xx.s.o
 .text          0x0000000000000000        0x0 /home/evg/toolchain/gcc-arm-none-eabi-new/bin/../lib/gcc/arm-none-eabi/10.3.1/../../../../arm-none-eabi/lib/thumb/v7e-m+dp/hard/libnosys.a(_exit.o)
 .data          0x0000000000000000        0x0 /home/evg/toolchain/gcc-arm-none-eabi-new/bin/../lib/gcc/arm-none-eabi/10.3.1/../../../../arm-none-eabi/lib/thumb/v7e-m+dp/hard/libnosys.a(_exit.o)
 .bss           0x0000000000000000        0x0 /home/evg/toolchain/gcc-arm-none-eabi-new/bin/../lib/gcc/arm-none-eabi/10.3.1/../../../../arm-none-eabi/lib/thumb/v7e-m+dp/hard/libnosys.a(_exit.o)
 .text._exit    0x0000000000000000        0x4 /home/evg/toolchain/gcc-arm-none-eabi-new/bin/../lib/gcc/arm-none-eabi/10.3.1/../../../../arm-none-eabi/lib/thumb/v7e-m+dp/hard/libnosys.a(_exit.o)
 .debug_frame   0x0000000000000000       0x20 /home/evg/toolchain/gcc-arm-none-eabi-new/bin/../lib/gcc/arm-none-eabi/10.3.1/../../../../arm-none-eabi/lib/thumb/v7e-m+dp/hard/libnosys.a(_exit.o)
 .ARM.attributes
                0x0000000000000000       0x32 /home/evg/toolchain/gcc-arm-none-eabi-new/bin/../lib/gcc/arm-none-eabi/10.3.1/../../../../arm-none-eabi/lib/thumb/v7e-m+dp/hard/libnosys.a(_exit.o)
 .text          0x0000000000000000        0x0 /home/evg/toolchain/gcc-arm-none-eabi-new/bin/../lib/gcc/arm-none-eabi/10.3.1/thumb/v7e-m+dp/hard/crtend.o
 .data          0x0000000000000000        0x0 /home/evg/toolchain/gcc-arm-none-eabi-new/bin/../lib/gcc/arm-none-eabi/10.3.1/thumb/v7e-m+dp/hard/crtend.o
 .bss           0x0000000000000000        0x0 /home/evg/toolchain/gcc-arm-none-eabi-new/bin/../lib/gcc/arm-none-eabi/10.3.1/thumb/v7e-m+dp/hard/crtend.o
 .rodata        0x0000000000000000       0x24 /home/evg/toolchain/gcc-arm-none-eabi-new/bin/../lib/gcc/arm-none-eabi/10.3.1/thumb/v7e-m+dp/hard/crtend.o
 .eh_frame      0x0000000000000000        0x4 /home/evg/toolchain/gcc-arm-none-eabi-new/bin/../lib/gcc/arm-none-eabi/10.3.1/thumb/v7e-m+dp/hard/crtend.o
 .ARM.attributes
                0x0000000000000000       0x32 /home/evg/toolchain/gcc-arm-none-eabi-new/bin/../lib/gcc/arm-none-eabi/10.3.1/thumb/v7e-m+dp/hard/crtend.o
 .text          0x0000000000000000        0x0 /home/evg/toolchain/gcc-arm-none-eabi-new/bin/../lib/gcc/arm-none-eabi/10.3.1/thumb/v7e-m+dp/hard/crtn.o
 .data          0x0000000000000000        0x0 /home/evg/toolchain/gcc-arm-none-eabi-new/bin/../lib/gcc/arm-none-eabi/10.3.1/thumb/v7e-m+dp/hard/crtn.o
 .bss           0x0000000000000000        0x0 /home/evg/toolchain/gcc-arm-none-eabi-new/bin/../lib/gcc/arm-none-eabi/10.3.1/thumb/v7e-m+dp/hard/crtn.o

Memory Configuration

Name             Origin             Length             Attributes
CCMRAM           0x0000000010000000 0x0000000000010000 xrw
RAM              0x0000000020000000 0x0000000000020000 xrw
FLASH            0x0000000008000000 0x0000000000100000 xr
*default*        0x0000000000000000 0xffffffffffffffff

Linker script and memory map

LOAD /home/evg/toolchain/gcc-arm-none-eabi-new/bin/../lib/gcc/arm-none-eabi/10.3.1/thumb/v7e-m+dp/hard/crti.o
LOAD /home/evg/toolchain/gcc-arm-none-eabi-new/bin/../lib/gcc/arm-none-eabi/10.3.1/thumb/v7e-m+dp/hard/crtbegin.o
LOAD /home/evg/toolchain/gcc-arm-none-eabi-new/bin/../lib/gcc/arm-none-eabi/10.3.1/../../../../arm-none-eabi/lib/thumb/v7e-m+dp/hard/crt0.o
START GROUP
LOAD /home/evg/toolchain/gcc-arm-none-eabi-new/bin/../lib/gcc/arm-none-eabi/10.3.1/../../../../arm-none-eabi/lib/thumb/v7e-m+dp/hard/libc_nano.a
LOAD /home/evg/toolchain/gcc-arm-none-eabi-new/bin/../lib/gcc/arm-none-eabi/10.3.1/../../../../arm-none-eabi/lib/thumb/v7e-m+dp/hard/libm.a
END GROUP
LOAD CMakeFiles/11_Converter.elf.dir/Core/Src/main.c.o
LOAD CMakeFiles/11_Converter.elf.dir/Core/Src/stm32f4xx_hal_msp.c.o
LOAD CMakeFiles/11_Converter.elf.dir/Core/Src/stm32f4xx_it.c.o
LOAD CMakeFiles/11_Converter.elf.dir/Core/Src/system_stm32f4xx.c.o
LOAD CMakeFiles/11_Converter.elf.dir/Drivers/CMSIS/Device/ST/STM32F4xx/Source/Templates/gcc/startup_stm32f407xx.s.o
START GROUP
LOAD /home/evg/toolchain/gcc-arm-none-eabi-new/bin/../lib/gcc/arm-none-eabi/10.3.1/thumb/v7e-m+dp/hard/libgcc.a
LOAD /home/evg/toolchain/gcc-arm-none-eabi-new/bin/../lib/gcc/arm-none-eabi/10.3.1/../../../../arm-none-eabi/lib/thumb/v7e-m+dp/hard/libc_nano.a
END GROUP
START GROUP
LOAD /home/evg/toolchain/gcc-arm-none-eabi-new/bin/../lib/gcc/arm-none-eabi/10.3.1/thumb/v7e-m+dp/hard/libgcc.a
LOAD /home/evg/toolchain/gcc-arm-none-eabi-new/bin/../lib/gcc/arm-none-eabi/10.3.1/../../../../arm-none-eabi/lib/thumb/v7e-m+dp/hard/libc_nano.a
LOAD /home/evg/toolchain/gcc-arm-none-eabi-new/bin/../lib/gcc/arm-none-eabi/10.3.1/../../../../arm-none-eabi/lib/thumb/v7e-m+dp/hard/libnosys.a
END GROUP
START GROUP
LOAD /home/evg/toolchain/gcc-arm-none-eabi-new/bin/../lib/gcc/arm-none-eabi/10.3.1/thumb/v7e-m+dp/hard/libgcc.a
LOAD /home/evg/toolchain/gcc-arm-none-eabi-new/bin/../lib/gcc/arm-none-eabi/10.3.1/../../../../arm-none-eabi/lib/thumb/v7e-m+dp/hard/libc_nano.a
LOAD /home/evg/toolchain/gcc-arm-none-eabi-new/bin/../lib/gcc/arm-none-eabi/10.3.1/../../../../arm-none-eabi/lib/thumb/v7e-m+dp/hard/libnosys.a
END GROUP
LOAD /home/evg/toolchain/gcc-arm-none-eabi-new/bin/../lib/gcc/arm-none-eabi/10.3.1/thumb/v7e-m+dp/hard/crtend.o
LOAD /home/evg/toolchain/gcc-arm-none-eabi-new/bin/../lib/gcc/arm-none-eabi/10.3.1/thumb/v7e-m+dp/hard/crtn.o
                0x0000000020020000                _estack = (ORIGIN (RAM) + LENGTH (RAM))
                0x0000000000000200                _Min_Heap_Size = 0x200
                0x0000000000000400                _Min_Stack_Size = 0x400

.isr_vector     0x0000000008000000      0x188
                0x0000000008000000                . = ALIGN (0x4)
 *(.isr_vector)
 .isr_vector    0x0000000008000000      0x188 CMakeFiles/11_Converter.elf.dir/Drivers/CMSIS/Device/ST/STM32F4xx/Source/Templates/gcc/startup_stm32f407xx.s.o
                0x0000000008000000                g_pfnVectors
                0x0000000008000188                . = ALIGN (0x4)

.text           0x0000000008000188      0x41c
                0x0000000008000188                . = ALIGN (0x4)
 *(.text)
 .text          0x0000000008000188       0x40 /home/evg/toolchain/gcc-arm-none-eabi-new/bin/../lib/gcc/arm-none-eabi/10.3.1/thumb/v7e-m+dp/hard/crtbegin.o
 *(.text*)
 .text.__libc_init_array
                0x00000000080001c8       0x48 /home/evg/toolchain/gcc-arm-none-eabi-new/bin/../lib/gcc/arm-none-eabi/10.3.1/../../../../arm-none-eabi/lib/thumb/v7e-m+dp/hard/libc_nano.a(lib_a-init.o)
                0x00000000080001c8                __libc_init_array
 .text.SystemClock_Config
                0x0000000008000210       0xb8 CMakeFiles/11_Converter.elf.dir/Core/Src/main.c.o
                0x0000000008000210                SystemClock_Config
 .text.startup.main
                0x00000000080002c8      0x22c CMakeFiles/11_Converter.elf.dir/Core/Src/main.c.o
                0x00000000080002c8                main
 .text.NMI_Handler
                0x00000000080004f4        0x4 CMakeFiles/11_Converter.elf.dir/Core/Src/stm32f4xx_it.c.o
                0x00000000080004f4                NMI_Handler
 .text.HardFault_Handler
                0x00000000080004f8        0x4 CMakeFiles/11_Converter.elf.dir/Core/Src/stm32f4xx_it.c.o
                0x00000000080004f8                HardFault_Handler
 .text.MemManage_Handler
                0x00000000080004fc        0x4 CMakeFiles/11_Converter.elf.dir/Core/Src/stm32f4xx_it.c.o
                0x00000000080004fc                MemManage_Handler
 .text.BusFault_Handler
                0x0000000008000500        0x4 CMakeFiles/11_Converter.elf.dir/Core/Src/stm32f4xx_it.c.o
                0x0000000008000500                BusFault_Handler
 .text.UsageFault_Handler
                0x0000000008000504        0x4 CMakeFiles/11_Converter.elf.dir/Core/Src/stm32f4xx_it.c.o
                0x0000000008000504                UsageFault_Handler
 .text.SVC_Handler
                0x0000000008000508        0x4 CMakeFiles/11_Converter.elf.dir/Core/Src/stm32f4xx_it.c.o
                0x0000000008000508                SVC_Handler
 .text.DebugMon_Handler
                0x000000000800050c        0x4 CMakeFiles/11_Converter.elf.dir/Core/Src/stm32f4xx_it.c.o
                0x000000000800050c                DebugMon_Handler
 .text.PendSV_Handler
                0x0000000008000510        0x4 CMakeFiles/11_Converter.elf.dir/Core/Src/stm32f4xx_it.c.o
                0x0000000008000510                PendSV_Handler
 .text.SysTick_Handler
                0x0000000008000514        0x4 CMakeFiles/11_Converter.elf.dir/Core/Src/stm32f4xx_it.c.o
                0x0000000008000514                SysTick_Handler
 .text.OTG_FS_IRQHandler
                0x0000000008000518        0xc CMakeFiles/11_Converter.elf.dir/Core/Src/stm32f4xx_it.c.o
                0x0000000008000518                OTG_FS_IRQHandler
 .text.SystemInit
                0x0000000008000524       0x14 CMakeFiles/11_Converter.elf.dir/Core/Src/system_stm32f4xx.c.o
                0x0000000008000524                SystemInit
 .text.Reset_Handler
                0x0000000008000538       0x50 CMakeFiles/11_Converter.elf.dir/Drivers/CMSIS/Device/ST/STM32F4xx/Source/Templates/gcc/startup_stm32f407xx.s.o
                0x0000000008000538                Reset_Handler
 .text.Default_Handler
                0x0000000008000588        0x2 CMakeFiles/11_Converter.elf.dir/Drivers/CMSIS/Device/ST/STM32F4xx/Source/Templates/gcc/startup_stm32f407xx.s.o
                0x0000000008000588                RTC_Alarm_IRQHandler
                0x0000000008000588                HASH_RNG_IRQHandler
                0x0000000008000588                EXTI2_IRQHandler
                0x0000000008000588                TIM8_CC_IRQHandler
                0x0000000008000588                TIM1_CC_IRQHandler
                0x0000000008000588                DMA2_Stream5_IRQHandler
                0x0000000008000588                DMA1_Stream5_IRQHandler
                0x0000000008000588                PVD_IRQHandler
                0x0000000008000588                SDIO_IRQHandler
                0x0000000008000588                TAMP_STAMP_IRQHandler
                0x0000000008000588                CAN2_RX1_IRQHandler
                0x0000000008000588                EXTI3_IRQHandler
                0x0000000008000588                TIM8_TRG_COM_TIM14_IRQHandler
                0x0000000008000588                TIM1_UP_TIM10_IRQHandler
                0x0000000008000588                TIM8_UP_TIM13_IRQHandler
                0x0000000008000588                I2C3_ER_IRQHandler
                0x0000000008000588                EXTI0_IRQHandler
                0x0000000008000588                I2C2_EV_IRQHandler
                0x0000000008000588                DMA1_Stream2_IRQHandler
                0x0000000008000588                CAN1_RX0_IRQHandler
                0x0000000008000588                FPU_IRQHandler
                0x0000000008000588                OTG_HS_WKUP_IRQHandler
                0x0000000008000588                CAN2_SCE_IRQHandler
                0x0000000008000588                DMA2_Stream2_IRQHandler
                0x0000000008000588                SPI1_IRQHandler
                0x0000000008000588                TIM6_DAC_IRQHandler
                0x0000000008000588                TIM1_BRK_TIM9_IRQHandler
                0x0000000008000588                DCMI_IRQHandler
                0x0000000008000588                CAN2_RX0_IRQHandler
                0x0000000008000588                DMA2_Stream3_IRQHandler
                0x0000000008000588                USART6_IRQHandler
                0x0000000008000588                USART3_IRQHandler
                0x0000000008000588                CAN1_RX1_IRQHandler
                0x0000000008000588                UART5_IRQHandler
                0x0000000008000588                DMA2_Stream0_IRQHandler
                0x0000000008000588                TIM4_IRQHandler
                0x0000000008000588                I2C1_EV_IRQHandler
                0x0000000008000588                DMA1_Stream6_IRQHandler
                0x0000000008000588                DMA1_Stream1_IRQHandler
                0x0000000008000588                UART4_IRQHandler
                0x0000000008000588                TIM3_IRQHandler
                0x0000000008000588                RCC_IRQHandler
                0x0000000008000588                TIM8_BRK_TIM12_IRQHandler
                0x0000000008000588                Default_Handler
                0x0000000008000588                EXTI15_10_IRQHandler
                0x0000000008000588                ADC_IRQHandler
                0x0000000008000588                DMA1_Stream7_IRQHandler
                0x0000000008000588                TIM7_IRQHandler
                0x0000000008000588                CAN2_TX_IRQHandler
                0x0000000008000588                TIM5_IRQHandler
                0x0000000008000588                DMA2_Stream7_IRQHandler
                0x0000000008000588                I2C3_EV_IRQHandler
                0x0000000008000588                EXTI9_5_IRQHandler
                0x0000000008000588                RTC_WKUP_IRQHandler
                0x0000000008000588                ETH_WKUP_IRQHandler
                0x0000000008000588                SPI2_IRQHandler
                0x0000000008000588                OTG_HS_EP1_IN_IRQHandler
                0x0000000008000588                DMA1_Stream0_IRQHandler
                0x0000000008000588                CAN1_TX_IRQHandler
                0x0000000008000588                EXTI4_IRQHandler
                0x0000000008000588                FSMC_IRQHandler
                0x0000000008000588                ETH_IRQHandler
                0x0000000008000588                OTG_HS_EP1_OUT_IRQHandler
                0x0000000008000588                WWDG_IRQHandler
                0x0000000008000588                TIM2_IRQHandler
                0x0000000008000588                OTG_FS_WKUP_IRQHandler
                0x0000000008000588                TIM1_TRG_COM_TIM11_IRQHandler
                0x0000000008000588                OTG_HS_IRQHandler
                0x0000000008000588                EXTI1_IRQHandler
                0x0000000008000588                USART2_IRQHandler
                0x0000000008000588                I2C2_ER_IRQHandler
                0x0000000008000588                DMA2_Stream1_IRQHandler
                0x0000000008000588                CAN1_SCE_IRQHandler
                0x0000000008000588                FLASH_IRQHandler
                0x0000000008000588                DMA2_Stream4_IRQHandler
                0x0000000008000588                USART1_IRQHandler
                0x0000000008000588                SPI3_IRQHandler
                0x0000000008000588                DMA1_Stream4_IRQHandler
                0x0000000008000588                I2C1_ER_IRQHandler
                0x0000000008000588                DMA2_Stream6_IRQHandler
                0x0000000008000588                DMA1_Stream3_IRQHandler
 *(.glue_7)
 .glue_7        0x000000000800058a        0x0 linker stubs
 *(.glue_7t)
 .glue_7t       0x000000000800058a        0x0 linker stubs
 *(.eh_frame)
 *fill*         0x000000000800058a        0x2 
 .eh_frame      0x000000000800058c        0x0 /home/evg/toolchain/gcc-arm-none-eabi-new/bin/../lib/gcc/arm-none-eabi/10.3.1/thumb/v7e-m+dp/hard/crtbegin.o
 *(.init)
 .init          0x000000000800058c        0x4 /home/evg/toolchain/gcc-arm-none-eabi-new/bin/../lib/gcc/arm-none-eabi/10.3.1/thumb/v7e-m+dp/hard/crti.o
                0x000000000800058c                _init
 .init          0x0000000008000590        0x8 /home/evg/toolchain/gcc-arm-none-eabi-new/bin/../lib/gcc/arm-none-eabi/10.3.1/thumb/v7e-m+dp/hard/crtn.o
 *(.fini)
 .fini          0x0000000008000598        0x4 /home/evg/toolchain/gcc-arm-none-eabi-new/bin/../lib/gcc/arm-none-eabi/10.3.1/thumb/v7e-m+dp/hard/crti.o
                0x0000000008000598                _fini
 .fini          0x000000000800059c        0x8 /home/evg/toolchain/gcc-arm-none-eabi-new/bin/../lib/gcc/arm-none-eabi/10.3.1/thumb/v7e-m+dp/hard/crtn.o
                0x00000000080005a4                . = ALIGN (0x4)
                0x00000000080005a4                _etext = .

.vfp11_veneer   0x00000000080005a4        0x0
 .vfp11_veneer  0x00000000080005a4        0x0 linker stubs

.v4_bx          0x00000000080005a4        0x0
 .v4_bx         0x00000000080005a4        0x0 linker stubs

.iplt           0x00000000080005a4        0x0
 .iplt          0x00000000080005a4        0x0 /home/evg/toolchain/gcc-arm-none-eabi-new/bin/../lib/gcc/arm-none-eabi/10.3.1/thumb/v7e-m+dp/hard/crtbegin.o

.rel.dyn        0x00000000080005a4        0x0
 .rel.iplt      0x00000000080005a4        0x0 /home/evg/toolchain/gcc-arm-none-eabi-new/bin/../lib/gcc/arm-none-eabi/10.3.1/thumb/v7e-m+dp/hard/crtbegin.o

.rodata         0x00000000080005a4        0x0
                0x00000000080005a4                . = ALIGN (0x4)
 *(.rodata)
 *(.rodata*)
                0x00000000080005a4                . = ALIGN (0x4)

.ARM.extab      0x00000000080005a4        0x0
                0x00000000080005a4                . = ALIGN (0x4)
 *(.ARM.extab* .gnu.linkonce.armextab.*)
                0x00000000080005a4                . = ALIGN (0x4)

.ARM            0x00000000080005a4        0x0
                0x00000000080005a4                . = ALIGN (0x4)
                0x00000000080005a4                __exidx_start = .
 *(.ARM.exidx*)
                0x00000000080005a4                __exidx_end = .
                0x00000000080005a4                . = ALIGN (0x4)

.preinit_array  0x00000000080005a4        0x0
                0x00000000080005a4                . = ALIGN (0x4)
                0x00000000080005a4                PROVIDE (__preinit_array_start = .)
 *(.preinit_array*)
                0x00000000080005a4                PROVIDE (__preinit_array_end = .)
                0x00000000080005a4                . = ALIGN (0x4)

.init_array     0x00000000080005a4        0x4
                0x00000000080005a4                . = ALIGN (0x4)
                0x00000000080005a4                PROVIDE (__init_array_start = .)
 *(SORT_BY_NAME(.init_array.*))
 *(.init_array*)
 .init_array    0x00000000080005a4        0x4 /home/evg/toolchain/gcc-arm-none-eabi-new/bin/../lib/gcc/arm-none-eabi/10.3.1/thumb/v7e-m+dp/hard/crtbegin.o
                0x00000000080005a8                PROVIDE (__init_array_end = .)
                0x00000000080005a8                . = ALIGN (0x4)

.fini_array     0x00000000080005a8        0x4
                0x00000000080005a8                . = ALIGN (0x4)
                [!provide]                        PROVIDE (__fini_array_start = .)
 *(SORT_BY_NAME(.fini_array.*))
 *(.fini_array*)
 .fini_array    0x00000000080005a8        0x4 /home/evg/toolchain/gcc-arm-none-eabi-new/bin/../lib/gcc/arm-none-eabi/10.3.1/thumb/v7e-m+dp/hard/crtbegin.o
                [!provide]                        PROVIDE (__fini_array_end = .)
                0x00000000080005ac                . = ALIGN (0x4)
                0x00000000080005ac                _sidata = LOADADDR (.data)

.data           0x0000000020000000        0x0 load address 0x00000000080005ac
                0x0000000020000000                . = ALIGN (0x4)
                0x0000000020000000                _sdata = .
 *(.data)
 *(.data*)
 *(.RamFunc)
 *(.RamFunc*)
                0x0000000020000000                . = ALIGN (0x4)
                0x0000000020000000                _edata = .
                0x00000000080005ac                _siccmram = LOADADDR (.ccmram)

.igot.plt       0x0000000020000000        0x0 load address 0x00000000080005ac
 .igot.plt      0x0000000020000000        0x0 /home/evg/toolchain/gcc-arm-none-eabi-new/bin/../lib/gcc/arm-none-eabi/10.3.1/thumb/v7e-m+dp/hard/crtbegin.o

.ccmram         0x0000000010000000        0x0 load address 0x00000000080005ac
                0x0000000010000000                . = ALIGN (0x4)
                0x0000000010000000                _sccmram = .
 *(.ccmram)
 *(.ccmram*)
                0x0000000010000000                . = ALIGN (0x4)
                0x0000000010000000                _eccmram = .
                0x0000000010000000                . = ALIGN (0x4)

.bss            0x0000000020000000      0x110
                0x0000000020000000                _sbss = .
                0x0000000020000000                __bss_start__ = _sbss
 *(.bss)
 .bss           0x0000000020000000       0x1c /home/evg/toolchain/gcc-arm-none-eabi-new/bin/../lib/gcc/arm-none-eabi/10.3.1/thumb/v7e-m+dp/hard/crtbegin.o
 *(.bss*)
 .bss.hi2c1     0x000000002000001c       0x54 CMakeFiles/11_Converter.elf.dir/Core/Src/main.c.o
                0x000000002000001c                hi2c1
 .bss.hi2s3     0x0000000020000070       0x48 CMakeFiles/11_Converter.elf.dir/Core/Src/main.c.o
                0x0000000020000070                hi2s3
 .bss.hspi1     0x00000000200000b8       0x58 CMakeFiles/11_Converter.elf.dir/Core/Src/main.c.o
                0x00000000200000b8                hspi1
 *(COMMON)
                0x0000000020000110                . = ALIGN (0x4)
                0x0000000020000110                _ebss = .
                0x0000000020000110                __bss_end__ = _ebss

._user_heap_stack
                0x0000000020000110      0x600
                0x0000000020000110                . = ALIGN (0x8)
                [!provide]                        PROVIDE (end = .)
                [!provide]                        PROVIDE (_end = .)
                0x0000000020000310                . = (. + _Min_Heap_Size)
 *fill*         0x0000000020000110      0x200 
                0x0000000020000710                . = (. + _Min_Stack_Size)
 *fill*         0x0000000020000310      0x400 
                0x0000000020000710                . = ALIGN (0x8)

/DISCARD/
 libc.a(*)
 libm.a(*)
 libgcc.a(*)

.ARM.attributes
                0x0000000000000000       0x2e
 *(.ARM.attributes)
 .ARM.attributes
                0x0000000000000000       0x1e /home/evg/toolchain/gcc-arm-none-eabi-new/bin/../lib/gcc/arm-none-eabi/10.3.1/thumb/v7e-m+dp/hard/crti.o
 .ARM.attributes
                0x000000000000001e       0x32 /home/evg/toolchain/gcc-arm-none-eabi-new/bin/../lib/gcc/arm-none-eabi/10.3.1/thumb/v7e-m+dp/hard/crtbegin.o
 .ARM.attributes
                0x0000000000000050       0x32 /home/evg/toolchain/gcc-arm-none-eabi-new/bin/../lib/gcc/arm-none-eabi/10.3.1/../../../../arm-none-eabi/lib/thumb/v7e-m+dp/hard/libc_nano.a(lib_a-init.o)
 .ARM.attributes
                0x0000000000000082       0x30 CMakeFiles/11_Converter.elf.dir/Core/Src/main.c.o
 .ARM.attributes
                0x00000000000000b2       0x30 CMakeFiles/11_Converter.elf.dir/Core/Src/stm32f4xx_it.c.o
 .ARM.attributes
                0x00000000000000e2       0x30 CMakeFiles/11_Converter.elf.dir/Core/Src/system_stm32f4xx.c.o
 .ARM.attributes
                0x0000000000000112       0x21 CMakeFiles/11_Converter.elf.dir/Drivers/CMSIS/Device/ST/STM32F4xx/Source/Templates/gcc/startup_stm32f407xx.s.o
 .ARM.attributes
                0x0000000000000133       0x1e /home/evg/toolchain/gcc-arm-none-eabi-new/bin/../lib/gcc/arm-none-eabi/10.3.1/thumb/v7e-m+dp/hard/crtn.o
OUTPUT(11_Converter.elf elf32-littlearm)
LOAD linker stubs
LOAD /home/evg/toolchain/gcc-arm-none-eabi-new/bin/../lib/gcc/arm-none-eabi/10.3.1/../../../../arm-none-eabi/lib/thumb/v7e-m+dp/hard/libc.a
LOAD /home/evg/toolchain/gcc-arm-none-eabi-new/bin/../lib/gcc/arm-none-eabi/10.3.1/../../../../arm-none-eabi/lib/thumb/v7e-m+dp/hard/libm.a
LOAD /home/evg/toolchain/gcc-arm-none-eabi-new/bin/../lib/gcc/arm-none-eabi/10.3.1/thumb/v7e-m+dp/hard/libgcc.a

.debug_frame    0x0000000000000000       0x2c
 .debug_frame   0x0000000000000000       0x2c /home/evg/toolchain/gcc-arm-none-eabi-new/bin/../lib/gcc/arm-none-eabi/10.3.1/../../../../arm-none-eabi/lib/thumb/v7e-m+dp/hard/libc_nano.a(lib_a-init.o)

.comment        0x0000000000000000       0x49
 .comment       0x0000000000000000       0x49 CMakeFiles/11_Converter.elf.dir/Core/Src/main.c.o
                                         0x4a (size before relaxing)
 .comment       0x0000000000000049       0x4a CMakeFiles/11_Converter.elf.dir/Core/Src/stm32f4xx_it.c.o
 .comment       0x0000000000000049       0x4a CMakeFiles/11_Converter.elf.dir/Core/Src/system_stm32f4xx.c.o
