------------------------------------------------------------
Timing Analyzer Summary
------------------------------------------------------------

Type  : Slow 1200mV 100C Model Setup 'SCK'
Slack : -11.464
TNS   : -744.268

Type  : Slow 1200mV 100C Model Setup 'inst176|altpll_component|auto_generated|pll1|clk[0]'
Slack : -9.985
TNS   : -580.754

Type  : Slow 1200mV 100C Model Setup 'JUMP_1'
Slack : -9.748
TNS   : -557.460

Type  : Slow 1200mV 100C Model Setup 'unifilter4:inst184|59'
Slack : -6.544
TNS   : -6.544

Type  : Slow 1200mV 100C Model Setup 'unifilter4:inst184|79'
Slack : -6.060
TNS   : -6.643

Type  : Slow 1200mV 100C Model Setup 'unifilter4:inst184|80'
Slack : -5.766
TNS   : -6.331

Type  : Slow 1200mV 100C Model Setup 'PWR_ON'
Slack : -5.716
TNS   : -14.063

Type  : Slow 1200mV 100C Model Setup 'unifilter4:inst184|81'
Slack : -5.186
TNS   : -5.186

Type  : Slow 1200mV 100C Model Setup 'CLK_50MHz'
Slack : -5.034
TNS   : -7.124

Type  : Slow 1200mV 100C Model Setup 'inst169|altpll_component|auto_generated|pll1|clk[0]'
Slack : -3.456
TNS   : -13.637

Type  : Slow 1200mV 100C Model Setup 'unifilter4:inst128|59'
Slack : -2.166
TNS   : -2.166

Type  : Slow 1200mV 100C Model Setup 'unifilter4:inst129|59'
Slack : -1.840
TNS   : -1.840

Type  : Slow 1200mV 100C Model Setup 'inst66'
Slack : -1.449
TNS   : -10.645

Type  : Slow 1200mV 100C Model Setup 'unifilter4:inst128|80'
Slack : -1.119
TNS   : -1.829

Type  : Slow 1200mV 100C Model Setup 'unifilter4:inst129|79'
Slack : -1.110
TNS   : -1.591

Type  : Slow 1200mV 100C Model Setup 'unifilter4:inst129|80'
Slack : -0.956
TNS   : -1.259

Type  : Slow 1200mV 100C Model Setup 'unifilter4:inst128|79'
Slack : -0.827
TNS   : -1.226

Type  : Slow 1200mV 100C Model Setup 'unifilter4:inst129|81'
Slack : -0.736
TNS   : -0.736

Type  : Slow 1200mV 100C Model Setup 'unifilter4:inst128|81'
Slack : -0.689
TNS   : -0.689

Type  : Slow 1200mV 100C Model Setup 'inst38'
Slack : 0.177
TNS   : 0.000

Type  : Slow 1200mV 100C Model Setup 'shrg_ctrl9:inst5|inst4'
Slack : 0.203
TNS   : 0.000

Type  : Slow 1200mV 100C Model Hold 'JUMP_1'
Slack : -3.348
TNS   : -15.104

Type  : Slow 1200mV 100C Model Hold 'PWR_ON'
Slack : -2.432
TNS   : -6.562

Type  : Slow 1200mV 100C Model Hold 'inst176|altpll_component|auto_generated|pll1|clk[0]'
Slack : -0.236
TNS   : -1.474

Type  : Slow 1200mV 100C Model Hold 'inst169|altpll_component|auto_generated|pll1|clk[0]'
Slack : -0.079
TNS   : -0.079

Type  : Slow 1200mV 100C Model Hold 'inst66'
Slack : 0.252
TNS   : 0.000

Type  : Slow 1200mV 100C Model Hold 'SCK'
Slack : 0.389
TNS   : 0.000

Type  : Slow 1200mV 100C Model Hold 'unifilter4:inst129|80'
Slack : 0.392
TNS   : 0.000

Type  : Slow 1200mV 100C Model Hold 'CLK_50MHz'
Slack : 0.416
TNS   : 0.000

Type  : Slow 1200mV 100C Model Hold 'shrg_ctrl9:inst5|inst4'
Slack : 0.449
TNS   : 0.000

Type  : Slow 1200mV 100C Model Hold 'unifilter4:inst128|81'
Slack : 0.449
TNS   : 0.000

Type  : Slow 1200mV 100C Model Hold 'unifilter4:inst129|81'
Slack : 0.449
TNS   : 0.000

Type  : Slow 1200mV 100C Model Hold 'unifilter4:inst184|81'
Slack : 0.449
TNS   : 0.000

Type  : Slow 1200mV 100C Model Hold 'inst38'
Slack : 0.464
TNS   : 0.000

Type  : Slow 1200mV 100C Model Hold 'unifilter4:inst128|79'
Slack : 0.510
TNS   : 0.000

Type  : Slow 1200mV 100C Model Hold 'unifilter4:inst129|79'
Slack : 0.632
TNS   : 0.000

Type  : Slow 1200mV 100C Model Hold 'unifilter4:inst184|80'
Slack : 0.663
TNS   : 0.000

Type  : Slow 1200mV 100C Model Hold 'unifilter4:inst184|79'
Slack : 0.700
TNS   : 0.000

Type  : Slow 1200mV 100C Model Hold 'unifilter4:inst128|80'
Slack : 0.719
TNS   : 0.000

Type  : Slow 1200mV 100C Model Hold 'unifilter4:inst184|59'
Slack : 0.924
TNS   : 0.000

Type  : Slow 1200mV 100C Model Hold 'unifilter4:inst129|59'
Slack : 1.053
TNS   : 0.000

Type  : Slow 1200mV 100C Model Hold 'unifilter4:inst128|59'
Slack : 1.066
TNS   : 0.000

Type  : Slow 1200mV 100C Model Recovery 'SCK'
Slack : -8.352
TNS   : -216.077

Type  : Slow 1200mV 100C Model Recovery 'inst176|altpll_component|auto_generated|pll1|clk[0]'
Slack : -7.377
TNS   : -348.291

Type  : Slow 1200mV 100C Model Recovery 'JUMP_1'
Slack : -6.981
TNS   : -291.229

Type  : Slow 1200mV 100C Model Recovery 'unifilter4:inst128|79'
Slack : -2.795
TNS   : -2.795

Type  : Slow 1200mV 100C Model Recovery 'unifilter4:inst129|59'
Slack : -2.757
TNS   : -2.757

Type  : Slow 1200mV 100C Model Recovery 'unifilter4:inst184|80'
Slack : -2.731
TNS   : -2.731

Type  : Slow 1200mV 100C Model Recovery 'unifilter4:inst129|79'
Slack : -2.636
TNS   : -2.636

Type  : Slow 1200mV 100C Model Recovery 'inst66'
Slack : -2.349
TNS   : -21.141

Type  : Slow 1200mV 100C Model Recovery 'unifilter4:inst184|81'
Slack : -1.949
TNS   : -1.949

Type  : Slow 1200mV 100C Model Recovery 'unifilter4:inst128|81'
Slack : -1.928
TNS   : -1.928

Type  : Slow 1200mV 100C Model Recovery 'inst169|altpll_component|auto_generated|pll1|clk[0]'
Slack : -1.860
TNS   : -7.147

Type  : Slow 1200mV 100C Model Recovery 'unifilter4:inst129|81'
Slack : -1.835
TNS   : -1.835

Type  : Slow 1200mV 100C Model Recovery 'unifilter4:inst184|79'
Slack : -1.813
TNS   : -1.813

Type  : Slow 1200mV 100C Model Recovery 'unifilter4:inst128|80'
Slack : -1.570
TNS   : -1.570

Type  : Slow 1200mV 100C Model Recovery 'CLK_50MHz'
Slack : -1.532
TNS   : -40.264

Type  : Slow 1200mV 100C Model Recovery 'unifilter4:inst129|80'
Slack : -1.380
TNS   : -1.380

Type  : Slow 1200mV 100C Model Recovery 'net_ctrl:inst110|42'
Slack : -1.367
TNS   : -1.367

Type  : Slow 1200mV 100C Model Recovery 'unifilter4:inst184|59'
Slack : -1.282
TNS   : -1.282

Type  : Slow 1200mV 100C Model Recovery 'inst38'
Slack : -1.270
TNS   : -2.540

Type  : Slow 1200mV 100C Model Recovery 'unifilter4:inst128|59'
Slack : -1.245
TNS   : -1.245

Type  : Slow 1200mV 100C Model Recovery 'shrg_ctrl9:inst5|inst4'
Slack : -1.239
TNS   : -1.239

Type  : Slow 1200mV 100C Model Recovery 'PWR_ON'
Slack : -0.334
TNS   : -0.636

Type  : Slow 1200mV 100C Model Removal 'inst176|altpll_component|auto_generated|pll1|clk[0]'
Slack : -1.687
TNS   : -26.720

Type  : Slow 1200mV 100C Model Removal 'PWR_ON'
Slack : -1.463
TNS   : -2.602

Type  : Slow 1200mV 100C Model Removal 'inst169|altpll_component|auto_generated|pll1|clk[0]'
Slack : -1.045
TNS   : -1.509

Type  : Slow 1200mV 100C Model Removal 'JUMP_1'
Slack : -0.982
TNS   : -8.977

Type  : Slow 1200mV 100C Model Removal 'net_ctrl:inst110|42'
Slack : 0.082
TNS   : 0.000

Type  : Slow 1200mV 100C Model Removal 'SCK'
Slack : 0.562
TNS   : 0.000

Type  : Slow 1200mV 100C Model Removal 'inst66'
Slack : 1.054
TNS   : 0.000

Type  : Slow 1200mV 100C Model Removal 'shrg_ctrl9:inst5|inst4'
Slack : 1.226
TNS   : 0.000

Type  : Slow 1200mV 100C Model Removal 'inst38'
Slack : 1.258
TNS   : 0.000

Type  : Slow 1200mV 100C Model Removal 'unifilter4:inst129|80'
Slack : 1.319
TNS   : 0.000

Type  : Slow 1200mV 100C Model Removal 'CLK_50MHz'
Slack : 1.373
TNS   : 0.000

Type  : Slow 1200mV 100C Model Removal 'unifilter4:inst128|59'
Slack : 1.401
TNS   : 0.000

Type  : Slow 1200mV 100C Model Removal 'unifilter4:inst184|59'
Slack : 1.435
TNS   : 0.000

Type  : Slow 1200mV 100C Model Removal 'unifilter4:inst128|80'
Slack : 1.526
TNS   : 0.000

Type  : Slow 1200mV 100C Model Removal 'unifilter4:inst129|81'
Slack : 1.703
TNS   : 0.000

Type  : Slow 1200mV 100C Model Removal 'unifilter4:inst128|81'
Slack : 1.775
TNS   : 0.000

Type  : Slow 1200mV 100C Model Removal 'unifilter4:inst184|79'
Slack : 1.825
TNS   : 0.000

Type  : Slow 1200mV 100C Model Removal 'unifilter4:inst184|81'
Slack : 1.833
TNS   : 0.000

Type  : Slow 1200mV 100C Model Removal 'unifilter4:inst129|79'
Slack : 2.554
TNS   : 0.000

Type  : Slow 1200mV 100C Model Removal 'unifilter4:inst184|80'
Slack : 2.706
TNS   : 0.000

Type  : Slow 1200mV 100C Model Removal 'unifilter4:inst128|79'
Slack : 2.721
TNS   : 0.000

Type  : Slow 1200mV 100C Model Removal 'unifilter4:inst129|59'
Slack : 2.870
TNS   : 0.000

Type  : Slow 1200mV 100C Model Minimum Pulse Width 'JUMP_1'
Slack : -3.000
TNS   : -206.466

Type  : Slow 1200mV 100C Model Minimum Pulse Width 'SCK'
Slack : -3.000
TNS   : -154.300

Type  : Slow 1200mV 100C Model Minimum Pulse Width 'PWR_ON'
Slack : -3.000
TNS   : -10.710

Type  : Slow 1200mV 100C Model Minimum Pulse Width 'inst66'
Slack : -1.285
TNS   : -11.565

Type  : Slow 1200mV 100C Model Minimum Pulse Width 'inst38'
Slack : -1.285
TNS   : -2.570

Type  : Slow 1200mV 100C Model Minimum Pulse Width 'unifilter4:inst128|79'
Slack : -1.285
TNS   : -2.570

Type  : Slow 1200mV 100C Model Minimum Pulse Width 'unifilter4:inst128|80'
Slack : -1.285
TNS   : -2.570

Type  : Slow 1200mV 100C Model Minimum Pulse Width 'unifilter4:inst128|81'
Slack : -1.285
TNS   : -2.570

Type  : Slow 1200mV 100C Model Minimum Pulse Width 'unifilter4:inst129|79'
Slack : -1.285
TNS   : -2.570

Type  : Slow 1200mV 100C Model Minimum Pulse Width 'unifilter4:inst129|80'
Slack : -1.285
TNS   : -2.570

Type  : Slow 1200mV 100C Model Minimum Pulse Width 'unifilter4:inst129|81'
Slack : -1.285
TNS   : -2.570

Type  : Slow 1200mV 100C Model Minimum Pulse Width 'unifilter4:inst184|79'
Slack : -1.285
TNS   : -2.570

Type  : Slow 1200mV 100C Model Minimum Pulse Width 'unifilter4:inst184|80'
Slack : -1.285
TNS   : -2.570

Type  : Slow 1200mV 100C Model Minimum Pulse Width 'unifilter4:inst184|81'
Slack : -1.285
TNS   : -2.570

Type  : Slow 1200mV 100C Model Minimum Pulse Width 'net_ctrl:inst110|42'
Slack : -1.285
TNS   : -1.285

Type  : Slow 1200mV 100C Model Minimum Pulse Width 'shrg_ctrl9:inst5|inst4'
Slack : -1.285
TNS   : -1.285

Type  : Slow 1200mV 100C Model Minimum Pulse Width 'unifilter4:inst128|59'
Slack : -1.285
TNS   : -1.285

Type  : Slow 1200mV 100C Model Minimum Pulse Width 'unifilter4:inst129|59'
Slack : -1.285
TNS   : -1.285

Type  : Slow 1200mV 100C Model Minimum Pulse Width 'unifilter4:inst184|59'
Slack : -1.285
TNS   : -1.285

Type  : Slow 1200mV 100C Model Minimum Pulse Width 'inst169|altpll_component|auto_generated|pll1|clk[0]'
Slack : 2.815
TNS   : 0.000

Type  : Slow 1200mV 100C Model Minimum Pulse Width 'inst176|altpll_component|auto_generated|pll1|clk[0]'
Slack : 4.475
TNS   : 0.000

Type  : Slow 1200mV 100C Model Minimum Pulse Width 'CLK_50MHz'
Slack : 9.730
TNS   : 0.000

Type  : Slow 1200mV -40C Model Setup 'SCK'
Slack : -10.217
TNS   : -661.959

Type  : Slow 1200mV -40C Model Setup 'inst176|altpll_component|auto_generated|pll1|clk[0]'
Slack : -8.799
TNS   : -514.630

Type  : Slow 1200mV -40C Model Setup 'JUMP_1'
Slack : -8.656
TNS   : -498.265

Type  : Slow 1200mV -40C Model Setup 'unifilter4:inst184|59'
Slack : -5.722
TNS   : -5.722

Type  : Slow 1200mV -40C Model Setup 'unifilter4:inst184|79'
Slack : -5.245
TNS   : -5.708

Type  : Slow 1200mV -40C Model Setup 'unifilter4:inst184|80'
Slack : -4.972
TNS   : -5.408

Type  : Slow 1200mV -40C Model Setup 'PWR_ON'
Slack : -4.887
TNS   : -11.187

Type  : Slow 1200mV -40C Model Setup 'CLK_50MHz'
Slack : -4.644
TNS   : -6.405

Type  : Slow 1200mV -40C Model Setup 'unifilter4:inst184|81'
Slack : -4.544
TNS   : -4.544

Type  : Slow 1200mV -40C Model Setup 'inst169|altpll_component|auto_generated|pll1|clk[0]'
Slack : -3.094
TNS   : -12.286

Type  : Slow 1200mV -40C Model Setup 'unifilter4:inst128|59'
Slack : -2.004
TNS   : -2.004

Type  : Slow 1200mV -40C Model Setup 'unifilter4:inst129|59'
Slack : -1.702
TNS   : -1.702

Type  : Slow 1200mV -40C Model Setup 'inst66'
Slack : -1.134
TNS   : -8.208

Type  : Slow 1200mV -40C Model Setup 'unifilter4:inst128|80'
Slack : -0.821
TNS   : -1.393

Type  : Slow 1200mV -40C Model Setup 'unifilter4:inst129|79'
Slack : -0.764
TNS   : -1.123

Type  : Slow 1200mV -40C Model Setup 'unifilter4:inst129|81'
Slack : -0.726
TNS   : -0.726

Type  : Slow 1200mV -40C Model Setup 'unifilter4:inst128|81'
Slack : -0.677
TNS   : -0.677

Type  : Slow 1200mV -40C Model Setup 'unifilter4:inst129|80'
Slack : -0.629
TNS   : -0.852

Type  : Slow 1200mV -40C Model Setup 'unifilter4:inst128|79'
Slack : -0.549
TNS   : -0.849

Type  : Slow 1200mV -40C Model Setup 'inst38'
Slack : 0.294
TNS   : 0.000

Type  : Slow 1200mV -40C Model Setup 'shrg_ctrl9:inst5|inst4'
Slack : 0.320
TNS   : 0.000

Type  : Slow 1200mV -40C Model Hold 'JUMP_1'
Slack : -3.099
TNS   : -13.575

Type  : Slow 1200mV -40C Model Hold 'PWR_ON'
Slack : -2.252
TNS   : -6.102

Type  : Slow 1200mV -40C Model Hold 'inst176|altpll_component|auto_generated|pll1|clk[0]'
Slack : -0.459
TNS   : -4.277

Type  : Slow 1200mV -40C Model Hold 'inst169|altpll_component|auto_generated|pll1|clk[0]'
Slack : -0.246
TNS   : -0.481

Type  : Slow 1200mV -40C Model Hold 'inst66'
Slack : 0.184
TNS   : 0.000

Type  : Slow 1200mV -40C Model Hold 'CLK_50MHz'
Slack : 0.345
TNS   : 0.000

Type  : Slow 1200mV -40C Model Hold 'shrg_ctrl9:inst5|inst4'
Slack : 0.382
TNS   : 0.000

Type  : Slow 1200mV -40C Model Hold 'unifilter4:inst128|81'
Slack : 0.382
TNS   : 0.000

Type  : Slow 1200mV -40C Model Hold 'unifilter4:inst129|81'
Slack : 0.382
TNS   : 0.000

Type  : Slow 1200mV -40C Model Hold 'unifilter4:inst184|81'
Slack : 0.382
TNS   : 0.000

Type  : Slow 1200mV -40C Model Hold 'SCK'
Slack : 0.385
TNS   : 0.000

Type  : Slow 1200mV -40C Model Hold 'unifilter4:inst129|80'
Slack : 0.388
TNS   : 0.000

Type  : Slow 1200mV -40C Model Hold 'inst38'
Slack : 0.416
TNS   : 0.000

Type  : Slow 1200mV -40C Model Hold 'unifilter4:inst128|79'
Slack : 0.455
TNS   : 0.000

Type  : Slow 1200mV -40C Model Hold 'unifilter4:inst129|79'
Slack : 0.582
TNS   : 0.000

Type  : Slow 1200mV -40C Model Hold 'unifilter4:inst184|79'
Slack : 0.623
TNS   : 0.000

Type  : Slow 1200mV -40C Model Hold 'unifilter4:inst184|80'
Slack : 0.625
TNS   : 0.000

Type  : Slow 1200mV -40C Model Hold 'unifilter4:inst128|80'
Slack : 0.641
TNS   : 0.000

Type  : Slow 1200mV -40C Model Hold 'unifilter4:inst184|59'
Slack : 0.803
TNS   : 0.000

Type  : Slow 1200mV -40C Model Hold 'unifilter4:inst129|59'
Slack : 0.917
TNS   : 0.000

Type  : Slow 1200mV -40C Model Hold 'unifilter4:inst128|59'
Slack : 0.925
TNS   : 0.000

Type  : Slow 1200mV -40C Model Recovery 'SCK'
Slack : -7.456
TNS   : -196.050

Type  : Slow 1200mV -40C Model Recovery 'inst176|altpll_component|auto_generated|pll1|clk[0]'
Slack : -6.522
TNS   : -300.997

Type  : Slow 1200mV -40C Model Recovery 'JUMP_1'
Slack : -6.297
TNS   : -260.508

Type  : Slow 1200mV -40C Model Recovery 'unifilter4:inst129|59'
Slack : -2.535
TNS   : -2.535

Type  : Slow 1200mV -40C Model Recovery 'unifilter4:inst128|79'
Slack : -2.433
TNS   : -2.433

Type  : Slow 1200mV -40C Model Recovery 'unifilter4:inst184|80'
Slack : -2.407
TNS   : -2.407

Type  : Slow 1200mV -40C Model Recovery 'unifilter4:inst129|79'
Slack : -2.302
TNS   : -2.302

Type  : Slow 1200mV -40C Model Recovery 'inst66'
Slack : -1.971
TNS   : -17.739

Type  : Slow 1200mV -40C Model Recovery 'inst169|altpll_component|auto_generated|pll1|clk[0]'
Slack : -1.809
TNS   : -6.399

Type  : Slow 1200mV -40C Model Recovery 'unifilter4:inst184|79'
Slack : -1.618
TNS   : -1.618

Type  : Slow 1200mV -40C Model Recovery 'unifilter4:inst184|81'
Slack : -1.616
TNS   : -1.616

Type  : Slow 1200mV -40C Model Recovery 'unifilter4:inst128|81'
Slack : -1.598
TNS   : -1.598

Type  : Slow 1200mV -40C Model Recovery 'unifilter4:inst129|81'
Slack : -1.518
TNS   : -1.518

Type  : Slow 1200mV -40C Model Recovery 'unifilter4:inst128|80'
Slack : -1.412
TNS   : -1.412

Type  : Slow 1200mV -40C Model Recovery 'unifilter4:inst129|80'
Slack : -1.257
TNS   : -1.257

Type  : Slow 1200mV -40C Model Recovery 'unifilter4:inst184|59'
Slack : -1.184
TNS   : -1.184

Type  : Slow 1200mV -40C Model Recovery 'CLK_50MHz'
Slack : -1.179
TNS   : -30.857

Type  : Slow 1200mV -40C Model Recovery 'unifilter4:inst128|59'
Slack : -1.153
TNS   : -1.153

Type  : Slow 1200mV -40C Model Recovery 'net_ctrl:inst110|42'
Slack : -1.137
TNS   : -1.137

Type  : Slow 1200mV -40C Model Recovery 'inst38'
Slack : -0.977
TNS   : -1.954

Type  : Slow 1200mV -40C Model Recovery 'shrg_ctrl9:inst5|inst4'
Slack : -0.945
TNS   : -0.945

Type  : Slow 1200mV -40C Model Recovery 'PWR_ON'
Slack : 0.057
TNS   : 0.000

Type  : Slow 1200mV -40C Model Removal 'inst176|altpll_component|auto_generated|pll1|clk[0]'
Slack : -1.608
TNS   : -27.933

Type  : Slow 1200mV -40C Model Removal 'PWR_ON'
Slack : -1.325
TNS   : -2.318

Type  : Slow 1200mV -40C Model Removal 'JUMP_1'
Slack : -0.890
TNS   : -10.244

Type  : Slow 1200mV -40C Model Removal 'inst169|altpll_component|auto_generated|pll1|clk[0]'
Slack : -0.879
TNS   : -1.531

Type  : Slow 1200mV -40C Model Removal 'net_ctrl:inst110|42'
Slack : 0.041
TNS   : 0.000

Type  : Slow 1200mV -40C Model Removal 'SCK'
Slack : 0.399
TNS   : 0.000

Type  : Slow 1200mV -40C Model Removal 'inst66'
Slack : 0.927
TNS   : 0.000

Type  : Slow 1200mV -40C Model Removal 'shrg_ctrl9:inst5|inst4'
Slack : 1.117
TNS   : 0.000

Type  : Slow 1200mV -40C Model Removal 'unifilter4:inst129|80'
Slack : 1.137
TNS   : 0.000

Type  : Slow 1200mV -40C Model Removal 'inst38'
Slack : 1.151
TNS   : 0.000

Type  : Slow 1200mV -40C Model Removal 'unifilter4:inst128|59'
Slack : 1.211
TNS   : 0.000

Type  : Slow 1200mV -40C Model Removal 'unifilter4:inst184|59'
Slack : 1.249
TNS   : 0.000

Type  : Slow 1200mV -40C Model Removal 'unifilter4:inst128|80'
Slack : 1.294
TNS   : 0.000

Type  : Slow 1200mV -40C Model Removal 'CLK_50MHz'
Slack : 1.333
TNS   : 0.000

Type  : Slow 1200mV -40C Model Removal 'unifilter4:inst184|79'
Slack : 1.547
TNS   : 0.000

Type  : Slow 1200mV -40C Model Removal 'unifilter4:inst129|81'
Slack : 1.550
TNS   : 0.000

Type  : Slow 1200mV -40C Model Removal 'unifilter4:inst128|81'
Slack : 1.615
TNS   : 0.000

Type  : Slow 1200mV -40C Model Removal 'unifilter4:inst184|81'
Slack : 1.653
TNS   : 0.000

Type  : Slow 1200mV -40C Model Removal 'unifilter4:inst129|79'
Slack : 2.164
TNS   : 0.000

Type  : Slow 1200mV -40C Model Removal 'unifilter4:inst128|79'
Slack : 2.291
TNS   : 0.000

Type  : Slow 1200mV -40C Model Removal 'unifilter4:inst184|80'
Slack : 2.304
TNS   : 0.000

Type  : Slow 1200mV -40C Model Removal 'unifilter4:inst129|59'
Slack : 2.468
TNS   : 0.000

Type  : Slow 1200mV -40C Model Minimum Pulse Width 'JUMP_1'
Slack : -3.000
TNS   : -193.156

Type  : Slow 1200mV -40C Model Minimum Pulse Width 'SCK'
Slack : -3.000
TNS   : -153.324

Type  : Slow 1200mV -40C Model Minimum Pulse Width 'PWR_ON'
Slack : -3.000
TNS   : -10.710

Type  : Slow 1200mV -40C Model Minimum Pulse Width 'inst66'
Slack : -1.285
TNS   : -11.565

Type  : Slow 1200mV -40C Model Minimum Pulse Width 'inst38'
Slack : -1.285
TNS   : -2.570

Type  : Slow 1200mV -40C Model Minimum Pulse Width 'unifilter4:inst128|79'
Slack : -1.285
TNS   : -2.570

Type  : Slow 1200mV -40C Model Minimum Pulse Width 'unifilter4:inst128|80'
Slack : -1.285
TNS   : -2.570

Type  : Slow 1200mV -40C Model Minimum Pulse Width 'unifilter4:inst128|81'
Slack : -1.285
TNS   : -2.570

Type  : Slow 1200mV -40C Model Minimum Pulse Width 'unifilter4:inst129|79'
Slack : -1.285
TNS   : -2.570

Type  : Slow 1200mV -40C Model Minimum Pulse Width 'unifilter4:inst129|80'
Slack : -1.285
TNS   : -2.570

Type  : Slow 1200mV -40C Model Minimum Pulse Width 'unifilter4:inst129|81'
Slack : -1.285
TNS   : -2.570

Type  : Slow 1200mV -40C Model Minimum Pulse Width 'unifilter4:inst184|79'
Slack : -1.285
TNS   : -2.570

Type  : Slow 1200mV -40C Model Minimum Pulse Width 'unifilter4:inst184|80'
Slack : -1.285
TNS   : -2.570

Type  : Slow 1200mV -40C Model Minimum Pulse Width 'unifilter4:inst184|81'
Slack : -1.285
TNS   : -2.570

Type  : Slow 1200mV -40C Model Minimum Pulse Width 'net_ctrl:inst110|42'
Slack : -1.285
TNS   : -1.285

Type  : Slow 1200mV -40C Model Minimum Pulse Width 'shrg_ctrl9:inst5|inst4'
Slack : -1.285
TNS   : -1.285

Type  : Slow 1200mV -40C Model Minimum Pulse Width 'unifilter4:inst128|59'
Slack : -1.285
TNS   : -1.285

Type  : Slow 1200mV -40C Model Minimum Pulse Width 'unifilter4:inst129|59'
Slack : -1.285
TNS   : -1.285

Type  : Slow 1200mV -40C Model Minimum Pulse Width 'unifilter4:inst184|59'
Slack : -1.285
TNS   : -1.285

Type  : Slow 1200mV -40C Model Minimum Pulse Width 'inst169|altpll_component|auto_generated|pll1|clk[0]'
Slack : 2.780
TNS   : 0.000

Type  : Slow 1200mV -40C Model Minimum Pulse Width 'inst176|altpll_component|auto_generated|pll1|clk[0]'
Slack : 4.289
TNS   : 0.000

Type  : Slow 1200mV -40C Model Minimum Pulse Width 'CLK_50MHz'
Slack : 9.755
TNS   : 0.000

Type  : Fast 1200mV -40C Model Setup 'SCK'
Slack : -5.584
TNS   : -349.043

Type  : Fast 1200mV -40C Model Setup 'inst176|altpll_component|auto_generated|pll1|clk[0]'
Slack : -5.046
TNS   : -301.532

Type  : Fast 1200mV -40C Model Setup 'JUMP_1'
Slack : -4.846
TNS   : -270.796

Type  : Fast 1200mV -40C Model Setup 'unifilter4:inst184|59'
Slack : -3.145
TNS   : -3.145

Type  : Fast 1200mV -40C Model Setup 'unifilter4:inst184|79'
Slack : -2.982
TNS   : -2.982

Type  : Fast 1200mV -40C Model Setup 'unifilter4:inst184|80'
Slack : -2.852
TNS   : -2.852

Type  : Fast 1200mV -40C Model Setup 'PWR_ON'
Slack : -2.795
TNS   : -6.940

Type  : Fast 1200mV -40C Model Setup 'unifilter4:inst184|81'
Slack : -2.545
TNS   : -2.545

Type  : Fast 1200mV -40C Model Setup 'CLK_50MHz'
Slack : -2.393
TNS   : -3.064

Type  : Fast 1200mV -40C Model Setup 'inst169|altpll_component|auto_generated|pll1|clk[0]'
Slack : -1.771
TNS   : -6.430

Type  : Fast 1200mV -40C Model Setup 'unifilter4:inst129|79'
Slack : -0.698
TNS   : -0.698

Type  : Fast 1200mV -40C Model Setup 'unifilter4:inst128|80'
Slack : -0.674
TNS   : -0.684

Type  : Fast 1200mV -40C Model Setup 'unifilter4:inst128|59'
Slack : -0.667
TNS   : -0.667

Type  : Fast 1200mV -40C Model Setup 'unifilter4:inst129|80'
Slack : -0.627
TNS   : -0.627

Type  : Fast 1200mV -40C Model Setup 'unifilter4:inst128|79'
Slack : -0.549
TNS   : -0.549

Type  : Fast 1200mV -40C Model Setup 'unifilter4:inst129|59'
Slack : -0.516
TNS   : -0.516

Type  : Fast 1200mV -40C Model Setup 'inst66'
Slack : -0.156
TNS   : -0.616

Type  : Fast 1200mV -40C Model Setup 'unifilter4:inst128|81'
Slack : -0.011
TNS   : -0.011

Type  : Fast 1200mV -40C Model Setup 'unifilter4:inst129|81'
Slack : -0.009
TNS   : -0.009

Type  : Fast 1200mV -40C Model Setup 'inst38'
Slack : 0.627
TNS   : 0.000

Type  : Fast 1200mV -40C Model Setup 'shrg_ctrl9:inst5|inst4'
Slack : 0.642
TNS   : 0.000

Type  : Fast 1200mV -40C Model Hold 'JUMP_1'
Slack : -1.511
TNS   : -11.449

Type  : Fast 1200mV -40C Model Hold 'PWR_ON'
Slack : -1.104
TNS   : -2.973

Type  : Fast 1200mV -40C Model Hold 'inst176|altpll_component|auto_generated|pll1|clk[0]'
Slack : -0.337
TNS   : -2.994

Type  : Fast 1200mV -40C Model Hold 'inst169|altpll_component|auto_generated|pll1|clk[0]'
Slack : -0.139
TNS   : -0.239

Type  : Fast 1200mV -40C Model Hold 'inst66'
Slack : 0.086
TNS   : 0.000

Type  : Fast 1200mV -40C Model Hold 'unifilter4:inst129|80'
Slack : 0.126
TNS   : 0.000

Type  : Fast 1200mV -40C Model Hold 'SCK'
Slack : 0.154
TNS   : 0.000

Type  : Fast 1200mV -40C Model Hold 'CLK_50MHz'
Slack : 0.180
TNS   : 0.000

Type  : Fast 1200mV -40C Model Hold 'inst38'
Slack : 0.196
TNS   : 0.000

Type  : Fast 1200mV -40C Model Hold 'shrg_ctrl9:inst5|inst4'
Slack : 0.197
TNS   : 0.000

Type  : Fast 1200mV -40C Model Hold 'unifilter4:inst128|81'
Slack : 0.197
TNS   : 0.000

Type  : Fast 1200mV -40C Model Hold 'unifilter4:inst129|81'
Slack : 0.197
TNS   : 0.000

Type  : Fast 1200mV -40C Model Hold 'unifilter4:inst184|81'
Slack : 0.197
TNS   : 0.000

Type  : Fast 1200mV -40C Model Hold 'unifilter4:inst128|79'
Slack : 0.199
TNS   : 0.000

Type  : Fast 1200mV -40C Model Hold 'unifilter4:inst184|80'
Slack : 0.244
TNS   : 0.000

Type  : Fast 1200mV -40C Model Hold 'unifilter4:inst129|79'
Slack : 0.246
TNS   : 0.000

Type  : Fast 1200mV -40C Model Hold 'unifilter4:inst184|79'
Slack : 0.270
TNS   : 0.000

Type  : Fast 1200mV -40C Model Hold 'unifilter4:inst128|80'
Slack : 0.285
TNS   : 0.000

Type  : Fast 1200mV -40C Model Hold 'unifilter4:inst184|59'
Slack : 0.397
TNS   : 0.000

Type  : Fast 1200mV -40C Model Hold 'unifilter4:inst129|59'
Slack : 0.453
TNS   : 0.000

Type  : Fast 1200mV -40C Model Hold 'unifilter4:inst128|59'
Slack : 0.459
TNS   : 0.000

Type  : Fast 1200mV -40C Model Recovery 'SCK'
Slack : -4.513
TNS   : -99.467

Type  : Fast 1200mV -40C Model Recovery 'inst176|altpll_component|auto_generated|pll1|clk[0]'
Slack : -4.489
TNS   : -202.847

Type  : Fast 1200mV -40C Model Recovery 'JUMP_1'
Slack : -3.763
TNS   : -149.354

Type  : Fast 1200mV -40C Model Recovery 'inst169|altpll_component|auto_generated|pll1|clk[0]'
Slack : -1.432
TNS   : -5.828

Type  : Fast 1200mV -40C Model Recovery 'inst66'
Slack : -1.074
TNS   : -9.666

Type  : Fast 1200mV -40C Model Recovery 'unifilter4:inst184|80'
Slack : -1.073
TNS   : -1.073

Type  : Fast 1200mV -40C Model Recovery 'unifilter4:inst128|79'
Slack : -1.066
TNS   : -1.066

Type  : Fast 1200mV -40C Model Recovery 'unifilter4:inst129|59'
Slack : -1.048
TNS   : -1.048

Type  : Fast 1200mV -40C Model Recovery 'unifilter4:inst184|81'
Slack : -1.029
TNS   : -1.029

Type  : Fast 1200mV -40C Model Recovery 'unifilter4:inst128|81'
Slack : -1.012
TNS   : -1.012

Type  : Fast 1200mV -40C Model Recovery 'unifilter4:inst129|79'
Slack : -0.986
TNS   : -0.986

Type  : Fast 1200mV -40C Model Recovery 'unifilter4:inst129|81'
Slack : -0.961
TNS   : -0.961

Type  : Fast 1200mV -40C Model Recovery 'CLK_50MHz'
Slack : -0.899
TNS   : -23.470

Type  : Fast 1200mV -40C Model Recovery 'inst38'
Slack : -0.745
TNS   : -1.490

Type  : Fast 1200mV -40C Model Recovery 'shrg_ctrl9:inst5|inst4'
Slack : -0.736
TNS   : -0.736

Type  : Fast 1200mV -40C Model Recovery 'net_ctrl:inst110|42'
Slack : -0.653
TNS   : -0.653

Type  : Fast 1200mV -40C Model Recovery 'PWR_ON'
Slack : -0.594
TNS   : -1.640

Type  : Fast 1200mV -40C Model Recovery 'unifilter4:inst184|79'
Slack : -0.574
TNS   : -0.574

Type  : Fast 1200mV -40C Model Recovery 'unifilter4:inst128|80'
Slack : -0.451
TNS   : -0.451

Type  : Fast 1200mV -40C Model Recovery 'unifilter4:inst129|80'
Slack : -0.349
TNS   : -0.349

Type  : Fast 1200mV -40C Model Recovery 'unifilter4:inst184|59'
Slack : -0.309
TNS   : -0.309

Type  : Fast 1200mV -40C Model Recovery 'unifilter4:inst128|59'
Slack : -0.291
TNS   : -0.291

Type  : Fast 1200mV -40C Model Removal 'inst176|altpll_component|auto_generated|pll1|clk[0]'
Slack : -0.890
TNS   : -13.273

Type  : Fast 1200mV -40C Model Removal 'PWR_ON'
Slack : -0.633
TNS   : -1.100

Type  : Fast 1200mV -40C Model Removal 'inst169|altpll_component|auto_generated|pll1|clk[0]'
Slack : -0.529
TNS   : -0.957

Type  : Fast 1200mV -40C Model Removal 'JUMP_1'
Slack : -0.409
TNS   : -4.023

Type  : Fast 1200mV -40C Model Removal 'SCK'
Slack : 0.320
TNS   : 0.000

Type  : Fast 1200mV -40C Model Removal 'net_ctrl:inst110|42'
Slack : 0.337
TNS   : 0.000

Type  : Fast 1200mV -40C Model Removal 'inst66'
Slack : 0.499
TNS   : 0.000

Type  : Fast 1200mV -40C Model Removal 'CLK_50MHz'
Slack : 0.561
TNS   : 0.000

Type  : Fast 1200mV -40C Model Removal 'shrg_ctrl9:inst5|inst4'
Slack : 0.567
TNS   : 0.000

Type  : Fast 1200mV -40C Model Removal 'inst38'
Slack : 0.576
TNS   : 0.000

Type  : Fast 1200mV -40C Model Removal 'unifilter4:inst129|80'
Slack : 0.683
TNS   : 0.000

Type  : Fast 1200mV -40C Model Removal 'unifilter4:inst129|81'
Slack : 0.787
TNS   : 0.000

Type  : Fast 1200mV -40C Model Removal 'unifilter4:inst128|80'
Slack : 0.791
TNS   : 0.000

Type  : Fast 1200mV -40C Model Removal 'unifilter4:inst128|81'
Slack : 0.809
TNS   : 0.000

Type  : Fast 1200mV -40C Model Removal 'unifilter4:inst184|81'
Slack : 0.843
TNS   : 0.000

Type  : Fast 1200mV -40C Model Removal 'unifilter4:inst184|79'
Slack : 0.930
TNS   : 0.000

Type  : Fast 1200mV -40C Model Removal 'unifilter4:inst128|59'
Slack : 1.000
TNS   : 0.000

Type  : Fast 1200mV -40C Model Removal 'unifilter4:inst184|59'
Slack : 1.030
TNS   : 0.000

Type  : Fast 1200mV -40C Model Removal 'unifilter4:inst129|79'
Slack : 1.310
TNS   : 0.000

Type  : Fast 1200mV -40C Model Removal 'unifilter4:inst128|79'
Slack : 1.390
TNS   : 0.000

Type  : Fast 1200mV -40C Model Removal 'unifilter4:inst184|80'
Slack : 1.408
TNS   : 0.000

Type  : Fast 1200mV -40C Model Removal 'unifilter4:inst129|59'
Slack : 1.781
TNS   : 0.000

Type  : Fast 1200mV -40C Model Minimum Pulse Width 'JUMP_1'
Slack : -3.000
TNS   : -164.421

Type  : Fast 1200mV -40C Model Minimum Pulse Width 'SCK'
Slack : -3.000
TNS   : -126.987

Type  : Fast 1200mV -40C Model Minimum Pulse Width 'PWR_ON'
Slack : -3.000
TNS   : -10.144

Type  : Fast 1200mV -40C Model Minimum Pulse Width 'inst66'
Slack : -1.000
TNS   : -9.000

Type  : Fast 1200mV -40C Model Minimum Pulse Width 'inst38'
Slack : -1.000
TNS   : -2.000

Type  : Fast 1200mV -40C Model Minimum Pulse Width 'unifilter4:inst128|79'
Slack : -1.000
TNS   : -2.000

Type  : Fast 1200mV -40C Model Minimum Pulse Width 'unifilter4:inst128|80'
Slack : -1.000
TNS   : -2.000

Type  : Fast 1200mV -40C Model Minimum Pulse Width 'unifilter4:inst128|81'
Slack : -1.000
TNS   : -2.000

Type  : Fast 1200mV -40C Model Minimum Pulse Width 'unifilter4:inst129|79'
Slack : -1.000
TNS   : -2.000

Type  : Fast 1200mV -40C Model Minimum Pulse Width 'unifilter4:inst129|80'
Slack : -1.000
TNS   : -2.000

Type  : Fast 1200mV -40C Model Minimum Pulse Width 'unifilter4:inst129|81'
Slack : -1.000
TNS   : -2.000

Type  : Fast 1200mV -40C Model Minimum Pulse Width 'unifilter4:inst184|79'
Slack : -1.000
TNS   : -2.000

Type  : Fast 1200mV -40C Model Minimum Pulse Width 'unifilter4:inst184|80'
Slack : -1.000
TNS   : -2.000

Type  : Fast 1200mV -40C Model Minimum Pulse Width 'unifilter4:inst184|81'
Slack : -1.000
TNS   : -2.000

Type  : Fast 1200mV -40C Model Minimum Pulse Width 'net_ctrl:inst110|42'
Slack : -1.000
TNS   : -1.000

Type  : Fast 1200mV -40C Model Minimum Pulse Width 'shrg_ctrl9:inst5|inst4'
Slack : -1.000
TNS   : -1.000

Type  : Fast 1200mV -40C Model Minimum Pulse Width 'unifilter4:inst128|59'
Slack : -1.000
TNS   : -1.000

Type  : Fast 1200mV -40C Model Minimum Pulse Width 'unifilter4:inst129|59'
Slack : -1.000
TNS   : -1.000

Type  : Fast 1200mV -40C Model Minimum Pulse Width 'unifilter4:inst184|59'
Slack : -1.000
TNS   : -1.000

Type  : Fast 1200mV -40C Model Minimum Pulse Width 'inst169|altpll_component|auto_generated|pll1|clk[0]'
Slack : 2.830
TNS   : 0.000

Type  : Fast 1200mV -40C Model Minimum Pulse Width 'inst176|altpll_component|auto_generated|pll1|clk[0]'
Slack : 4.269
TNS   : 0.000

Type  : Fast 1200mV -40C Model Minimum Pulse Width 'CLK_50MHz'
Slack : 9.438
TNS   : 0.000

------------------------------------------------------------
