/home/evg/SOFT/Github/GIT/11_Converter/STM32F407/Core/Src/stm32f4xx_hal_msp.c:63:6:HAL_MspInit	8	static
/home/evg/SOFT/Github/GIT/11_Converter/STM32F407/Core/Src/stm32f4xx_hal_msp.c:87:6:HAL_I2C_MspInit	48	static
/home/evg/SOFT/Github/GIT/11_Converter/STM32F407/Core/Src/stm32f4xx_hal_msp.c:123:6:HAL_I2C_MspDeInit	8	static
/home/evg/SOFT/Github/GIT/11_Converter/STM32F407/Core/Src/stm32f4xx_hal_msp.c:154:6:HAL_I2S_MspInit	72	static
/home/evg/SOFT/Github/GIT/11_Converter/STM32F407/Core/Src/stm32f4xx_hal_msp.c:211:6:HAL_I2S_MspDeInit	8	static
/home/evg/SOFT/Github/GIT/11_Converter/STM32F407/Core/Src/stm32f4xx_hal_msp.c:244:6:HAL_SPI_MspInit	40	static
/home/evg/SOFT/Github/GIT/11_Converter/STM32F407/Core/Src/stm32f4xx_hal_msp.c:281:6:HAL_SPI_MspDeInit	0	static
