api_msg.c:218:1:recv_udp	40	static
api_msg.c:159:1:recv_raw	32	static
api_msg.c:680:1:lwip_netconn_do_newconn	16	static
api_msg.c:705:1:netconn_alloc	16	static
api_msg.c:794:1:netconn_free	16	static
api_msg.c:1113:1:lwip_netconn_do_delconn	24	static
api_msg.c:1216:1:lwip_netconn_do_bind	8	static
api_msg.c:1256:1:lwip_netconn_do_bind_if	8	static
api_msg.c:1350:1:lwip_netconn_do_connect	8	static
api_msg.c:1425:1:lwip_netconn_do_disconnect	8	static
api_msg.c:1532:1:lwip_netconn_do_send	8	static
api_msg.c:1813:1:lwip_netconn_do_write	8	static
api_msg.c:1867:1:lwip_netconn_do_getaddr	8	static
api_msg.c:1934:1:lwip_netconn_do_close	0	static
api_msg.c:2014:1:lwip_netconn_do_join_leave_group	8	static
api_msg.c:2060:1:lwip_netconn_do_join_leave_group_netif	8	static
