main.c:100:5:main	48	static
main.c:185:6:SystemClock_Config	88	static
main.c:237:6:PeriphCommonClock_Config	152	static
main.c:261:13:MX_CAN1_Init	8	static
main.c:298:13:MX_ETH_Init	8	static
main.c:345:13:MX_I2C1_Init	8	static
main.c:391:13:MX_I2C2_Init	8	static
main.c:437:13:MX_RNG_Init	8	static
main.c:463:13:MX_RTC_Init	40	static
main.c:525:13:MX_SAI1_Init	8	static
main.c:574:13:MX_UART7_Init	8	static
main.c:607:13:MX_DMA_Init	16	static
main.c:631:13:MX_FMC_Init	40	static
main.c:724:13:MX_GPIO_Init	64	static
main.c:812:6:StartDefaultTask	16	static
main.c:831:6:HAL_TIM_PeriodElapsedCallback	16	static
main.c:848:6:Error_Handler	4	static
