stm32f7xx_hal_msp.c:66:6:HAL_MspInit	16	static
stm32f7xx_hal_msp.c:90:6:HAL_CAN_MspInit	48	static
stm32f7xx_hal_msp.c:126:6:HAL_CAN_MspDeInit	16	static
stm32f7xx_hal_msp.c:155:6:HAL_ETH_MspInit	64	static
stm32f7xx_hal_msp.c:232:6:HAL_ETH_MspDeInit	16	static
stm32f7xx_hal_msp.c:284:6:HAL_I2C_MspInit	200	static
stm32f7xx_hal_msp.c:405:6:HAL_I2C_MspDeInit	16	static
stm32f7xx_hal_msp.c:463:6:HAL_RNG_MspInit	168	static
stm32f7xx_hal_msp.c:495:6:HAL_RNG_MspDeInit	16	static
stm32f7xx_hal_msp.c:517:6:HAL_RTC_MspInit	160	static
stm32f7xx_hal_msp.c:549:6:HAL_RTC_MspDeInit	16	static
stm32f7xx_hal_msp.c:571:6:HAL_UART_MspInit	192	static
stm32f7xx_hal_msp.c:617:6:HAL_UART_MspDeInit	16	static
stm32f7xx_hal_msp.c:642:13:HAL_FMC_MspInit	32	static
stm32f7xx_hal_msp.c:772:6:HAL_SRAM_MspInit	16	static
stm32f7xx_hal_msp.c:784:13:HAL_FMC_MspDeInit	8	static
stm32f7xx_hal_msp.c:882:6:HAL_SRAM_MspDeInit	16	static
stm32f7xx_hal_msp.c:898:6:HAL_SAI_MspInit	48	static
stm32f7xx_hal_msp.c:1000:6:HAL_SAI_MspDeInit	16	static
