stm32f7xx_hal_msp.c:67:6:HAL_MspInit	8	static
stm32f7xx_hal_msp.c:91:6:HAL_CAN_MspInit	40	static
stm32f7xx_hal_msp.c:127:6:HAL_CAN_MspDeInit	0	static
stm32f7xx_hal_msp.c:156:6:HAL_ETH_MspInit	72	static
stm32f7xx_hal_msp.c:233:6:HAL_ETH_MspDeInit	8	static
stm32f7xx_hal_msp.c:285:6:HAL_I2C_MspInit	56	static
stm32f7xx_hal_msp.c:388:6:HAL_I2C_MspDeInit	8	static
stm32f7xx_hal_msp.c:446:6:HAL_RNG_MspInit	8	static
stm32f7xx_hal_msp.c:468:6:HAL_RNG_MspDeInit	0	static
stm32f7xx_hal_msp.c:490:6:HAL_RTC_MspInit	0	static
stm32f7xx_hal_msp.c:512:6:HAL_RTC_MspDeInit	0	static
stm32f7xx_hal_msp.c:534:6:HAL_UART_MspInit	40	static
stm32f7xx_hal_msp.c:570:6:HAL_UART_MspDeInit	0	static
stm32f7xx_hal_msp.c:725:6:HAL_SRAM_MspInit	48	static
stm32f7xx_hal_msp.c:835:6:HAL_SRAM_MspDeInit	8	static
stm32f7xx_hal_msp.c:851:6:HAL_SAI_MspInit	48	static
stm32f7xx_hal_msp.c:953:6:HAL_SAI_MspDeInit	8	static
