main.c:100:5:main	48	static
main.c:182:6:SystemClock_Config	232	static
main.c:254:13:MX_CAN1_Init	8	static
main.c:291:13:MX_ETH_Init	8	static
main.c:338:13:MX_I2C1_Init	8	static
main.c:384:13:MX_I2C2_Init	8	static
main.c:430:13:MX_RNG_Init	8	static
main.c:456:13:MX_RTC_Init	40	static
main.c:518:13:MX_SAI1_Init	8	static
main.c:567:13:MX_UART7_Init	8	static
main.c:600:13:MX_DMA_Init	16	static
main.c:624:13:MX_FMC_Init	40	static
main.c:717:13:MX_GPIO_Init	64	static
main.c:805:6:StartDefaultTask	16	static
main.c:824:6:HAL_TIM_PeriodElapsedCallback	16	static
main.c:841:6:Error_Handler	4	static
