main.c:100:5:main	56	static
main.c:193:6:SystemClock_Config	120	static
main.c:256:6:PeriphCommonClock_Config	200	static
main.c:283:13:MX_I2C1_Init	8	static
main.c:329:13:MX_I2C2_Init	8	static
main.c:375:13:MX_I2C3_Init	8	static
main.c:421:13:MX_RNG_Init	8	static
main.c:448:13:MX_SAI1_Init	8	static
main.c:497:13:MX_TIM3_Init	40	static
main.c:542:13:MX_UART7_Init	8	static
main.c:588:13:MX_DMA_Init	16	static
main.c:618:13:MX_FMC_Init	40	static
main.c:676:13:MX_GPIO_Init	64	static
main.c:768:6:StartDefaultTask	16	static
main.c:783:6:MPU_Config	24	static
main.c:820:6:Error_Handler	4	static
