stm32h7xx_hal_msp.c:70:6:HAL_MspInit	16	static
stm32h7xx_hal_msp.c:93:6:HAL_I2C_MspInit	256	static
stm32h7xx_hal_msp.c:253:6:HAL_I2C_MspDeInit	16	static
stm32h7xx_hal_msp.c:329:6:HAL_RNG_MspInit	208	static
stm32h7xx_hal_msp.c:361:6:HAL_RNG_MspDeInit	16	static
stm32h7xx_hal_msp.c:383:6:HAL_TIM_Base_MspInit	24	static
stm32h7xx_hal_msp.c:408:6:HAL_TIM_Base_MspDeInit	16	static
stm32h7xx_hal_msp.c:433:6:HAL_UART_MspInit	232	static
stm32h7xx_hal_msp.c:519:6:HAL_UART_MspDeInit	16	static
stm32h7xx_hal_msp.c:550:13:HAL_FMC_MspInit	224	static
stm32h7xx_hal_msp.c:689:6:HAL_SRAM_MspInit	16	static
stm32h7xx_hal_msp.c:701:13:HAL_FMC_MspDeInit	8	static
stm32h7xx_hal_msp.c:798:6:HAL_SRAM_MspDeInit	16	static
stm32h7xx_hal_msp.c:814:6:HAL_SAI_MspInit	48	static
stm32h7xx_hal_msp.c:916:6:HAL_SAI_MspDeInit	16	static
