stm32h7xx_it.c:82:6:NMI_Handler	8	static
stm32h7xx_it.c:98:6:HardFault_Handler	4	static
stm32h7xx_it.c:113:6:MemManage_Handler	4	static
stm32h7xx_it.c:128:6:BusFault_Handler	4	static
stm32h7xx_it.c:143:6:UsageFault_Handler	4	static
stm32h7xx_it.c:158:6:DebugMon_Handler	4	static
stm32h7xx_it.c:171:6:SysTick_Handler	8	static
stm32h7xx_it.c:200:6:DMA1_Stream1_IRQHandler	8	static
stm32h7xx_it.c:214:6:DMA1_Stream2_IRQHandler	8	static
stm32h7xx_it.c:228:6:DMA1_Stream3_IRQHandler	8	static
stm32h7xx_it.c:242:6:DMA1_Stream4_IRQHandler	8	static
stm32h7xx_it.c:256:6:TIM3_IRQHandler	8	static
stm32h7xx_it.c:270:6:DMA2_Stream3_IRQHandler	8	static
stm32h7xx_it.c:284:6:DMA2_Stream4_IRQHandler	8	static
stm32h7xx_it.c:298:6:ETH_IRQHandler	8	static
stm32h7xx_it.c:312:6:ETH_WKUP_IRQHandler	8	static
stm32h7xx_it.c:326:6:I2C3_EV_IRQHandler	8	static
stm32h7xx_it.c:340:6:UART7_IRQHandler	8	static
stm32h7xx_it.c:354:6:SAI1_IRQHandler	8	static
