stm32h7xx_hal_msp.c:70:6:HAL_MspInit	8	static
stm32h7xx_hal_msp.c:93:6:HAL_I2C_MspInit	264	static
stm32h7xx_hal_msp.c:253:6:HAL_I2C_MspDeInit	8	static
stm32h7xx_hal_msp.c:329:6:HAL_RNG_MspInit	200	static
stm32h7xx_hal_msp.c:361:6:HAL_RNG_MspDeInit	0	static
stm32h7xx_hal_msp.c:383:6:HAL_TIM_Base_MspInit	16	static
stm32h7xx_hal_msp.c:408:6:HAL_TIM_Base_MspDeInit	0	static
stm32h7xx_hal_msp.c:433:6:HAL_UART_MspInit	232	static
stm32h7xx_hal_msp.c:519:6:HAL_UART_MspDeInit	8	static
stm32h7xx_hal_msp.c:689:6:HAL_SRAM_MspInit	240	static
stm32h7xx_hal_msp.c:798:6:HAL_SRAM_MspDeInit	8	static
stm32h7xx_hal_msp.c:814:6:HAL_SAI_MspInit	48	static
stm32h7xx_hal_msp.c:916:6:HAL_SAI_MspDeInit	8	static
