------------------------------------------------------------
TimeQuest Timing Analyzer Summary
------------------------------------------------------------

Type  : Slow 1200mV 100C Model Setup 'SCK'
Slack : -6.722
TNS   : -313.907

Type  : Slow 1200mV 100C Model Setup 'shrg_ctrl8:inst173|171'
Slack : -6.117
TNS   : -11.357

Type  : Slow 1200mV 100C Model Setup 'unifilter4:inst184|59'
Slack : -5.843
TNS   : -5.843

Type  : Slow 1200mV 100C Model Setup 'PWR_ON'
Slack : -5.130
TNS   : -8.795

Type  : Slow 1200mV 100C Model Setup 'JUMP_4'
Slack : -4.907
TNS   : -218.463

Type  : Slow 1200mV 100C Model Setup 'unifilter4:inst184|79'
Slack : -4.699
TNS   : -4.699

Type  : Slow 1200mV 100C Model Setup 'inst7'
Slack : -4.608
TNS   : -99.963

Type  : Slow 1200mV 100C Model Setup 'unifilter4:inst184|80'
Slack : -4.477
TNS   : -4.477

Type  : Slow 1200mV 100C Model Setup 'CLK_50MHz'
Slack : -4.357
TNS   : -12.823

Type  : Slow 1200mV 100C Model Setup 'unifilter4:inst184|81'
Slack : -3.753
TNS   : -3.753

Type  : Slow 1200mV 100C Model Setup 'inst176|altpll_component|auto_generated|pll1|clk[0]'
Slack : -3.616
TNS   : -112.789

Type  : Slow 1200mV 100C Model Setup 'unifilter4:inst128|59'
Slack : -2.568
TNS   : -2.568

Type  : Slow 1200mV 100C Model Setup 'unifilter4:inst129|59'
Slack : -2.278
TNS   : -2.278

Type  : Slow 1200mV 100C Model Setup 'unifilter4:inst128|80'
Slack : -1.357
TNS   : -1.357

Type  : Slow 1200mV 100C Model Setup 'unifilter4:inst128|79'
Slack : -1.173
TNS   : -1.188

Type  : Slow 1200mV 100C Model Setup 'unifilter4:inst128|81'
Slack : -1.140
TNS   : -1.140

Type  : Slow 1200mV 100C Model Setup 'unifilter4:inst129|80'
Slack : -1.135
TNS   : -1.135

Type  : Slow 1200mV 100C Model Setup 'div5:inst137|41'
Slack : -0.992
TNS   : -3.016

Type  : Slow 1200mV 100C Model Setup 'unifilter4:inst129|79'
Slack : -0.771
TNS   : -0.771

Type  : Slow 1200mV 100C Model Setup 'inst169|altpll_component|auto_generated|pll1|clk[0]'
Slack : -0.762
TNS   : -1.744

Type  : Slow 1200mV 100C Model Setup 'div5:inst137|6'
Slack : -0.582
TNS   : -1.454

Type  : Slow 1200mV 100C Model Setup 'unifilter4:inst129|81'
Slack : -0.581
TNS   : -0.581

Type  : Slow 1200mV 100C Model Setup 'inst38'
Slack : 0.164
TNS   : 0.000

Type  : Slow 1200mV 100C Model Hold 'JUMP_4'
Slack : -3.499
TNS   : -62.604

Type  : Slow 1200mV 100C Model Hold 'PWR_ON'
Slack : -3.414
TNS   : -16.365

Type  : Slow 1200mV 100C Model Hold 'inst176|altpll_component|auto_generated|pll1|clk[0]'
Slack : -2.530
TNS   : -66.383

Type  : Slow 1200mV 100C Model Hold 'unifilter4:inst184|81'
Slack : -2.062
TNS   : -2.062

Type  : Slow 1200mV 100C Model Hold 'inst169|altpll_component|auto_generated|pll1|clk[0]'
Slack : -2.010
TNS   : -7.904

Type  : Slow 1200mV 100C Model Hold 'shrg_ctrl8:inst173|171'
Slack : -1.913
TNS   : -3.359

Type  : Slow 1200mV 100C Model Hold 'SCK'
Slack : -1.901
TNS   : -2.167

Type  : Slow 1200mV 100C Model Hold 'unifilter4:inst184|80'
Slack : -1.357
TNS   : -1.357

Type  : Slow 1200mV 100C Model Hold 'unifilter4:inst184|79'
Slack : -1.126
TNS   : -1.126

Type  : Slow 1200mV 100C Model Hold 'div5:inst137|6'
Slack : -0.400
TNS   : -1.190

Type  : Slow 1200mV 100C Model Hold 'CLK_50MHz'
Slack : -0.179
TNS   : -0.296

Type  : Slow 1200mV 100C Model Hold 'unifilter4:inst129|79'
Slack : 0.029
TNS   : 0.000

Type  : Slow 1200mV 100C Model Hold 'unifilter4:inst184|59'
Slack : 0.053
TNS   : 0.000

Type  : Slow 1200mV 100C Model Hold 'unifilter4:inst128|80'
Slack : 0.069
TNS   : 0.000

Type  : Slow 1200mV 100C Model Hold 'unifilter4:inst129|80'
Slack : 0.070
TNS   : 0.000

Type  : Slow 1200mV 100C Model Hold 'unifilter4:inst128|79'
Slack : 0.087
TNS   : 0.000

Type  : Slow 1200mV 100C Model Hold 'div5:inst137|41'
Slack : 0.445
TNS   : 0.000

Type  : Slow 1200mV 100C Model Hold 'unifilter4:inst128|81'
Slack : 0.449
TNS   : 0.000

Type  : Slow 1200mV 100C Model Hold 'unifilter4:inst129|81'
Slack : 0.449
TNS   : 0.000

Type  : Slow 1200mV 100C Model Hold 'inst38'
Slack : 0.471
TNS   : 0.000

Type  : Slow 1200mV 100C Model Hold 'inst7'
Slack : 0.635
TNS   : 0.000

Type  : Slow 1200mV 100C Model Hold 'unifilter4:inst128|59'
Slack : 0.786
TNS   : 0.000

Type  : Slow 1200mV 100C Model Hold 'unifilter4:inst129|59'
Slack : 0.797
TNS   : 0.000

Type  : Slow 1200mV 100C Model Recovery 'shrg_ctrl8:inst173|171'
Slack : -6.949
TNS   : -14.106

Type  : Slow 1200mV 100C Model Recovery 'div5:inst137|41'
Slack : -6.574
TNS   : -26.296

Type  : Slow 1200mV 100C Model Recovery 'SCK'
Slack : -5.717
TNS   : -60.042

Type  : Slow 1200mV 100C Model Recovery 'JUMP_4'
Slack : -4.350
TNS   : -56.613

Type  : Slow 1200mV 100C Model Recovery 'inst176|altpll_component|auto_generated|pll1|clk[0]'
Slack : -2.971
TNS   : -53.402

Type  : Slow 1200mV 100C Model Recovery 'inst7'
Slack : -2.844
TNS   : -6.378

Type  : Slow 1200mV 100C Model Recovery 'unifilter4:inst184|81'
Slack : -2.735
TNS   : -2.735

Type  : Slow 1200mV 100C Model Recovery 'unifilter4:inst184|79'
Slack : -2.628
TNS   : -2.628

Type  : Slow 1200mV 100C Model Recovery 'unifilter4:inst129|81'
Slack : -2.492
TNS   : -2.492

Type  : Slow 1200mV 100C Model Recovery 'unifilter4:inst129|80'
Slack : -2.334
TNS   : -2.334

Type  : Slow 1200mV 100C Model Recovery 'inst38'
Slack : -2.307
TNS   : -6.921

Type  : Slow 1200mV 100C Model Recovery 'unifilter4:inst184|80'
Slack : -2.213
TNS   : -2.213

Type  : Slow 1200mV 100C Model Recovery 'unifilter4:inst129|79'
Slack : -2.208
TNS   : -2.208

Type  : Slow 1200mV 100C Model Recovery 'unifilter4:inst128|81'
Slack : -2.191
TNS   : -2.191

Type  : Slow 1200mV 100C Model Recovery 'unifilter4:inst128|80'
Slack : -2.037
TNS   : -2.037

Type  : Slow 1200mV 100C Model Recovery 'unifilter4:inst128|79'
Slack : -1.968
TNS   : -1.968

Type  : Slow 1200mV 100C Model Recovery 'unifilter4:inst129|59'
Slack : -1.941
TNS   : -1.941

Type  : Slow 1200mV 100C Model Recovery 'unifilter4:inst184|59'
Slack : -1.503
TNS   : -1.503

Type  : Slow 1200mV 100C Model Recovery 'CLK_50MHz'
Slack : -1.372
TNS   : -31.789

Type  : Slow 1200mV 100C Model Recovery 'unifilter4:inst128|59'
Slack : -1.367
TNS   : -1.367

Type  : Slow 1200mV 100C Model Recovery 'inst169|altpll_component|auto_generated|pll1|clk[0]'
Slack : -0.955
TNS   : -3.701

Type  : Slow 1200mV 100C Model Recovery 'div5:inst137|6'
Slack : -0.322
TNS   : -0.966

Type  : Slow 1200mV 100C Model Recovery 'PWR_ON'
Slack : 0.063
TNS   : 0.000

Type  : Slow 1200mV 100C Model Removal 'inst176|altpll_component|auto_generated|pll1|clk[0]'
Slack : -3.355
TNS   : -91.159

Type  : Slow 1200mV 100C Model Removal 'JUMP_4'
Slack : -3.009
TNS   : -67.288

Type  : Slow 1200mV 100C Model Removal 'PWR_ON'
Slack : -2.717
TNS   : -9.488

Type  : Slow 1200mV 100C Model Removal 'inst169|altpll_component|auto_generated|pll1|clk[0]'
Slack : -2.119
TNS   : -7.423

Type  : Slow 1200mV 100C Model Removal 'shrg_ctrl8:inst173|171'
Slack : -1.246
TNS   : -1.802

Type  : Slow 1200mV 100C Model Removal 'SCK'
Slack : -0.968
TNS   : -19.310

Type  : Slow 1200mV 100C Model Removal 'inst7'
Slack : -0.314
TNS   : -3.140

Type  : Slow 1200mV 100C Model Removal 'div5:inst137|6'
Slack : 0.039
TNS   : 0.000

Type  : Slow 1200mV 100C Model Removal 'unifilter4:inst184|80'
Slack : 0.238
TNS   : 0.000

Type  : Slow 1200mV 100C Model Removal 'unifilter4:inst184|81'
Slack : 0.491
TNS   : 0.000

Type  : Slow 1200mV 100C Model Removal 'unifilter4:inst184|79'
Slack : 0.655
TNS   : 0.000

Type  : Slow 1200mV 100C Model Removal 'unifilter4:inst129|81'
Slack : 0.664
TNS   : 0.000

Type  : Slow 1200mV 100C Model Removal 'unifilter4:inst128|81'
Slack : 0.666
TNS   : 0.000

Type  : Slow 1200mV 100C Model Removal 'CLK_50MHz'
Slack : 0.703
TNS   : 0.000

Type  : Slow 1200mV 100C Model Removal 'unifilter4:inst129|79'
Slack : 0.746
TNS   : 0.000

Type  : Slow 1200mV 100C Model Removal 'unifilter4:inst128|79'
Slack : 0.802
TNS   : 0.000

Type  : Slow 1200mV 100C Model Removal 'unifilter4:inst128|80'
Slack : 0.874
TNS   : 0.000

Type  : Slow 1200mV 100C Model Removal 'unifilter4:inst129|80'
Slack : 0.877
TNS   : 0.000

Type  : Slow 1200mV 100C Model Removal 'div5:inst137|41'
Slack : 1.658
TNS   : 0.000

Type  : Slow 1200mV 100C Model Removal 'unifilter4:inst128|59'
Slack : 1.707
TNS   : 0.000

Type  : Slow 1200mV 100C Model Removal 'unifilter4:inst184|59'
Slack : 1.834
TNS   : 0.000

Type  : Slow 1200mV 100C Model Removal 'inst38'
Slack : 2.107
TNS   : 0.000

Type  : Slow 1200mV 100C Model Removal 'unifilter4:inst129|59'
Slack : 2.283
TNS   : 0.000

Type  : Slow 1200mV 100C Model Minimum Pulse Width 'SCK'
Slack : -3.000
TNS   : -120.904

Type  : Slow 1200mV 100C Model Minimum Pulse Width 'JUMP_4'
Slack : -3.000
TNS   : -113.572

Type  : Slow 1200mV 100C Model Minimum Pulse Width 'PWR_ON'
Slack : -3.000
TNS   : -10.756

Type  : Slow 1200mV 100C Model Minimum Pulse Width 'inst7'
Slack : -2.710
TNS   : -37.825

Type  : Slow 1200mV 100C Model Minimum Pulse Width 'shrg_ctrl8:inst173|171'
Slack : -1.285
TNS   : -8.914

Type  : Slow 1200mV 100C Model Minimum Pulse Width 'div5:inst137|41'
Slack : -1.285
TNS   : -5.140

Type  : Slow 1200mV 100C Model Minimum Pulse Width 'div5:inst137|6'
Slack : -1.285
TNS   : -3.855

Type  : Slow 1200mV 100C Model Minimum Pulse Width 'inst38'
Slack : -1.285
TNS   : -3.855

Type  : Slow 1200mV 100C Model Minimum Pulse Width 'unifilter4:inst128|79'
Slack : -1.285
TNS   : -2.570

Type  : Slow 1200mV 100C Model Minimum Pulse Width 'unifilter4:inst128|80'
Slack : -1.285
TNS   : -2.570

Type  : Slow 1200mV 100C Model Minimum Pulse Width 'unifilter4:inst128|81'
Slack : -1.285
TNS   : -2.570

Type  : Slow 1200mV 100C Model Minimum Pulse Width 'unifilter4:inst129|79'
Slack : -1.285
TNS   : -2.570

Type  : Slow 1200mV 100C Model Minimum Pulse Width 'unifilter4:inst129|80'
Slack : -1.285
TNS   : -2.570

Type  : Slow 1200mV 100C Model Minimum Pulse Width 'unifilter4:inst129|81'
Slack : -1.285
TNS   : -2.570

Type  : Slow 1200mV 100C Model Minimum Pulse Width 'unifilter4:inst184|79'
Slack : -1.285
TNS   : -2.570

Type  : Slow 1200mV 100C Model Minimum Pulse Width 'unifilter4:inst184|80'
Slack : -1.285
TNS   : -2.570

Type  : Slow 1200mV 100C Model Minimum Pulse Width 'unifilter4:inst184|81'
Slack : -1.285
TNS   : -2.570

Type  : Slow 1200mV 100C Model Minimum Pulse Width 'unifilter4:inst128|59'
Slack : -1.285
TNS   : -1.285

Type  : Slow 1200mV 100C Model Minimum Pulse Width 'unifilter4:inst129|59'
Slack : -1.285
TNS   : -1.285

Type  : Slow 1200mV 100C Model Minimum Pulse Width 'unifilter4:inst184|59'
Slack : -1.285
TNS   : -1.285

Type  : Slow 1200mV 100C Model Minimum Pulse Width 'inst169|altpll_component|auto_generated|pll1|clk[0]'
Slack : 2.834
TNS   : 0.000

Type  : Slow 1200mV 100C Model Minimum Pulse Width 'inst176|altpll_component|auto_generated|pll1|clk[0]'
Slack : 4.579
TNS   : 0.000

Type  : Slow 1200mV 100C Model Minimum Pulse Width 'CLK_50MHz'
Slack : 9.659
TNS   : 0.000

Type  : Slow 1200mV -40C Model Setup 'SCK'
Slack : -6.031
TNS   : -269.615

Type  : Slow 1200mV -40C Model Setup 'unifilter4:inst184|59'
Slack : -5.360
TNS   : -5.360

Type  : Slow 1200mV -40C Model Setup 'shrg_ctrl8:inst173|171'
Slack : -5.198
TNS   : -9.588

Type  : Slow 1200mV -40C Model Setup 'PWR_ON'
Slack : -4.655
TNS   : -7.546

Type  : Slow 1200mV -40C Model Setup 'JUMP_4'
Slack : -4.447
TNS   : -192.953

Type  : Slow 1200mV -40C Model Setup 'unifilter4:inst184|79'
Slack : -4.244
TNS   : -4.244

Type  : Slow 1200mV -40C Model Setup 'unifilter4:inst184|80'
Slack : -4.046
TNS   : -4.046

Type  : Slow 1200mV -40C Model Setup 'CLK_50MHz'
Slack : -3.902
TNS   : -8.930

Type  : Slow 1200mV -40C Model Setup 'inst7'
Slack : -3.850
TNS   : -84.214

Type  : Slow 1200mV -40C Model Setup 'unifilter4:inst184|81'
Slack : -3.481
TNS   : -3.481

Type  : Slow 1200mV -40C Model Setup 'inst176|altpll_component|auto_generated|pll1|clk[0]'
Slack : -3.053
TNS   : -94.975

Type  : Slow 1200mV -40C Model Setup 'unifilter4:inst128|59'
Slack : -2.310
TNS   : -2.310

Type  : Slow 1200mV -40C Model Setup 'unifilter4:inst129|59'
Slack : -2.025
TNS   : -2.025

Type  : Slow 1200mV -40C Model Setup 'unifilter4:inst128|80'
Slack : -1.000
TNS   : -1.000

Type  : Slow 1200mV -40C Model Setup 'unifilter4:inst128|81'
Slack : -0.967
TNS   : -0.967

Type  : Slow 1200mV -40C Model Setup 'unifilter4:inst129|80'
Slack : -0.814
TNS   : -0.814

Type  : Slow 1200mV -40C Model Setup 'unifilter4:inst128|79'
Slack : -0.812
TNS   : -0.812

Type  : Slow 1200mV -40C Model Setup 'div5:inst137|41'
Slack : -0.744
TNS   : -2.115

Type  : Slow 1200mV -40C Model Setup 'inst169|altpll_component|auto_generated|pll1|clk[0]'
Slack : -0.607
TNS   : -1.489

Type  : Slow 1200mV -40C Model Setup 'unifilter4:inst129|81'
Slack : -0.482
TNS   : -0.482

Type  : Slow 1200mV -40C Model Setup 'unifilter4:inst129|79'
Slack : -0.480
TNS   : -0.480

Type  : Slow 1200mV -40C Model Setup 'div5:inst137|6'
Slack : -0.376
TNS   : -0.848

Type  : Slow 1200mV -40C Model Setup 'inst38'
Slack : 0.283
TNS   : 0.000

Type  : Slow 1200mV -40C Model Hold 'JUMP_4'
Slack : -3.175
TNS   : -57.309

Type  : Slow 1200mV -40C Model Hold 'PWR_ON'
Slack : -3.087
TNS   : -14.819

Type  : Slow 1200mV -40C Model Hold 'inst176|altpll_component|auto_generated|pll1|clk[0]'
Slack : -2.587
TNS   : -63.573

Type  : Slow 1200mV -40C Model Hold 'unifilter4:inst184|81'
Slack : -1.841
TNS   : -1.841

Type  : Slow 1200mV -40C Model Hold 'inst169|altpll_component|auto_generated|pll1|clk[0]'
Slack : -1.803
TNS   : -6.966

Type  : Slow 1200mV -40C Model Hold 'shrg_ctrl8:inst173|171'
Slack : -1.776
TNS   : -3.172

Type  : Slow 1200mV -40C Model Hold 'SCK'
Slack : -1.755
TNS   : -1.775

Type  : Slow 1200mV -40C Model Hold 'unifilter4:inst184|80'
Slack : -1.237
TNS   : -1.237

Type  : Slow 1200mV -40C Model Hold 'unifilter4:inst184|79'
Slack : -1.031
TNS   : -1.031

Type  : Slow 1200mV -40C Model Hold 'div5:inst137|6'
Slack : -0.274
TNS   : -0.796

Type  : Slow 1200mV -40C Model Hold 'CLK_50MHz'
Slack : -0.160
TNS   : -0.211

Type  : Slow 1200mV -40C Model Hold 'unifilter4:inst129|79'
Slack : 0.034
TNS   : 0.000

Type  : Slow 1200mV -40C Model Hold 'unifilter4:inst184|59'
Slack : 0.036
TNS   : 0.000

Type  : Slow 1200mV -40C Model Hold 'unifilter4:inst128|80'
Slack : 0.073
TNS   : 0.000

Type  : Slow 1200mV -40C Model Hold 'unifilter4:inst129|80'
Slack : 0.073
TNS   : 0.000

Type  : Slow 1200mV -40C Model Hold 'unifilter4:inst128|79'
Slack : 0.082
TNS   : 0.000

Type  : Slow 1200mV -40C Model Hold 'div5:inst137|41'
Slack : 0.368
TNS   : 0.000

Type  : Slow 1200mV -40C Model Hold 'unifilter4:inst128|81'
Slack : 0.382
TNS   : 0.000

Type  : Slow 1200mV -40C Model Hold 'unifilter4:inst129|81'
Slack : 0.382
TNS   : 0.000

Type  : Slow 1200mV -40C Model Hold 'inst38'
Slack : 0.421
TNS   : 0.000

Type  : Slow 1200mV -40C Model Hold 'inst7'
Slack : 0.565
TNS   : 0.000

Type  : Slow 1200mV -40C Model Hold 'unifilter4:inst128|59'
Slack : 0.681
TNS   : 0.000

Type  : Slow 1200mV -40C Model Hold 'unifilter4:inst129|59'
Slack : 0.692
TNS   : 0.000

Type  : Slow 1200mV -40C Model Recovery 'shrg_ctrl8:inst173|171'
Slack : -6.239
TNS   : -12.480

Type  : Slow 1200mV -40C Model Recovery 'div5:inst137|41'
Slack : -5.864
TNS   : -23.456

Type  : Slow 1200mV -40C Model Recovery 'SCK'
Slack : -5.185
TNS   : -54.127

Type  : Slow 1200mV -40C Model Recovery 'JUMP_4'
Slack : -3.860
TNS   : -51.800

Type  : Slow 1200mV -40C Model Recovery 'inst176|altpll_component|auto_generated|pll1|clk[0]'
Slack : -2.497
TNS   : -41.369

Type  : Slow 1200mV -40C Model Recovery 'inst7'
Slack : -2.375
TNS   : -5.065

Type  : Slow 1200mV -40C Model Recovery 'unifilter4:inst184|81'
Slack : -2.281
TNS   : -2.281

Type  : Slow 1200mV -40C Model Recovery 'unifilter4:inst184|79'
Slack : -2.271
TNS   : -2.271

Type  : Slow 1200mV -40C Model Recovery 'unifilter4:inst129|81'
Slack : -2.056
TNS   : -2.056

Type  : Slow 1200mV -40C Model Recovery 'unifilter4:inst129|80'
Slack : -2.024
TNS   : -2.024

Type  : Slow 1200mV -40C Model Recovery 'unifilter4:inst184|80'
Slack : -1.929
TNS   : -1.929

Type  : Slow 1200mV -40C Model Recovery 'unifilter4:inst129|79'
Slack : -1.922
TNS   : -1.922

Type  : Slow 1200mV -40C Model Recovery 'inst38'
Slack : -1.879
TNS   : -5.637

Type  : Slow 1200mV -40C Model Recovery 'unifilter4:inst128|81'
Slack : -1.801
TNS   : -1.801

Type  : Slow 1200mV -40C Model Recovery 'unifilter4:inst128|80'
Slack : -1.753
TNS   : -1.753

Type  : Slow 1200mV -40C Model Recovery 'unifilter4:inst129|59'
Slack : -1.703
TNS   : -1.703

Type  : Slow 1200mV -40C Model Recovery 'unifilter4:inst128|79'
Slack : -1.696
TNS   : -1.696

Type  : Slow 1200mV -40C Model Recovery 'unifilter4:inst184|59'
Slack : -1.334
TNS   : -1.334

Type  : Slow 1200mV -40C Model Recovery 'unifilter4:inst128|59'
Slack : -1.198
TNS   : -1.198

Type  : Slow 1200mV -40C Model Recovery 'CLK_50MHz'
Slack : -1.068
TNS   : -24.146

Type  : Slow 1200mV -40C Model Recovery 'inst169|altpll_component|auto_generated|pll1|clk[0]'
Slack : -0.716
TNS   : -2.761

Type  : Slow 1200mV -40C Model Recovery 'div5:inst137|6'
Slack : -0.134
TNS   : -0.402

Type  : Slow 1200mV -40C Model Recovery 'PWR_ON'
Slack : 0.284
TNS   : 0.000

Type  : Slow 1200mV -40C Model Removal 'inst176|altpll_component|auto_generated|pll1|clk[0]'
Slack : -3.240
TNS   : -85.413

Type  : Slow 1200mV -40C Model Removal 'JUMP_4'
Slack : -2.735
TNS   : -61.364

Type  : Slow 1200mV -40C Model Removal 'PWR_ON'
Slack : -2.462
TNS   : -8.601

Type  : Slow 1200mV -40C Model Removal 'inst169|altpll_component|auto_generated|pll1|clk[0]'
Slack : -1.937
TNS   : -6.468

Type  : Slow 1200mV -40C Model Removal 'shrg_ctrl8:inst173|171'
Slack : -1.181
TNS   : -1.740

Type  : Slow 1200mV -40C Model Removal 'SCK'
Slack : -0.800
TNS   : -19.530

Type  : Slow 1200mV -40C Model Removal 'inst7'
Slack : -0.369
TNS   : -3.690

Type  : Slow 1200mV -40C Model Removal 'div5:inst137|6'
Slack : 0.070
TNS   : 0.000

Type  : Slow 1200mV -40C Model Removal 'unifilter4:inst184|80'
Slack : 0.202
TNS   : 0.000

Type  : Slow 1200mV -40C Model Removal 'unifilter4:inst184|81'
Slack : 0.435
TNS   : 0.000

Type  : Slow 1200mV -40C Model Removal 'unifilter4:inst184|79'
Slack : 0.546
TNS   : 0.000

Type  : Slow 1200mV -40C Model Removal 'unifilter4:inst128|81'
Slack : 0.585
TNS   : 0.000

Type  : Slow 1200mV -40C Model Removal 'unifilter4:inst129|81'
Slack : 0.591
TNS   : 0.000

Type  : Slow 1200mV -40C Model Removal 'unifilter4:inst129|79'
Slack : 0.641
TNS   : 0.000

Type  : Slow 1200mV -40C Model Removal 'CLK_50MHz'
Slack : 0.651
TNS   : 0.000

Type  : Slow 1200mV -40C Model Removal 'unifilter4:inst128|79'
Slack : 0.684
TNS   : 0.000

Type  : Slow 1200mV -40C Model Removal 'unifilter4:inst128|80'
Slack : 0.743
TNS   : 0.000

Type  : Slow 1200mV -40C Model Removal 'unifilter4:inst129|80'
Slack : 0.748
TNS   : 0.000

Type  : Slow 1200mV -40C Model Removal 'div5:inst137|41'
Slack : 1.399
TNS   : 0.000

Type  : Slow 1200mV -40C Model Removal 'unifilter4:inst128|59'
Slack : 1.466
TNS   : 0.000

Type  : Slow 1200mV -40C Model Removal 'unifilter4:inst184|59'
Slack : 1.580
TNS   : 0.000

Type  : Slow 1200mV -40C Model Removal 'inst38'
Slack : 1.872
TNS   : 0.000

Type  : Slow 1200mV -40C Model Removal 'unifilter4:inst129|59'
Slack : 1.963
TNS   : 0.000

Type  : Slow 1200mV -40C Model Minimum Pulse Width 'SCK'
Slack : -3.000
TNS   : -119.598

Type  : Slow 1200mV -40C Model Minimum Pulse Width 'JUMP_4'
Slack : -3.000
TNS   : -102.097

Type  : Slow 1200mV -40C Model Minimum Pulse Width 'PWR_ON'
Slack : -3.000
TNS   : -10.710

Type  : Slow 1200mV -40C Model Minimum Pulse Width 'inst7'
Slack : -2.649
TNS   : -37.581

Type  : Slow 1200mV -40C Model Minimum Pulse Width 'shrg_ctrl8:inst173|171'
Slack : -1.285
TNS   : -7.654

Type  : Slow 1200mV -40C Model Minimum Pulse Width 'div5:inst137|41'
Slack : -1.285
TNS   : -5.140

Type  : Slow 1200mV -40C Model Minimum Pulse Width 'div5:inst137|6'
Slack : -1.285
TNS   : -3.855

Type  : Slow 1200mV -40C Model Minimum Pulse Width 'inst38'
Slack : -1.285
TNS   : -3.855

Type  : Slow 1200mV -40C Model Minimum Pulse Width 'unifilter4:inst128|79'
Slack : -1.285
TNS   : -2.570

Type  : Slow 1200mV -40C Model Minimum Pulse Width 'unifilter4:inst128|80'
Slack : -1.285
TNS   : -2.570

Type  : Slow 1200mV -40C Model Minimum Pulse Width 'unifilter4:inst128|81'
Slack : -1.285
TNS   : -2.570

Type  : Slow 1200mV -40C Model Minimum Pulse Width 'unifilter4:inst129|79'
Slack : -1.285
TNS   : -2.570

Type  : Slow 1200mV -40C Model Minimum Pulse Width 'unifilter4:inst129|80'
Slack : -1.285
TNS   : -2.570

Type  : Slow 1200mV -40C Model Minimum Pulse Width 'unifilter4:inst129|81'
Slack : -1.285
TNS   : -2.570

Type  : Slow 1200mV -40C Model Minimum Pulse Width 'unifilter4:inst184|79'
Slack : -1.285
TNS   : -2.570

Type  : Slow 1200mV -40C Model Minimum Pulse Width 'unifilter4:inst184|80'
Slack : -1.285
TNS   : -2.570

Type  : Slow 1200mV -40C Model Minimum Pulse Width 'unifilter4:inst184|81'
Slack : -1.285
TNS   : -2.570

Type  : Slow 1200mV -40C Model Minimum Pulse Width 'unifilter4:inst128|59'
Slack : -1.285
TNS   : -1.285

Type  : Slow 1200mV -40C Model Minimum Pulse Width 'unifilter4:inst129|59'
Slack : -1.285
TNS   : -1.285

Type  : Slow 1200mV -40C Model Minimum Pulse Width 'unifilter4:inst184|59'
Slack : -1.285
TNS   : -1.285

Type  : Slow 1200mV -40C Model Minimum Pulse Width 'inst169|altpll_component|auto_generated|pll1|clk[0]'
Slack : 2.762
TNS   : 0.000

Type  : Slow 1200mV -40C Model Minimum Pulse Width 'inst176|altpll_component|auto_generated|pll1|clk[0]'
Slack : 4.298
TNS   : 0.000

Type  : Slow 1200mV -40C Model Minimum Pulse Width 'CLK_50MHz'
Slack : 9.591
TNS   : 0.000

Type  : Fast 1200mV -40C Model Setup 'SCK'
Slack : -3.309
TNS   : -120.249

Type  : Fast 1200mV -40C Model Setup 'shrg_ctrl8:inst173|171'
Slack : -2.897
TNS   : -5.354

Type  : Fast 1200mV -40C Model Setup 'unifilter4:inst184|59'
Slack : -2.598
TNS   : -2.598

Type  : Fast 1200mV -40C Model Setup 'JUMP_4'
Slack : -2.519
TNS   : -92.847

Type  : Fast 1200mV -40C Model Setup 'PWR_ON'
Slack : -2.416
TNS   : -4.707

Type  : Fast 1200mV -40C Model Setup 'inst7'
Slack : -2.368
TNS   : -52.095

Type  : Fast 1200mV -40C Model Setup 'unifilter4:inst184|79'
Slack : -2.164
TNS   : -2.164

Type  : Fast 1200mV -40C Model Setup 'inst176|altpll_component|auto_generated|pll1|clk[0]'
Slack : -2.100
TNS   : -61.786

Type  : Fast 1200mV -40C Model Setup 'unifilter4:inst184|80'
Slack : -2.066
TNS   : -2.066

Type  : Fast 1200mV -40C Model Setup 'CLK_50MHz'
Slack : -1.982
TNS   : -2.504

Type  : Fast 1200mV -40C Model Setup 'unifilter4:inst184|81'
Slack : -1.693
TNS   : -1.693

Type  : Fast 1200mV -40C Model Setup 'unifilter4:inst128|59'
Slack : -1.014
TNS   : -1.014

Type  : Fast 1200mV -40C Model Setup 'unifilter4:inst128|80'
Slack : -0.886
TNS   : -0.886

Type  : Fast 1200mV -40C Model Setup 'unifilter4:inst129|59'
Slack : -0.879
TNS   : -0.879

Type  : Fast 1200mV -40C Model Setup 'unifilter4:inst128|79'
Slack : -0.820
TNS   : -0.820

Type  : Fast 1200mV -40C Model Setup 'unifilter4:inst129|80'
Slack : -0.756
TNS   : -0.756

Type  : Fast 1200mV -40C Model Setup 'unifilter4:inst129|79'
Slack : -0.604
TNS   : -0.604

Type  : Fast 1200mV -40C Model Setup 'unifilter4:inst128|81'
Slack : -0.388
TNS   : -0.388

Type  : Fast 1200mV -40C Model Setup 'inst169|altpll_component|auto_generated|pll1|clk[0]'
Slack : -0.282
TNS   : -0.651

Type  : Fast 1200mV -40C Model Setup 'unifilter4:inst129|81'
Slack : -0.111
TNS   : -0.111

Type  : Fast 1200mV -40C Model Setup 'div5:inst137|41'
Slack : -0.101
TNS   : -0.103

Type  : Fast 1200mV -40C Model Setup 'div5:inst137|6'
Slack : 0.284
TNS   : 0.000

Type  : Fast 1200mV -40C Model Setup 'inst38'
Slack : 0.621
TNS   : 0.000

Type  : Fast 1200mV -40C Model Hold 'JUMP_4'
Slack : -1.584
TNS   : -32.632

Type  : Fast 1200mV -40C Model Hold 'PWR_ON'
Slack : -1.566
TNS   : -7.109

Type  : Fast 1200mV -40C Model Hold 'inst176|altpll_component|auto_generated|pll1|clk[0]'
Slack : -1.234
TNS   : -30.365

Type  : Fast 1200mV -40C Model Hold 'inst169|altpll_component|auto_generated|pll1|clk[0]'
Slack : -0.973
TNS   : -3.589

Type  : Fast 1200mV -40C Model Hold 'unifilter4:inst184|81'
Slack : -0.934
TNS   : -0.934

Type  : Fast 1200mV -40C Model Hold 'shrg_ctrl8:inst173|171'
Slack : -0.924
TNS   : -1.521

Type  : Fast 1200mV -40C Model Hold 'SCK'
Slack : -0.866
TNS   : -5.876

Type  : Fast 1200mV -40C Model Hold 'unifilter4:inst184|80'
Slack : -0.619
TNS   : -0.655

Type  : Fast 1200mV -40C Model Hold 'unifilter4:inst184|79'
Slack : -0.516
TNS   : -0.524

Type  : Fast 1200mV -40C Model Hold 'div5:inst137|6'
Slack : -0.258
TNS   : -0.744

Type  : Fast 1200mV -40C Model Hold 'CLK_50MHz'
Slack : -0.145
TNS   : -0.402

Type  : Fast 1200mV -40C Model Hold 'unifilter4:inst129|79'
Slack : -0.023
TNS   : -0.023

Type  : Fast 1200mV -40C Model Hold 'unifilter4:inst129|80'
Slack : -0.007
TNS   : -0.007

Type  : Fast 1200mV -40C Model Hold 'unifilter4:inst128|80'
Slack : -0.006
TNS   : -0.006

Type  : Fast 1200mV -40C Model Hold 'unifilter4:inst128|79'
Slack : 0.000
TNS   : 0.000

Type  : Fast 1200mV -40C Model Hold 'unifilter4:inst184|59'
Slack : 0.002
TNS   : 0.000

Type  : Fast 1200mV -40C Model Hold 'div5:inst137|41'
Slack : 0.193
TNS   : 0.000

Type  : Fast 1200mV -40C Model Hold 'unifilter4:inst128|81'
Slack : 0.197
TNS   : 0.000

Type  : Fast 1200mV -40C Model Hold 'unifilter4:inst129|81'
Slack : 0.197
TNS   : 0.000

Type  : Fast 1200mV -40C Model Hold 'inst38'
Slack : 0.200
TNS   : 0.000

Type  : Fast 1200mV -40C Model Hold 'inst7'
Slack : 0.271
TNS   : 0.000

Type  : Fast 1200mV -40C Model Hold 'unifilter4:inst128|59'
Slack : 0.336
TNS   : 0.000

Type  : Fast 1200mV -40C Model Hold 'unifilter4:inst129|59'
Slack : 0.342
TNS   : 0.000

Type  : Fast 1200mV -40C Model Recovery 'shrg_ctrl8:inst173|171'
Slack : -3.228
TNS   : -6.988

Type  : Fast 1200mV -40C Model Recovery 'div5:inst137|41'
Slack : -3.035
TNS   : -12.140

Type  : Fast 1200mV -40C Model Recovery 'SCK'
Slack : -2.328
TNS   : -22.070

Type  : Fast 1200mV -40C Model Recovery 'JUMP_4'
Slack : -2.089
TNS   : -20.793

Type  : Fast 1200mV -40C Model Recovery 'inst176|altpll_component|auto_generated|pll1|clk[0]'
Slack : -1.950
TNS   : -48.657

Type  : Fast 1200mV -40C Model Recovery 'inst7'
Slack : -1.577
TNS   : -3.827

Type  : Fast 1200mV -40C Model Recovery 'unifilter4:inst184|81'
Slack : -1.463
TNS   : -1.463

Type  : Fast 1200mV -40C Model Recovery 'unifilter4:inst129|81'
Slack : -1.375
TNS   : -1.375

Type  : Fast 1200mV -40C Model Recovery 'inst38'
Slack : -1.291
TNS   : -3.873

Type  : Fast 1200mV -40C Model Recovery 'unifilter4:inst128|81'
Slack : -1.209
TNS   : -1.209

Type  : Fast 1200mV -40C Model Recovery 'unifilter4:inst184|79'
Slack : -1.000
TNS   : -1.000

Type  : Fast 1200mV -40C Model Recovery 'CLK_50MHz'
Slack : -0.956
TNS   : -22.465

Type  : Fast 1200mV -40C Model Recovery 'unifilter4:inst129|80'
Slack : -0.899
TNS   : -0.899

Type  : Fast 1200mV -40C Model Recovery 'inst169|altpll_component|auto_generated|pll1|clk[0]'
Slack : -0.883
TNS   : -4.490

Type  : Fast 1200mV -40C Model Recovery 'unifilter4:inst129|79'
Slack : -0.841
TNS   : -0.841

Type  : Fast 1200mV -40C Model Recovery 'unifilter4:inst184|80'
Slack : -0.803
TNS   : -0.803

Type  : Fast 1200mV -40C Model Recovery 'unifilter4:inst129|59'
Slack : -0.755
TNS   : -0.755

Type  : Fast 1200mV -40C Model Recovery 'unifilter4:inst128|80'
Slack : -0.734
TNS   : -0.734

Type  : Fast 1200mV -40C Model Recovery 'unifilter4:inst128|79'
Slack : -0.702
TNS   : -0.702

Type  : Fast 1200mV -40C Model Recovery 'unifilter4:inst184|59'
Slack : -0.515
TNS   : -0.515

Type  : Fast 1200mV -40C Model Recovery 'unifilter4:inst128|59'
Slack : -0.427
TNS   : -0.427

Type  : Fast 1200mV -40C Model Recovery 'div5:inst137|6'
Slack : -0.357
TNS   : -1.071

Type  : Fast 1200mV -40C Model Recovery 'PWR_ON'
Slack : -0.324
TNS   : -0.324

Type  : Fast 1200mV -40C Model Removal 'inst176|altpll_component|auto_generated|pll1|clk[0]'
Slack : -1.627
TNS   : -44.190

Type  : Fast 1200mV -40C Model Removal 'JUMP_4'
Slack : -1.330
TNS   : -32.767

Type  : Fast 1200mV -40C Model Removal 'PWR_ON'
Slack : -1.187
TNS   : -4.091

Type  : Fast 1200mV -40C Model Removal 'inst169|altpll_component|auto_generated|pll1|clk[0]'
Slack : -0.968
TNS   : -3.528

Type  : Fast 1200mV -40C Model Removal 'SCK'
Slack : -0.692
TNS   : -9.910

Type  : Fast 1200mV -40C Model Removal 'shrg_ctrl8:inst173|171'
Slack : -0.575
TNS   : -0.853

Type  : Fast 1200mV -40C Model Removal 'inst7'
Slack : -0.142
TNS   : -1.420

Type  : Fast 1200mV -40C Model Removal 'div5:inst137|6'
Slack : -0.109
TNS   : -0.327

Type  : Fast 1200mV -40C Model Removal 'unifilter4:inst184|80'
Slack : 0.103
TNS   : 0.000

Type  : Fast 1200mV -40C Model Removal 'unifilter4:inst184|81'
Slack : 0.212
TNS   : 0.000

Type  : Fast 1200mV -40C Model Removal 'CLK_50MHz'
Slack : 0.253
TNS   : 0.000

Type  : Fast 1200mV -40C Model Removal 'unifilter4:inst128|81'
Slack : 0.301
TNS   : 0.000

Type  : Fast 1200mV -40C Model Removal 'unifilter4:inst129|81'
Slack : 0.304
TNS   : 0.000

Type  : Fast 1200mV -40C Model Removal 'unifilter4:inst184|79'
Slack : 0.311
TNS   : 0.000

Type  : Fast 1200mV -40C Model Removal 'unifilter4:inst129|79'
Slack : 0.368
TNS   : 0.000

Type  : Fast 1200mV -40C Model Removal 'unifilter4:inst128|79'
Slack : 0.385
TNS   : 0.000

Type  : Fast 1200mV -40C Model Removal 'unifilter4:inst128|80'
Slack : 0.418
TNS   : 0.000

Type  : Fast 1200mV -40C Model Removal 'unifilter4:inst129|80'
Slack : 0.428
TNS   : 0.000

Type  : Fast 1200mV -40C Model Removal 'div5:inst137|41'
Slack : 0.708
TNS   : 0.000

Type  : Fast 1200mV -40C Model Removal 'inst38'
Slack : 0.891
TNS   : 0.000

Type  : Fast 1200mV -40C Model Removal 'unifilter4:inst128|59'
Slack : 1.047
TNS   : 0.000

Type  : Fast 1200mV -40C Model Removal 'unifilter4:inst184|59'
Slack : 1.073
TNS   : 0.000

Type  : Fast 1200mV -40C Model Removal 'unifilter4:inst129|59'
Slack : 1.334
TNS   : 0.000

Type  : Fast 1200mV -40C Model Minimum Pulse Width 'JUMP_4'
Slack : -3.000
TNS   : -143.262

Type  : Fast 1200mV -40C Model Minimum Pulse Width 'SCK'
Slack : -3.000
TNS   : -131.932

Type  : Fast 1200mV -40C Model Minimum Pulse Width 'PWR_ON'
Slack : -3.000
TNS   : -18.031

Type  : Fast 1200mV -40C Model Minimum Pulse Width 'inst7'
Slack : -1.000
TNS   : -25.000

Type  : Fast 1200mV -40C Model Minimum Pulse Width 'shrg_ctrl8:inst173|171'
Slack : -1.000
TNS   : -4.355

Type  : Fast 1200mV -40C Model Minimum Pulse Width 'div5:inst137|41'
Slack : -1.000
TNS   : -4.000

Type  : Fast 1200mV -40C Model Minimum Pulse Width 'div5:inst137|6'
Slack : -1.000
TNS   : -3.000

Type  : Fast 1200mV -40C Model Minimum Pulse Width 'inst38'
Slack : -1.000
TNS   : -3.000

Type  : Fast 1200mV -40C Model Minimum Pulse Width 'unifilter4:inst128|79'
Slack : -1.000
TNS   : -2.000

Type  : Fast 1200mV -40C Model Minimum Pulse Width 'unifilter4:inst128|80'
Slack : -1.000
TNS   : -2.000

Type  : Fast 1200mV -40C Model Minimum Pulse Width 'unifilter4:inst128|81'
Slack : -1.000
TNS   : -2.000

Type  : Fast 1200mV -40C Model Minimum Pulse Width 'unifilter4:inst129|79'
Slack : -1.000
TNS   : -2.000

Type  : Fast 1200mV -40C Model Minimum Pulse Width 'unifilter4:inst129|80'
Slack : -1.000
TNS   : -2.000

Type  : Fast 1200mV -40C Model Minimum Pulse Width 'unifilter4:inst129|81'
Slack : -1.000
TNS   : -2.000

Type  : Fast 1200mV -40C Model Minimum Pulse Width 'unifilter4:inst184|79'
Slack : -1.000
TNS   : -2.000

Type  : Fast 1200mV -40C Model Minimum Pulse Width 'unifilter4:inst184|80'
Slack : -1.000
TNS   : -2.000

Type  : Fast 1200mV -40C Model Minimum Pulse Width 'unifilter4:inst184|81'
Slack : -1.000
TNS   : -2.000

Type  : Fast 1200mV -40C Model Minimum Pulse Width 'unifilter4:inst128|59'
Slack : -1.000
TNS   : -1.000

Type  : Fast 1200mV -40C Model Minimum Pulse Width 'unifilter4:inst129|59'
Slack : -1.000
TNS   : -1.000

Type  : Fast 1200mV -40C Model Minimum Pulse Width 'unifilter4:inst184|59'
Slack : -1.000
TNS   : -1.000

Type  : Fast 1200mV -40C Model Minimum Pulse Width 'inst169|altpll_component|auto_generated|pll1|clk[0]'
Slack : 2.838
TNS   : 0.000

Type  : Fast 1200mV -40C Model Minimum Pulse Width 'inst176|altpll_component|auto_generated|pll1|clk[0]'
Slack : 4.357
TNS   : 0.000

Type  : Fast 1200mV -40C Model Minimum Pulse Width 'CLK_50MHz'
Slack : 9.253
TNS   : 0.000

------------------------------------------------------------
