------------------------------------------------------------
TimeQuest Timing Analyzer Summary
------------------------------------------------------------

Type  : Slow 1200mV 100C Model Setup 'unifilter4:inst184|59'
Slack : -5.882
TNS   : -5.882

Type  : Slow 1200mV 100C Model Setup 'shrg_ctrl6:inst|177'
Slack : -5.788
TNS   : -5.788

Type  : Slow 1200mV 100C Model Setup 'PWR_ON'
Slack : -5.433
TNS   : -8.816

Type  : Slow 1200mV 100C Model Setup 'SCK'
Slack : -5.061
TNS   : -162.357

Type  : Slow 1200mV 100C Model Setup 'inst176|altpll_component|auto_generated|pll1|clk[0]'
Slack : -4.444
TNS   : -128.435

Type  : Slow 1200mV 100C Model Setup 'JUMP_1'
Slack : -4.434
TNS   : -134.989

Type  : Slow 1200mV 100C Model Setup 'unifilter4:inst184|79'
Slack : -4.351
TNS   : -4.351

Type  : Slow 1200mV 100C Model Setup 'unifilter4:inst184|80'
Slack : -4.049
TNS   : -4.049

Type  : Slow 1200mV 100C Model Setup 'unifilter4:inst184|81'
Slack : -3.069
TNS   : -3.069

Type  : Slow 1200mV 100C Model Setup 'CLK_50MHz'
Slack : -3.026
TNS   : -17.250

Type  : Slow 1200mV 100C Model Setup 'unifilter4:inst129|59'
Slack : -2.237
TNS   : -2.237

Type  : Slow 1200mV 100C Model Setup 'div5-1123:inst205|41'
Slack : -2.193
TNS   : -8.204

Type  : Slow 1200mV 100C Model Setup 'unifilter4:inst128|59'
Slack : -1.287
TNS   : -1.287

Type  : Slow 1200mV 100C Model Setup 'inst19'
Slack : -1.019
TNS   : -4.246

Type  : Slow 1200mV 100C Model Setup 'inst169|altpll_component|auto_generated|pll1|clk[0]'
Slack : -0.631
TNS   : -1.816

Type  : Slow 1200mV 100C Model Setup 'unifilter4:inst129|79'
Slack : -0.274
TNS   : -0.295

Type  : Slow 1200mV 100C Model Setup 'inst38'
Slack : -0.043
TNS   : -0.043

Type  : Slow 1200mV 100C Model Setup 'unifilter4:inst128|79'
Slack : -0.013
TNS   : -0.013

Type  : Slow 1200mV 100C Model Setup 'unifilter4:inst129|80'
Slack : 0.033
TNS   : 0.000

Type  : Slow 1200mV 100C Model Setup 'unifilter4:inst128|80'
Slack : 0.094
TNS   : 0.000

Type  : Slow 1200mV 100C Model Setup 'unifilter4:inst128|81'
Slack : 0.095
TNS   : 0.000

Type  : Slow 1200mV 100C Model Setup 'unifilter4:inst129|81'
Slack : 0.203
TNS   : 0.000

Type  : Slow 1200mV 100C Model Hold 'JUMP_1'
Slack : -3.501
TNS   : -52.815

Type  : Slow 1200mV 100C Model Hold 'inst176|altpll_component|auto_generated|pll1|clk[0]'
Slack : -2.360
TNS   : -43.073

Type  : Slow 1200mV 100C Model Hold 'PWR_ON'
Slack : -2.085
TNS   : -9.874

Type  : Slow 1200mV 100C Model Hold 'inst169|altpll_component|auto_generated|pll1|clk[0]'
Slack : -1.984
TNS   : -8.458

Type  : Slow 1200mV 100C Model Hold 'SCK'
Slack : -1.665
TNS   : -43.471

Type  : Slow 1200mV 100C Model Hold 'unifilter4:inst128|80'
Slack : -0.338
TNS   : -0.338

Type  : Slow 1200mV 100C Model Hold 'unifilter4:inst129|81'
Slack : -0.201
TNS   : -0.201

Type  : Slow 1200mV 100C Model Hold 'CLK_50MHz'
Slack : -0.188
TNS   : -0.193

Type  : Slow 1200mV 100C Model Hold 'unifilter4:inst128|79'
Slack : -0.184
TNS   : -0.184

Type  : Slow 1200mV 100C Model Hold 'inst19'
Slack : -0.103
TNS   : -0.369

Type  : Slow 1200mV 100C Model Hold 'unifilter4:inst129|80'
Slack : -0.040
TNS   : -0.065

Type  : Slow 1200mV 100C Model Hold 'unifilter4:inst184|80'
Slack : 0.002
TNS   : 0.000

Type  : Slow 1200mV 100C Model Hold 'unifilter4:inst129|79'
Slack : 0.061
TNS   : 0.000

Type  : Slow 1200mV 100C Model Hold 'unifilter4:inst184|81'
Slack : 0.062
TNS   : 0.000

Type  : Slow 1200mV 100C Model Hold 'div5-1123:inst205|41'
Slack : 0.067
TNS   : 0.000

Type  : Slow 1200mV 100C Model Hold 'unifilter4:inst128|81'
Slack : 0.129
TNS   : 0.000

Type  : Slow 1200mV 100C Model Hold 'unifilter4:inst184|79'
Slack : 0.129
TNS   : 0.000

Type  : Slow 1200mV 100C Model Hold 'inst38'
Slack : 0.612
TNS   : 0.000

Type  : Slow 1200mV 100C Model Hold 'unifilter4:inst129|59'
Slack : 0.766
TNS   : 0.000

Type  : Slow 1200mV 100C Model Hold 'unifilter4:inst184|59'
Slack : 0.845
TNS   : 0.000

Type  : Slow 1200mV 100C Model Hold 'unifilter4:inst128|59'
Slack : 0.949
TNS   : 0.000

Type  : Slow 1200mV 100C Model Hold 'shrg_ctrl6:inst|177'
Slack : 5.995
TNS   : 0.000

Type  : Slow 1200mV 100C Model Recovery 'shrg_ctrl6:inst|177'
Slack : -5.964
TNS   : -5.964

Type  : Slow 1200mV 100C Model Recovery 'div5-1123:inst205|41'
Slack : -4.801
TNS   : -19.204

Type  : Slow 1200mV 100C Model Recovery 'JUMP_1'
Slack : -4.470
TNS   : -54.554

Type  : Slow 1200mV 100C Model Recovery 'inst19'
Slack : -4.080
TNS   : -16.320

Type  : Slow 1200mV 100C Model Recovery 'SCK'
Slack : -3.292
TNS   : -4.559

Type  : Slow 1200mV 100C Model Recovery 'inst176|altpll_component|auto_generated|pll1|clk[0]'
Slack : -2.920
TNS   : -85.311

Type  : Slow 1200mV 100C Model Recovery 'unifilter4:inst184|81'
Slack : -1.929
TNS   : -1.929

Type  : Slow 1200mV 100C Model Recovery 'unifilter4:inst184|79'
Slack : -1.898
TNS   : -1.898

Type  : Slow 1200mV 100C Model Recovery 'unifilter4:inst129|80'
Slack : -1.822
TNS   : -1.822

Type  : Slow 1200mV 100C Model Recovery 'unifilter4:inst184|80'
Slack : -1.674
TNS   : -1.674

Type  : Slow 1200mV 100C Model Recovery 'unifilter4:inst128|80'
Slack : -1.648
TNS   : -1.648

Type  : Slow 1200mV 100C Model Recovery 'unifilter4:inst128|81'
Slack : -1.593
TNS   : -1.593

Type  : Slow 1200mV 100C Model Recovery 'unifilter4:inst129|79'
Slack : -1.591
TNS   : -1.591

Type  : Slow 1200mV 100C Model Recovery 'unifilter4:inst128|79'
Slack : -1.556
TNS   : -1.556

Type  : Slow 1200mV 100C Model Recovery 'unifilter4:inst129|81'
Slack : -1.450
TNS   : -1.450

Type  : Slow 1200mV 100C Model Recovery 'unifilter4:inst128|59'
Slack : -1.004
TNS   : -1.004

Type  : Slow 1200mV 100C Model Recovery 'unifilter4:inst184|59'
Slack : -0.954
TNS   : -0.954

Type  : Slow 1200mV 100C Model Recovery 'unifilter4:inst129|59'
Slack : -0.797
TNS   : -0.797

Type  : Slow 1200mV 100C Model Recovery 'CLK_50MHz'
Slack : -0.269
TNS   : -4.847

Type  : Slow 1200mV 100C Model Recovery 'inst169|altpll_component|auto_generated|pll1|clk[0]'
Slack : -0.241
TNS   : -0.512

Type  : Slow 1200mV 100C Model Recovery 'inst38'
Slack : 0.477
TNS   : 0.000

Type  : Slow 1200mV 100C Model Recovery 'PWR_ON'
Slack : 0.567
TNS   : 0.000

Type  : Slow 1200mV 100C Model Removal 'JUMP_1'
Slack : -2.822
TNS   : -32.602

Type  : Slow 1200mV 100C Model Removal 'inst176|altpll_component|auto_generated|pll1|clk[0]'
Slack : -2.257
TNS   : -40.988

Type  : Slow 1200mV 100C Model Removal 'inst169|altpll_component|auto_generated|pll1|clk[0]'
Slack : -2.084
TNS   : -8.308

Type  : Slow 1200mV 100C Model Removal 'PWR_ON'
Slack : -1.677
TNS   : -6.428

Type  : Slow 1200mV 100C Model Removal 'SCK'
Slack : -1.125
TNS   : -11.250

Type  : Slow 1200mV 100C Model Removal 'inst38'
Slack : -0.545
TNS   : -1.090

Type  : Slow 1200mV 100C Model Removal 'inst19'
Slack : -0.516
TNS   : -2.199

Type  : Slow 1200mV 100C Model Removal 'CLK_50MHz'
Slack : 0.102
TNS   : 0.000

Type  : Slow 1200mV 100C Model Removal 'div5-1123:inst205|41'
Slack : 0.227
TNS   : 0.000

Type  : Slow 1200mV 100C Model Removal 'unifilter4:inst184|80'
Slack : 0.296
TNS   : 0.000

Type  : Slow 1200mV 100C Model Removal 'unifilter4:inst129|81'
Slack : 0.427
TNS   : 0.000

Type  : Slow 1200mV 100C Model Removal 'unifilter4:inst128|81'
Slack : 0.436
TNS   : 0.000

Type  : Slow 1200mV 100C Model Removal 'unifilter4:inst184|81'
Slack : 0.453
TNS   : 0.000

Type  : Slow 1200mV 100C Model Removal 'unifilter4:inst184|79'
Slack : 0.513
TNS   : 0.000

Type  : Slow 1200mV 100C Model Removal 'unifilter4:inst128|79'
Slack : 0.536
TNS   : 0.000

Type  : Slow 1200mV 100C Model Removal 'unifilter4:inst128|80'
Slack : 0.619
TNS   : 0.000

Type  : Slow 1200mV 100C Model Removal 'unifilter4:inst129|79'
Slack : 0.688
TNS   : 0.000

Type  : Slow 1200mV 100C Model Removal 'unifilter4:inst129|80'
Slack : 0.903
TNS   : 0.000

Type  : Slow 1200mV 100C Model Removal 'unifilter4:inst129|59'
Slack : 0.962
TNS   : 0.000

Type  : Slow 1200mV 100C Model Removal 'unifilter4:inst184|59'
Slack : 1.116
TNS   : 0.000

Type  : Slow 1200mV 100C Model Removal 'unifilter4:inst128|59'
Slack : 1.182
TNS   : 0.000

Type  : Slow 1200mV 100C Model Removal 'shrg_ctrl6:inst|177'
Slack : 1.517
TNS   : 0.000

Type  : Slow 1200mV 100C Model Minimum Pulse Width 'JUMP_1'
Slack : -3.000
TNS   : -79.577

Type  : Slow 1200mV 100C Model Minimum Pulse Width 'SCK'
Slack : -3.000
TNS   : -73.510

Type  : Slow 1200mV 100C Model Minimum Pulse Width 'PWR_ON'
Slack : -3.000
TNS   : -10.710

Type  : Slow 1200mV 100C Model Minimum Pulse Width 'inst19'
Slack : -1.285
TNS   : -10.280

Type  : Slow 1200mV 100C Model Minimum Pulse Width 'div5-1123:inst205|41'
Slack : -1.285
TNS   : -5.140

Type  : Slow 1200mV 100C Model Minimum Pulse Width 'inst38'
Slack : -1.285
TNS   : -2.570

Type  : Slow 1200mV 100C Model Minimum Pulse Width 'unifilter4:inst128|79'
Slack : -1.285
TNS   : -2.570

Type  : Slow 1200mV 100C Model Minimum Pulse Width 'unifilter4:inst128|80'
Slack : -1.285
TNS   : -2.570

Type  : Slow 1200mV 100C Model Minimum Pulse Width 'unifilter4:inst128|81'
Slack : -1.285
TNS   : -2.570

Type  : Slow 1200mV 100C Model Minimum Pulse Width 'unifilter4:inst129|79'
Slack : -1.285
TNS   : -2.570

Type  : Slow 1200mV 100C Model Minimum Pulse Width 'unifilter4:inst129|80'
Slack : -1.285
TNS   : -2.570

Type  : Slow 1200mV 100C Model Minimum Pulse Width 'unifilter4:inst129|81'
Slack : -1.285
TNS   : -2.570

Type  : Slow 1200mV 100C Model Minimum Pulse Width 'unifilter4:inst184|79'
Slack : -1.285
TNS   : -2.570

Type  : Slow 1200mV 100C Model Minimum Pulse Width 'unifilter4:inst184|80'
Slack : -1.285
TNS   : -2.570

Type  : Slow 1200mV 100C Model Minimum Pulse Width 'unifilter4:inst184|81'
Slack : -1.285
TNS   : -2.570

Type  : Slow 1200mV 100C Model Minimum Pulse Width 'shrg_ctrl6:inst|177'
Slack : -1.285
TNS   : -1.285

Type  : Slow 1200mV 100C Model Minimum Pulse Width 'unifilter4:inst128|59'
Slack : -1.285
TNS   : -1.285

Type  : Slow 1200mV 100C Model Minimum Pulse Width 'unifilter4:inst129|59'
Slack : -1.285
TNS   : -1.285

Type  : Slow 1200mV 100C Model Minimum Pulse Width 'unifilter4:inst184|59'
Slack : -1.285
TNS   : -1.285

Type  : Slow 1200mV 100C Model Minimum Pulse Width 'inst169|altpll_component|auto_generated|pll1|clk[0]'
Slack : 2.831
TNS   : 0.000

Type  : Slow 1200mV 100C Model Minimum Pulse Width 'inst176|altpll_component|auto_generated|pll1|clk[0]'
Slack : 4.563
TNS   : 0.000

Type  : Slow 1200mV 100C Model Minimum Pulse Width 'CLK_50MHz'
Slack : 9.729
TNS   : 0.000

Type  : Slow 1200mV -40C Model Setup 'unifilter4:inst184|59'
Slack : -5.242
TNS   : -5.242

Type  : Slow 1200mV -40C Model Setup 'shrg_ctrl6:inst|177'
Slack : -4.900
TNS   : -4.900

Type  : Slow 1200mV -40C Model Setup 'PWR_ON'
Slack : -4.709
TNS   : -7.287

Type  : Slow 1200mV -40C Model Setup 'SCK'
Slack : -4.492
TNS   : -139.404

Type  : Slow 1200mV -40C Model Setup 'JUMP_1'
Slack : -3.932
TNS   : -119.420

Type  : Slow 1200mV -40C Model Setup 'inst176|altpll_component|auto_generated|pll1|clk[0]'
Slack : -3.911
TNS   : -111.674

Type  : Slow 1200mV -40C Model Setup 'unifilter4:inst184|79'
Slack : -3.765
TNS   : -3.765

Type  : Slow 1200mV -40C Model Setup 'unifilter4:inst184|80'
Slack : -3.490
TNS   : -3.490

Type  : Slow 1200mV -40C Model Setup 'CLK_50MHz'
Slack : -2.714
TNS   : -13.007

Type  : Slow 1200mV -40C Model Setup 'unifilter4:inst184|81'
Slack : -2.709
TNS   : -2.709

Type  : Slow 1200mV -40C Model Setup 'unifilter4:inst129|59'
Slack : -2.088
TNS   : -2.088

Type  : Slow 1200mV -40C Model Setup 'div5-1123:inst205|41'
Slack : -1.912
TNS   : -7.317

Type  : Slow 1200mV -40C Model Setup 'unifilter4:inst128|59'
Slack : -1.158
TNS   : -1.158

Type  : Slow 1200mV -40C Model Setup 'inst19'
Slack : -0.915
TNS   : -2.968

Type  : Slow 1200mV -40C Model Setup 'inst169|altpll_component|auto_generated|pll1|clk[0]'
Slack : -0.482
TNS   : -1.431

Type  : Slow 1200mV -40C Model Setup 'unifilter4:inst129|79'
Slack : -0.092
TNS   : -0.092

Type  : Slow 1200mV -40C Model Setup 'unifilter4:inst128|79'
Slack : 0.052
TNS   : 0.000

Type  : Slow 1200mV -40C Model Setup 'inst38'
Slack : 0.083
TNS   : 0.000

Type  : Slow 1200mV -40C Model Setup 'unifilter4:inst128|81'
Slack : 0.090
TNS   : 0.000

Type  : Slow 1200mV -40C Model Setup 'unifilter4:inst128|80'
Slack : 0.113
TNS   : 0.000

Type  : Slow 1200mV -40C Model Setup 'unifilter4:inst129|80'
Slack : 0.134
TNS   : 0.000

Type  : Slow 1200mV -40C Model Setup 'unifilter4:inst129|81'
Slack : 0.299
TNS   : 0.000

Type  : Slow 1200mV -40C Model Hold 'JUMP_1'
Slack : -3.253
TNS   : -50.312

Type  : Slow 1200mV -40C Model Hold 'inst176|altpll_component|auto_generated|pll1|clk[0]'
Slack : -2.270
TNS   : -42.714

Type  : Slow 1200mV -40C Model Hold 'PWR_ON'
Slack : -1.949
TNS   : -9.410

Type  : Slow 1200mV -40C Model Hold 'inst169|altpll_component|auto_generated|pll1|clk[0]'
Slack : -1.851
TNS   : -7.482

Type  : Slow 1200mV -40C Model Hold 'SCK'
Slack : -1.593
TNS   : -44.443

Type  : Slow 1200mV -40C Model Hold 'unifilter4:inst128|80'
Slack : -0.283
TNS   : -0.283

Type  : Slow 1200mV -40C Model Hold 'inst19'
Slack : -0.252
TNS   : -0.919

Type  : Slow 1200mV -40C Model Hold 'unifilter4:inst129|81'
Slack : -0.223
TNS   : -0.223

Type  : Slow 1200mV -40C Model Hold 'unifilter4:inst128|79'
Slack : -0.131
TNS   : -0.131

Type  : Slow 1200mV -40C Model Hold 'CLK_50MHz'
Slack : -0.092
TNS   : -0.092

Type  : Slow 1200mV -40C Model Hold 'div5-1123:inst205|41'
Slack : -0.072
TNS   : -0.199

Type  : Slow 1200mV -40C Model Hold 'unifilter4:inst129|80'
Slack : -0.023
TNS   : -0.036

Type  : Slow 1200mV -40C Model Hold 'unifilter4:inst184|80'
Slack : 0.010
TNS   : 0.000

Type  : Slow 1200mV -40C Model Hold 'unifilter4:inst128|81'
Slack : 0.056
TNS   : 0.000

Type  : Slow 1200mV -40C Model Hold 'unifilter4:inst129|79'
Slack : 0.058
TNS   : 0.000

Type  : Slow 1200mV -40C Model Hold 'unifilter4:inst184|81'
Slack : 0.061
TNS   : 0.000

Type  : Slow 1200mV -40C Model Hold 'unifilter4:inst184|79'
Slack : 0.144
TNS   : 0.000

Type  : Slow 1200mV -40C Model Hold 'inst38'
Slack : 0.543
TNS   : 0.000

Type  : Slow 1200mV -40C Model Hold 'unifilter4:inst129|59'
Slack : 0.677
TNS   : 0.000

Type  : Slow 1200mV -40C Model Hold 'unifilter4:inst184|59'
Slack : 0.730
TNS   : 0.000

Type  : Slow 1200mV -40C Model Hold 'unifilter4:inst128|59'
Slack : 0.823
TNS   : 0.000

Type  : Slow 1200mV -40C Model Hold 'shrg_ctrl6:inst|177'
Slack : 5.234
TNS   : 0.000

Type  : Slow 1200mV -40C Model Recovery 'shrg_ctrl6:inst|177'
Slack : -5.385
TNS   : -5.385

Type  : Slow 1200mV -40C Model Recovery 'div5-1123:inst205|41'
Slack : -4.286
TNS   : -17.144

Type  : Slow 1200mV -40C Model Recovery 'JUMP_1'
Slack : -3.970
TNS   : -48.977

Type  : Slow 1200mV -40C Model Recovery 'inst19'
Slack : -3.566
TNS   : -14.264

Type  : Slow 1200mV -40C Model Recovery 'SCK'
Slack : -2.946
TNS   : -3.716

Type  : Slow 1200mV -40C Model Recovery 'inst176|altpll_component|auto_generated|pll1|clk[0]'
Slack : -2.568
TNS   : -70.052

Type  : Slow 1200mV -40C Model Recovery 'unifilter4:inst184|79'
Slack : -1.694
TNS   : -1.694

Type  : Slow 1200mV -40C Model Recovery 'unifilter4:inst129|80'
Slack : -1.624
TNS   : -1.624

Type  : Slow 1200mV -40C Model Recovery 'unifilter4:inst184|81'
Slack : -1.605
TNS   : -1.605

Type  : Slow 1200mV -40C Model Recovery 'unifilter4:inst184|80'
Slack : -1.512
TNS   : -1.512

Type  : Slow 1200mV -40C Model Recovery 'unifilter4:inst128|80'
Slack : -1.478
TNS   : -1.478

Type  : Slow 1200mV -40C Model Recovery 'unifilter4:inst129|79'
Slack : -1.433
TNS   : -1.433

Type  : Slow 1200mV -40C Model Recovery 'unifilter4:inst128|79'
Slack : -1.402
TNS   : -1.402

Type  : Slow 1200mV -40C Model Recovery 'unifilter4:inst128|81'
Slack : -1.296
TNS   : -1.296

Type  : Slow 1200mV -40C Model Recovery 'unifilter4:inst129|81'
Slack : -1.155
TNS   : -1.155

Type  : Slow 1200mV -40C Model Recovery 'unifilter4:inst128|59'
Slack : -0.929
TNS   : -0.929

Type  : Slow 1200mV -40C Model Recovery 'unifilter4:inst184|59'
Slack : -0.903
TNS   : -0.903

Type  : Slow 1200mV -40C Model Recovery 'unifilter4:inst129|59'
Slack : -0.750
TNS   : -0.750

Type  : Slow 1200mV -40C Model Recovery 'inst169|altpll_component|auto_generated|pll1|clk[0]'
Slack : -0.140
TNS   : -0.452

Type  : Slow 1200mV -40C Model Recovery 'CLK_50MHz'
Slack : -0.133
TNS   : -1.258

Type  : Slow 1200mV -40C Model Recovery 'inst38'
Slack : 0.547
TNS   : 0.000

Type  : Slow 1200mV -40C Model Recovery 'PWR_ON'
Slack : 0.731
TNS   : 0.000

Type  : Slow 1200mV -40C Model Removal 'JUMP_1'
Slack : -2.598
TNS   : -31.122

Type  : Slow 1200mV -40C Model Removal 'inst176|altpll_component|auto_generated|pll1|clk[0]'
Slack : -2.137
TNS   : -38.996

Type  : Slow 1200mV -40C Model Removal 'inst169|altpll_component|auto_generated|pll1|clk[0]'
Slack : -1.871
TNS   : -7.293

Type  : Slow 1200mV -40C Model Removal 'PWR_ON'
Slack : -1.532
TNS   : -5.896

Type  : Slow 1200mV -40C Model Removal 'SCK'
Slack : -1.135
TNS   : -11.350

Type  : Slow 1200mV -40C Model Removal 'inst19'
Slack : -0.520
TNS   : -2.194

Type  : Slow 1200mV -40C Model Removal 'inst38'
Slack : -0.398
TNS   : -0.796

Type  : Slow 1200mV -40C Model Removal 'div5-1123:inst205|41'
Slack : 0.122
TNS   : 0.000

Type  : Slow 1200mV -40C Model Removal 'CLK_50MHz'
Slack : 0.170
TNS   : 0.000

Type  : Slow 1200mV -40C Model Removal 'unifilter4:inst184|80'
Slack : 0.253
TNS   : 0.000

Type  : Slow 1200mV -40C Model Removal 'unifilter4:inst129|81'
Slack : 0.360
TNS   : 0.000

Type  : Slow 1200mV -40C Model Removal 'unifilter4:inst128|81'
Slack : 0.377
TNS   : 0.000

Type  : Slow 1200mV -40C Model Removal 'unifilter4:inst184|81'
Slack : 0.406
TNS   : 0.000

Type  : Slow 1200mV -40C Model Removal 'unifilter4:inst184|79'
Slack : 0.430
TNS   : 0.000

Type  : Slow 1200mV -40C Model Removal 'unifilter4:inst128|79'
Slack : 0.457
TNS   : 0.000

Type  : Slow 1200mV -40C Model Removal 'unifilter4:inst128|80'
Slack : 0.526
TNS   : 0.000

Type  : Slow 1200mV -40C Model Removal 'unifilter4:inst129|79'
Slack : 0.585
TNS   : 0.000

Type  : Slow 1200mV -40C Model Removal 'unifilter4:inst129|80'
Slack : 0.764
TNS   : 0.000

Type  : Slow 1200mV -40C Model Removal 'unifilter4:inst129|59'
Slack : 0.850
TNS   : 0.000

Type  : Slow 1200mV -40C Model Removal 'unifilter4:inst184|59'
Slack : 0.967
TNS   : 0.000

Type  : Slow 1200mV -40C Model Removal 'unifilter4:inst128|59'
Slack : 1.031
TNS   : 0.000

Type  : Slow 1200mV -40C Model Removal 'shrg_ctrl6:inst|177'
Slack : 1.337
TNS   : 0.000

Type  : Slow 1200mV -40C Model Minimum Pulse Width 'JUMP_1'
Slack : -3.000
TNS   : -78.290

Type  : Slow 1200mV -40C Model Minimum Pulse Width 'SCK'
Slack : -3.000
TNS   : -73.022

Type  : Slow 1200mV -40C Model Minimum Pulse Width 'PWR_ON'
Slack : -3.000
TNS   : -10.710

Type  : Slow 1200mV -40C Model Minimum Pulse Width 'inst19'
Slack : -1.285
TNS   : -10.280

Type  : Slow 1200mV -40C Model Minimum Pulse Width 'div5-1123:inst205|41'
Slack : -1.285
TNS   : -5.140

Type  : Slow 1200mV -40C Model Minimum Pulse Width 'inst38'
Slack : -1.285
TNS   : -2.570

Type  : Slow 1200mV -40C Model Minimum Pulse Width 'unifilter4:inst128|79'
Slack : -1.285
TNS   : -2.570

Type  : Slow 1200mV -40C Model Minimum Pulse Width 'unifilter4:inst128|80'
Slack : -1.285
TNS   : -2.570

Type  : Slow 1200mV -40C Model Minimum Pulse Width 'unifilter4:inst128|81'
Slack : -1.285
TNS   : -2.570

Type  : Slow 1200mV -40C Model Minimum Pulse Width 'unifilter4:inst129|79'
Slack : -1.285
TNS   : -2.570

Type  : Slow 1200mV -40C Model Minimum Pulse Width 'unifilter4:inst129|80'
Slack : -1.285
TNS   : -2.570

Type  : Slow 1200mV -40C Model Minimum Pulse Width 'unifilter4:inst129|81'
Slack : -1.285
TNS   : -2.570

Type  : Slow 1200mV -40C Model Minimum Pulse Width 'unifilter4:inst184|79'
Slack : -1.285
TNS   : -2.570

Type  : Slow 1200mV -40C Model Minimum Pulse Width 'unifilter4:inst184|80'
Slack : -1.285
TNS   : -2.570

Type  : Slow 1200mV -40C Model Minimum Pulse Width 'unifilter4:inst184|81'
Slack : -1.285
TNS   : -2.570

Type  : Slow 1200mV -40C Model Minimum Pulse Width 'shrg_ctrl6:inst|177'
Slack : -1.285
TNS   : -1.285

Type  : Slow 1200mV -40C Model Minimum Pulse Width 'unifilter4:inst128|59'
Slack : -1.285
TNS   : -1.285

Type  : Slow 1200mV -40C Model Minimum Pulse Width 'unifilter4:inst129|59'
Slack : -1.285
TNS   : -1.285

Type  : Slow 1200mV -40C Model Minimum Pulse Width 'unifilter4:inst184|59'
Slack : -1.285
TNS   : -1.285

Type  : Slow 1200mV -40C Model Minimum Pulse Width 'inst169|altpll_component|auto_generated|pll1|clk[0]'
Slack : 2.754
TNS   : 0.000

Type  : Slow 1200mV -40C Model Minimum Pulse Width 'inst176|altpll_component|auto_generated|pll1|clk[0]'
Slack : 4.414
TNS   : 0.000

Type  : Slow 1200mV -40C Model Minimum Pulse Width 'CLK_50MHz'
Slack : 9.753
TNS   : 0.000

Type  : Fast 1200mV -40C Model Setup 'unifilter4:inst184|59'
Slack : -2.792
TNS   : -2.792

Type  : Fast 1200mV -40C Model Setup 'shrg_ctrl6:inst|177'
Slack : -2.643
TNS   : -2.643

Type  : Fast 1200mV -40C Model Setup 'PWR_ON'
Slack : -2.636
TNS   : -4.491

Type  : Fast 1200mV -40C Model Setup 'SCK'
Slack : -2.324
TNS   : -64.714

Type  : Fast 1200mV -40C Model Setup 'inst176|altpll_component|auto_generated|pll1|clk[0]'
Slack : -2.200
TNS   : -66.032

Type  : Fast 1200mV -40C Model Setup 'unifilter4:inst184|79'
Slack : -2.165
TNS   : -2.165

Type  : Fast 1200mV -40C Model Setup 'JUMP_1'
Slack : -2.078
TNS   : -60.249

Type  : Fast 1200mV -40C Model Setup 'unifilter4:inst184|80'
Slack : -2.040
TNS   : -2.040

Type  : Fast 1200mV -40C Model Setup 'unifilter4:inst184|81'
Slack : -1.513
TNS   : -1.513

Type  : Fast 1200mV -40C Model Setup 'CLK_50MHz'
Slack : -1.333
TNS   : -3.350

Type  : Fast 1200mV -40C Model Setup 'div5-1123:inst205|41'
Slack : -0.727
TNS   : -2.558

Type  : Fast 1200mV -40C Model Setup 'unifilter4:inst129|59'
Slack : -0.710
TNS   : -0.710

Type  : Fast 1200mV -40C Model Setup 'unifilter4:inst128|59'
Slack : -0.297
TNS   : -0.297

Type  : Fast 1200mV -40C Model Setup 'unifilter4:inst129|79'
Slack : -0.262
TNS   : -0.262

Type  : Fast 1200mV -40C Model Setup 'inst169|altpll_component|auto_generated|pll1|clk[0]'
Slack : -0.147
TNS   : -0.388

Type  : Fast 1200mV -40C Model Setup 'unifilter4:inst129|80'
Slack : -0.132
TNS   : -0.132

Type  : Fast 1200mV -40C Model Setup 'inst19'
Slack : -0.106
TNS   : -0.220

Type  : Fast 1200mV -40C Model Setup 'unifilter4:inst128|79'
Slack : -0.011
TNS   : -0.011

Type  : Fast 1200mV -40C Model Setup 'unifilter4:inst128|80'
Slack : 0.048
TNS   : 0.000

Type  : Fast 1200mV -40C Model Setup 'unifilter4:inst128|81'
Slack : 0.330
TNS   : 0.000

Type  : Fast 1200mV -40C Model Setup 'unifilter4:inst129|81'
Slack : 0.468
TNS   : 0.000

Type  : Fast 1200mV -40C Model Setup 'inst38'
Slack : 0.532
TNS   : 0.000

Type  : Fast 1200mV -40C Model Hold 'JUMP_1'
Slack : -1.580
TNS   : -27.460

Type  : Fast 1200mV -40C Model Hold 'inst169|altpll_component|auto_generated|pll1|clk[0]'
Slack : -1.028
TNS   : -4.255

Type  : Fast 1200mV -40C Model Hold 'PWR_ON'
Slack : -0.954
TNS   : -4.324

Type  : Fast 1200mV -40C Model Hold 'inst176|altpll_component|auto_generated|pll1|clk[0]'
Slack : -0.863
TNS   : -13.400

Type  : Fast 1200mV -40C Model Hold 'SCK'
Slack : -0.824
TNS   : -21.620

Type  : Fast 1200mV -40C Model Hold 'unifilter4:inst128|80'
Slack : -0.166
TNS   : -0.166

Type  : Fast 1200mV -40C Model Hold 'CLK_50MHz'
Slack : -0.165
TNS   : -0.363

Type  : Fast 1200mV -40C Model Hold 'unifilter4:inst128|79'
Slack : -0.104
TNS   : -0.119

Type  : Fast 1200mV -40C Model Hold 'unifilter4:inst129|80'
Slack : -0.056
TNS   : -0.075

Type  : Fast 1200mV -40C Model Hold 'unifilter4:inst184|80'
Slack : -0.044
TNS   : -0.044

Type  : Fast 1200mV -40C Model Hold 'unifilter4:inst184|81'
Slack : -0.015
TNS   : -0.015

Type  : Fast 1200mV -40C Model Hold 'unifilter4:inst129|79'
Slack : -0.014
TNS   : -0.014

Type  : Fast 1200mV -40C Model Hold 'unifilter4:inst184|79'
Slack : 0.009
TNS   : 0.000

Type  : Fast 1200mV -40C Model Hold 'div5-1123:inst205|41'
Slack : 0.031
TNS   : 0.000

Type  : Fast 1200mV -40C Model Hold 'inst19'
Slack : 0.063
TNS   : 0.000

Type  : Fast 1200mV -40C Model Hold 'unifilter4:inst128|81'
Slack : 0.197
TNS   : 0.000

Type  : Fast 1200mV -40C Model Hold 'unifilter4:inst129|81'
Slack : 0.197
TNS   : 0.000

Type  : Fast 1200mV -40C Model Hold 'inst38'
Slack : 0.257
TNS   : 0.000

Type  : Fast 1200mV -40C Model Hold 'unifilter4:inst184|59'
Slack : 0.426
TNS   : 0.000

Type  : Fast 1200mV -40C Model Hold 'unifilter4:inst128|59'
Slack : 0.428
TNS   : 0.000

Type  : Fast 1200mV -40C Model Hold 'unifilter4:inst129|59'
Slack : 0.433
TNS   : 0.000

Type  : Fast 1200mV -40C Model Hold 'shrg_ctrl6:inst|177'
Slack : 3.224
TNS   : 0.000

Type  : Fast 1200mV -40C Model Recovery 'shrg_ctrl6:inst|177'
Slack : -2.765
TNS   : -2.765

Type  : Fast 1200mV -40C Model Recovery 'div5-1123:inst205|41'
Slack : -2.284
TNS   : -9.136

Type  : Fast 1200mV -40C Model Recovery 'JUMP_1'
Slack : -2.113
TNS   : -22.226

Type  : Fast 1200mV -40C Model Recovery 'inst19'
Slack : -1.960
TNS   : -8.086

Type  : Fast 1200mV -40C Model Recovery 'inst176|altpll_component|auto_generated|pll1|clk[0]'
Slack : -1.528
TNS   : -54.974

Type  : Fast 1200mV -40C Model Recovery 'SCK'
Slack : -1.524
TNS   : -1.524

Type  : Fast 1200mV -40C Model Recovery 'unifilter4:inst184|81'
Slack : -1.003
TNS   : -1.003

Type  : Fast 1200mV -40C Model Recovery 'unifilter4:inst128|81'
Slack : -0.861
TNS   : -0.861

Type  : Fast 1200mV -40C Model Recovery 'unifilter4:inst129|81'
Slack : -0.806
TNS   : -0.806

Type  : Fast 1200mV -40C Model Recovery 'unifilter4:inst184|79'
Slack : -0.600
TNS   : -0.600

Type  : Fast 1200mV -40C Model Recovery 'unifilter4:inst129|80'
Slack : -0.576
TNS   : -0.576

Type  : Fast 1200mV -40C Model Recovery 'unifilter4:inst184|80'
Slack : -0.488
TNS   : -0.488

Type  : Fast 1200mV -40C Model Recovery 'unifilter4:inst128|80'
Slack : -0.487
TNS   : -0.487

Type  : Fast 1200mV -40C Model Recovery 'unifilter4:inst129|79'
Slack : -0.463
TNS   : -0.463

Type  : Fast 1200mV -40C Model Recovery 'unifilter4:inst128|79'
Slack : -0.444
TNS   : -0.444

Type  : Fast 1200mV -40C Model Recovery 'inst169|altpll_component|auto_generated|pll1|clk[0]'
Slack : -0.386
TNS   : -1.989

Type  : Fast 1200mV -40C Model Recovery 'CLK_50MHz'
Slack : -0.252
TNS   : -4.989

Type  : Fast 1200mV -40C Model Recovery 'unifilter4:inst128|59'
Slack : -0.187
TNS   : -0.187

Type  : Fast 1200mV -40C Model Recovery 'unifilter4:inst184|59'
Slack : -0.133
TNS   : -0.133

Type  : Fast 1200mV -40C Model Recovery 'unifilter4:inst129|59'
Slack : -0.090
TNS   : -0.090

Type  : Fast 1200mV -40C Model Recovery 'PWR_ON'
Slack : 0.060
TNS   : 0.000

Type  : Fast 1200mV -40C Model Recovery 'inst38'
Slack : 0.113
TNS   : 0.000

Type  : Fast 1200mV -40C Model Removal 'JUMP_1'
Slack : -1.231
TNS   : -15.081

Type  : Fast 1200mV -40C Model Removal 'inst176|altpll_component|auto_generated|pll1|clk[0]'
Slack : -1.172
TNS   : -21.500

Type  : Fast 1200mV -40C Model Removal 'inst169|altpll_component|auto_generated|pll1|clk[0]'
Slack : -1.030
TNS   : -4.206

Type  : Fast 1200mV -40C Model Removal 'PWR_ON'
Slack : -0.722
TNS   : -2.682

Type  : Fast 1200mV -40C Model Removal 'SCK'
Slack : -0.522
TNS   : -5.220

Type  : Fast 1200mV -40C Model Removal 'inst38'
Slack : -0.315
TNS   : -0.630

Type  : Fast 1200mV -40C Model Removal 'inst19'
Slack : -0.229
TNS   : -1.024

Type  : Fast 1200mV -40C Model Removal 'CLK_50MHz'
Slack : -0.022
TNS   : -0.266

Type  : Fast 1200mV -40C Model Removal 'unifilter4:inst184|80'
Slack : 0.132
TNS   : 0.000

Type  : Fast 1200mV -40C Model Removal 'unifilter4:inst129|81'
Slack : 0.194
TNS   : 0.000

Type  : Fast 1200mV -40C Model Removal 'unifilter4:inst128|81'
Slack : 0.196
TNS   : 0.000

Type  : Fast 1200mV -40C Model Removal 'unifilter4:inst184|81'
Slack : 0.200
TNS   : 0.000

Type  : Fast 1200mV -40C Model Removal 'unifilter4:inst184|79'
Slack : 0.241
TNS   : 0.000

Type  : Fast 1200mV -40C Model Removal 'unifilter4:inst128|79'
Slack : 0.246
TNS   : 0.000

Type  : Fast 1200mV -40C Model Removal 'unifilter4:inst128|80'
Slack : 0.283
TNS   : 0.000

Type  : Fast 1200mV -40C Model Removal 'unifilter4:inst129|79'
Slack : 0.324
TNS   : 0.000

Type  : Fast 1200mV -40C Model Removal 'unifilter4:inst129|80'
Slack : 0.430
TNS   : 0.000

Type  : Fast 1200mV -40C Model Removal 'div5-1123:inst205|41'
Slack : 0.487
TNS   : 0.000

Type  : Fast 1200mV -40C Model Removal 'unifilter4:inst129|59'
Slack : 0.783
TNS   : 0.000

Type  : Fast 1200mV -40C Model Removal 'unifilter4:inst184|59'
Slack : 0.847
TNS   : 0.000

Type  : Fast 1200mV -40C Model Removal 'unifilter4:inst128|59'
Slack : 0.893
TNS   : 0.000

Type  : Fast 1200mV -40C Model Removal 'shrg_ctrl6:inst|177'
Slack : 1.029
TNS   : 0.000

Type  : Fast 1200mV -40C Model Minimum Pulse Width 'JUMP_1'
Slack : -3.000
TNS   : -71.532

Type  : Fast 1200mV -40C Model Minimum Pulse Width 'SCK'
Slack : -3.000
TNS   : -65.948

Type  : Fast 1200mV -40C Model Minimum Pulse Width 'PWR_ON'
Slack : -3.000
TNS   : -10.088

Type  : Fast 1200mV -40C Model Minimum Pulse Width 'inst19'
Slack : -1.000
TNS   : -8.000

Type  : Fast 1200mV -40C Model Minimum Pulse Width 'div5-1123:inst205|41'
Slack : -1.000
TNS   : -4.000

Type  : Fast 1200mV -40C Model Minimum Pulse Width 'inst38'
Slack : -1.000
TNS   : -2.000

Type  : Fast 1200mV -40C Model Minimum Pulse Width 'unifilter4:inst128|79'
Slack : -1.000
TNS   : -2.000

Type  : Fast 1200mV -40C Model Minimum Pulse Width 'unifilter4:inst128|80'
Slack : -1.000
TNS   : -2.000

Type  : Fast 1200mV -40C Model Minimum Pulse Width 'unifilter4:inst128|81'
Slack : -1.000
TNS   : -2.000

Type  : Fast 1200mV -40C Model Minimum Pulse Width 'unifilter4:inst129|79'
Slack : -1.000
TNS   : -2.000

Type  : Fast 1200mV -40C Model Minimum Pulse Width 'unifilter4:inst129|80'
Slack : -1.000
TNS   : -2.000

Type  : Fast 1200mV -40C Model Minimum Pulse Width 'unifilter4:inst129|81'
Slack : -1.000
TNS   : -2.000

Type  : Fast 1200mV -40C Model Minimum Pulse Width 'unifilter4:inst184|79'
Slack : -1.000
TNS   : -2.000

Type  : Fast 1200mV -40C Model Minimum Pulse Width 'unifilter4:inst184|80'
Slack : -1.000
TNS   : -2.000

Type  : Fast 1200mV -40C Model Minimum Pulse Width 'unifilter4:inst184|81'
Slack : -1.000
TNS   : -2.000

Type  : Fast 1200mV -40C Model Minimum Pulse Width 'shrg_ctrl6:inst|177'
Slack : -1.000
TNS   : -1.000

Type  : Fast 1200mV -40C Model Minimum Pulse Width 'unifilter4:inst128|59'
Slack : -1.000
TNS   : -1.000

Type  : Fast 1200mV -40C Model Minimum Pulse Width 'unifilter4:inst129|59'
Slack : -1.000
TNS   : -1.000

Type  : Fast 1200mV -40C Model Minimum Pulse Width 'unifilter4:inst184|59'
Slack : -1.000
TNS   : -1.000

Type  : Fast 1200mV -40C Model Minimum Pulse Width 'inst169|altpll_component|auto_generated|pll1|clk[0]'
Slack : 2.840
TNS   : 0.000

Type  : Fast 1200mV -40C Model Minimum Pulse Width 'inst176|altpll_component|auto_generated|pll1|clk[0]'
Slack : 4.384
TNS   : 0.000

Type  : Fast 1200mV -40C Model Minimum Pulse Width 'CLK_50MHz'
Slack : 9.438
TNS   : 0.000

------------------------------------------------------------
