Archive member included to satisfy reference by file (symbol)

/usr/lib/gcc/arm-none-eabi/9.2.1/../../../arm-none-eabi/lib/thumb/v7-m/nofp/libc_nano.a(lib_a-atexit.o)
                              /usr/lib/gcc/arm-none-eabi/9.2.1/../../../arm-none-eabi/lib/thumb/v7-m/nofp/crt0.o (atexit)
/usr/lib/gcc/arm-none-eabi/9.2.1/../../../arm-none-eabi/lib/thumb/v7-m/nofp/libc_nano.a(lib_a-errno.o)
                              ./Core/Src/syscalls.o (__errno)
/usr/lib/gcc/arm-none-eabi/9.2.1/../../../arm-none-eabi/lib/thumb/v7-m/nofp/libc_nano.a(lib_a-exit.o)
                              /usr/lib/gcc/arm-none-eabi/9.2.1/../../../arm-none-eabi/lib/thumb/v7-m/nofp/crt0.o (exit)
/usr/lib/gcc/arm-none-eabi/9.2.1/../../../arm-none-eabi/lib/thumb/v7-m/nofp/libc_nano.a(lib_a-fini.o)
                              /usr/lib/gcc/arm-none-eabi/9.2.1/../../../arm-none-eabi/lib/thumb/v7-m/nofp/crt0.o (__libc_fini_array)
/usr/lib/gcc/arm-none-eabi/9.2.1/../../../arm-none-eabi/lib/thumb/v7-m/nofp/libc_nano.a(lib_a-impure.o)
                              /usr/lib/gcc/arm-none-eabi/9.2.1/../../../arm-none-eabi/lib/thumb/v7-m/nofp/libc_nano.a(lib_a-exit.o) (_global_impure_ptr)
/usr/lib/gcc/arm-none-eabi/9.2.1/../../../arm-none-eabi/lib/thumb/v7-m/nofp/libc_nano.a(lib_a-init.o)
                              /usr/lib/gcc/arm-none-eabi/9.2.1/../../../arm-none-eabi/lib/thumb/v7-m/nofp/crt0.o (__libc_init_array)
/usr/lib/gcc/arm-none-eabi/9.2.1/../../../arm-none-eabi/lib/thumb/v7-m/nofp/libc_nano.a(lib_a-memcpy.o)
                              ./Middlewares/Third_Party/FreeRTOS/Source/queue.o (memcpy)
/usr/lib/gcc/arm-none-eabi/9.2.1/../../../arm-none-eabi/lib/thumb/v7-m/nofp/libc_nano.a(lib_a-memset.o)
                              /usr/lib/gcc/arm-none-eabi/9.2.1/../../../arm-none-eabi/lib/thumb/v7-m/nofp/crt0.o (memset)
/usr/lib/gcc/arm-none-eabi/9.2.1/../../../arm-none-eabi/lib/thumb/v7-m/nofp/libc_nano.a(lib_a-printf.o)
                              ./Middlewares/ST/STM32_USB_Device_Library/Core/Src/usbd_core.o (printf)
/usr/lib/gcc/arm-none-eabi/9.2.1/../../../arm-none-eabi/lib/thumb/v7-m/nofp/libc_nano.a(lib_a-putchar.o)
                              ./Middlewares/ST/STM32_USB_Device_Library/Core/Src/usbd_core.o (putchar)
/usr/lib/gcc/arm-none-eabi/9.2.1/../../../arm-none-eabi/lib/thumb/v7-m/nofp/libc_nano.a(lib_a-__atexit.o)
                              /usr/lib/gcc/arm-none-eabi/9.2.1/../../../arm-none-eabi/lib/thumb/v7-m/nofp/libc_nano.a(lib_a-atexit.o) (__register_exitproc)
/usr/lib/gcc/arm-none-eabi/9.2.1/../../../arm-none-eabi/lib/thumb/v7-m/nofp/libc_nano.a(lib_a-__call_atexit.o)
                              /usr/lib/gcc/arm-none-eabi/9.2.1/../../../arm-none-eabi/lib/thumb/v7-m/nofp/libc_nano.a(lib_a-__atexit.o) (__call_exitprocs)
/usr/lib/gcc/arm-none-eabi/9.2.1/../../../arm-none-eabi/lib/thumb/v7-m/nofp/libc_nano.a(lib_a-findfp.o)
                              /usr/lib/gcc/arm-none-eabi/9.2.1/../../../arm-none-eabi/lib/thumb/v7-m/nofp/libc_nano.a(lib_a-printf.o) (__sinit)
/usr/lib/gcc/arm-none-eabi/9.2.1/../../../arm-none-eabi/lib/thumb/v7-m/nofp/libc_nano.a(lib_a-fwalk.o)
                              /usr/lib/gcc/arm-none-eabi/9.2.1/../../../arm-none-eabi/lib/thumb/v7-m/nofp/libc_nano.a(lib_a-findfp.o) (_fwalk)
/usr/lib/gcc/arm-none-eabi/9.2.1/../../../arm-none-eabi/lib/thumb/v7-m/nofp/libc_nano.a(lib_a-nano-mallocr.o)
                              /usr/lib/gcc/arm-none-eabi/9.2.1/../../../arm-none-eabi/lib/thumb/v7-m/nofp/libc_nano.a(lib_a-findfp.o) (_malloc_r)
/usr/lib/gcc/arm-none-eabi/9.2.1/../../../arm-none-eabi/lib/thumb/v7-m/nofp/libc_nano.a(lib_a-nano-vfprintf.o)
                              /usr/lib/gcc/arm-none-eabi/9.2.1/../../../arm-none-eabi/lib/thumb/v7-m/nofp/libc_nano.a(lib_a-printf.o) (_vfprintf_r)
/usr/lib/gcc/arm-none-eabi/9.2.1/../../../arm-none-eabi/lib/thumb/v7-m/nofp/libc_nano.a(lib_a-nano-vfprintf_i.o)
                              /usr/lib/gcc/arm-none-eabi/9.2.1/../../../arm-none-eabi/lib/thumb/v7-m/nofp/libc_nano.a(lib_a-nano-vfprintf.o) (_printf_i)
/usr/lib/gcc/arm-none-eabi/9.2.1/../../../arm-none-eabi/lib/thumb/v7-m/nofp/libc_nano.a(lib_a-putc.o)
                              /usr/lib/gcc/arm-none-eabi/9.2.1/../../../arm-none-eabi/lib/thumb/v7-m/nofp/libc_nano.a(lib_a-putchar.o) (_putc_r)
/usr/lib/gcc/arm-none-eabi/9.2.1/../../../arm-none-eabi/lib/thumb/v7-m/nofp/libc_nano.a(lib_a-sbrkr.o)
                              /usr/lib/gcc/arm-none-eabi/9.2.1/../../../arm-none-eabi/lib/thumb/v7-m/nofp/libc_nano.a(lib_a-nano-mallocr.o) (_sbrk_r)
/usr/lib/gcc/arm-none-eabi/9.2.1/../../../arm-none-eabi/lib/thumb/v7-m/nofp/libc_nano.a(lib_a-stdio.o)
                              /usr/lib/gcc/arm-none-eabi/9.2.1/../../../arm-none-eabi/lib/thumb/v7-m/nofp/libc_nano.a(lib_a-findfp.o) (__sread)
/usr/lib/gcc/arm-none-eabi/9.2.1/../../../arm-none-eabi/lib/thumb/v7-m/nofp/libc_nano.a(lib_a-wbuf.o)
[...]
Memory Configuration

Name             Origin             Length             Attributes
RAM              0x0000000020000000 0x0000000000005000 xrw
FLASH            0x0000000008000000 0x0000000000010000 xr
*default*        0x0000000000000000 0xffffffffffffffff

Linker script and memory map

LOAD /usr/lib/gcc/arm-none-eabi/9.2.1/thumb/v7-m/nofp/crti.o
LOAD /usr/lib/gcc/arm-none-eabi/9.2.1/thumb/v7-m/nofp/crtbegin.o
LOAD /usr/lib/gcc/arm-none-eabi/9.2.1/../../../arm-none-eabi/lib/thumb/v7-m/nofp/crt0.o
LOAD ./Core/Src/freertos.o
LOAD ./Core/Src/main.o
LOAD ./Core/Src/stm32f1xx_hal_msp.o
LOAD ./Core/Src/stm32f1xx_hal_timebase_tim.o
LOAD ./Core/Src/stm32f1xx_it.o
LOAD ./Core/Src/syscalls.o
LOAD ./Core/Src/sysmem.o
LOAD ./Core/Src/system_stm32f1xx.o
LOAD ./Core/Startup/startup_stm32f103c8tx.o
LOAD ./Drivers/STM32F1xx_HAL_Driver/Src/stm32f1xx_hal.o
LOAD ./Drivers/STM32F1xx_HAL_Driver/Src/stm32f1xx_hal_cortex.o
LOAD ./Drivers/STM32F1xx_HAL_Driver/Src/stm32f1xx_hal_dma.o
LOAD ./Drivers/STM32F1xx_HAL_Driver/Src/stm32f1xx_hal_exti.o
LOAD ./Drivers/STM32F1xx_HAL_Driver/Src/stm32f1xx_hal_flash.o
LOAD ./Drivers/STM32F1xx_HAL_Driver/Src/stm32f1xx_hal_flash_ex.o
LOAD ./Drivers/STM32F1xx_HAL_Driver/Src/stm32f1xx_hal_gpio.o
LOAD ./Drivers/STM32F1xx_HAL_Driver/Src/stm32f1xx_hal_gpio_ex.o
LOAD ./Drivers/STM32F1xx_HAL_Driver/Src/stm32f1xx_hal_pcd.o
LOAD ./Drivers/STM32F1xx_HAL_Driver/Src/stm32f1xx_hal_pcd_ex.o
LOAD ./Drivers/STM32F1xx_HAL_Driver/Src/stm32f1xx_hal_pwr.o
LOAD ./Drivers/STM32F1xx_HAL_Driver/Src/stm32f1xx_hal_rcc.o
LOAD ./Drivers/STM32F1xx_HAL_Driver/Src/stm32f1xx_hal_rcc_ex.o
LOAD ./Drivers/STM32F1xx_HAL_Driver/Src/stm32f1xx_hal_tim.o
LOAD ./Drivers/STM32F1xx_HAL_Driver/Src/stm32f1xx_hal_tim_ex.o
LOAD ./Drivers/STM32F1xx_HAL_Driver/Src/stm32f1xx_ll_usb.o
LOAD ./Middlewares/ST/STM32_USB_Device_Library/Class/CDC/Src/usbd_cdc.o
LOAD ./Middlewares/ST/STM32_USB_Device_Library/Core/Src/usbd_core.o
LOAD ./Middlewares/ST/STM32_USB_Device_Library/Core/Src/usbd_ctlreq.o
LOAD ./Middlewares/ST/STM32_USB_Device_Library/Core/Src/usbd_ioreq.o
LOAD ./Middlewares/Third_Party/FreeRTOS/Source/CMSIS_RTOS/cmsis_os.o
LOAD ./Middlewares/Third_Party/FreeRTOS/Source/croutine.o
LOAD ./Middlewares/Third_Party/FreeRTOS/Source/event_groups.o
LOAD ./Middlewares/Third_Party/FreeRTOS/Source/list.o
LOAD ./Middlewares/Third_Party/FreeRTOS/Source/queue.o
LOAD ./Middlewares/Third_Party/FreeRTOS/Source/stream_buffer.o
LOAD ./Middlewares/Third_Party/FreeRTOS/Source/tasks.o
LOAD ./Middlewares/Third_Party/FreeRTOS/Source/timers.o
LOAD ./Middlewares/Third_Party/FreeRTOS/Source/portable/GCC/ARM_CM3/port.o
LOAD ./USB_DEVICE/App/usb_device.o
LOAD ./USB_DEVICE/App/usbd_cdc_if.o
LOAD ./USB_DEVICE/App/usbd_desc.o
LOAD ./USB_DEVICE/Target/usbd_conf.o
START GROUP
LOAD /usr/lib/gcc/arm-none-eabi/9.2.1/../../../arm-none-eabi/lib/thumb/v7-m/nofp/libc_nano.a
LOAD /usr/lib/gcc/arm-none-eabi/9.2.1/../../../arm-none-eabi/lib/thumb/v7-m/nofp/libm.a
END GROUP
START GROUP
LOAD /usr/lib/gcc/arm-none-eabi/9.2.1/thumb/v7-m/nofp/libgcc.a
LOAD /usr/lib/gcc/arm-none-eabi/9.2.1/../../../arm-none-eabi/lib/thumb/v7-m/nofp/libc_nano.a
END GROUP
START GROUP
LOAD /usr/lib/gcc/arm-none-eabi/9.2.1/thumb/v7-m/nofp/libgcc.a
LOAD /usr/lib/gcc/arm-none-eabi/9.2.1/../../../arm-none-eabi/lib/thumb/v7-m/nofp/libc_nano.a
LOAD /usr/lib/gcc/arm-none-eabi/9.2.1/../../../arm-none-eabi/lib/thumb/v7-m/nofp/libnosys.a
END GROUP
START GROUP
LOAD /usr/lib/gcc/arm-none-eabi/9.2.1/thumb/v7-m/nofp/libgcc.a
LOAD /usr/lib/gcc/arm-none-eabi/9.2.1/../../../arm-none-eabi/lib/thumb/v7-m/nofp/libc_nano.a
LOAD /usr/lib/gcc/arm-none-eabi/9.2.1/../../../arm-none-eabi/lib/thumb/v7-m/nofp/libnosys.a
END GROUP
LOAD /usr/lib/gcc/arm-none-eabi/9.2.1/thumb/v7-m/nofp/crtend.o
LOAD /usr/lib/gcc/arm-none-eabi/9.2.1/thumb/v7-m/nofp/crtn.o
                0x0000000020005000                _estack = (ORIGIN (RAM) + LENGTH (RAM))
                0x0000000000000200                _Min_Heap_Size = 0x200
                0x0000000000000400                _Min_Stack_Size = 0x400

.isr_vector     0x0000000008000000      0x10c
                0x0000000008000000                . = ALIGN (0x4)
 *(.isr_vector)
 .isr_vector    0x0000000008000000      0x10c ./Core/Startup/startup_stm32f103c8tx.o
                0x0000000008000000                g_pfnVectors
                0x000000000800010c                . = ALIGN (0x4)

.text           0x0000000008000110     0x5f74
                0x0000000008000110                . = ALIGN (0x4)
 *(.text)
 .text          0x0000000008000110       0x88 /usr/lib/gcc/arm-none-eabi/9.2.1/thumb/v7-m/nofp/crtbegin.o
 .text          0x0000000008000198        0xc /usr/lib/gcc/arm-none-eabi/9.2.1/../../../arm-none-eabi/lib/thumb/v7-m/nofp/libc_nano.a(lib_a-errno.o)
                0x0000000008000198                __errno
 .text          0x00000000080001a4       0x48 /usr/lib/gcc/arm-none-eabi/9.2.1/../../../arm-none-eabi/lib/thumb/v7-m/nofp/libc_nano.a(lib_a-init.o)
                0x00000000080001a4                __libc_init_array
 .text          0x00000000080001ec       0xec /usr/lib/gcc/arm-none-eabi/9.2.1/../../../arm-none-eabi/lib/thumb/v7-m/nofp/libc_nano.a(lib_a-memcpy.o)
                0x00000000080001ec                memcpy
 .text          0x00000000080002d8       0xa0 /usr/lib/gcc/arm-none-eabi/9.2.1/../../../arm-none-eabi/lib/thumb/v7-m/nofp/libc_nano.a(lib_a-memset.o)
                0x00000000080002d8                memset
 .text          0x0000000008000378       0x68 /usr/lib/gcc/arm-none-eabi/9.2.1/../../../arm-none-eabi/lib/thumb/v7-m/nofp/libc_nano.a(lib_a-printf.o)
                0x0000000008000378                _printf_r
                0x0000000008000378                _iprintf_r
                0x00000000080003a8                printf
                0x00000000080003a8                iprintf
 .text          0x00000000080003e0       0x58 /usr/lib/gcc/arm-none-eabi/9.2.1/../../../arm-none-eabi/lib/thumb/v7-m/nofp/libc_nano.a(lib_a-putchar.o)
                0x00000000080003e0                _putchar_r
                0x0000000008000404                putchar
 .text          0x0000000008000438      0x210 /usr/lib/gcc/arm-none-eabi/9.2.1/../../../arm-none-eabi/lib/thumb/v7-m/nofp/libc_nano.a(lib_a-findfp.o)
                0x000000000800043c                _cleanup_r
                0x000000000800044c                __sfmoreglue
                0x000000000800047c                __sfp
                0x00000000080005f4                _cleanup
                0x0000000008000608                __sinit
                0x0000000008000610                __sfp_lock_acquire
                0x0000000008000614                __sfp_lock_release
                0x0000000008000618                __sinit_lock_acquire
                0x000000000800061c                __sinit_lock_release
                0x0000000008000620                __fp_lock_all
                0x0000000008000634                __fp_unlock_all
 .text          0x0000000008000648       0x98 /usr/lib/gcc/arm-none-eabi/9.2.1/../../../arm-none-eabi/lib/thumb/v7-m/nofp/libc_nano.a(lib_a-fwalk.o)
                0x0000000008000648                _fwalk
                0x0000000008000690                _fwalk_reent
 .text          0x00000000080006e0       0xc8 /usr/lib/gcc/arm-none-eabi/9.2.1/../../../arm-none-eabi/lib/thumb/v7-m/nofp/libc_nano.a(lib_a-nano-mallocr.o)
                0x00000000080006e0                _malloc_r
 .text          0x00000000080007a8      0x364 /usr/lib/gcc/arm-none-eabi/9.2.1/../../../arm-none-eabi/lib/thumb/v7-m/nofp/libc_nano.a(lib_a-nano-vfprintf.o)
                0x00000000080007e0                __sfputs_r
                0x0000000008000810                __sprint_r
                0x000000000800082c                _vfiprintf_r
                0x000000000800082c                _vfprintf_r
                0x0000000008000af4                vfiprintf
                0x0000000008000af4                vfprintf
 .text          0x0000000008000b0c      0x3bc /usr/lib/gcc/arm-none-eabi/9.2.1/../../../arm-none-eabi/lib/thumb/v7-m/nofp/libc_nano.a(lib_a-nano-vfprintf_i.o)
                0x0000000008000b0c                _printf_common
                0x0000000008000c34                _printf_i
 .text          0x0000000008000ec8      0x10c /usr/lib/gcc/arm-none-eabi/9.2.1/../../../arm-none-eabi/lib/thumb/v7-m/nofp/libc_nano.a(lib_a-putc.o)
                0x0000000008000ec8                _putc_r
                0x0000000008000f48                putc
 .text          0x0000000008000fd4       0x24 /usr/lib/gcc/arm-none-eabi/9.2.1/../../../arm-none-eabi/lib/thumb/v7-m/nofp/libc_nano.a(lib_a-sbrkr.o)
                0x0000000008000fd4                _sbrk_r
 .text          0x0000000008000ff8       0x90 /usr/lib/gcc/arm-none-eabi/9.2.1/../../../arm-none-eabi/lib/thumb/v7-m/nofp/libc_nano.a(lib_a-stdio.o)
                0x0000000008000ff8                __sread
                0x000000000800101c                __seofread
                0x0000000008001020                __swrite
                0x0000000008001060                __sseek
                0x0000000008001080                __sclose
 .text          0x0000000008001088       0xc0 /usr/lib/gcc/arm-none-eabi/9.2.1/../../../arm-none-eabi/lib/thumb/v7-m/nofp/libc_nano.a(lib_a-wbuf.o)
                0x0000000008001088                __swbuf_r
                0x0000000008001138                __swbuf
 .text          0x0000000008001148       0x2c /usr/lib/gcc/arm-none-eabi/9.2.1/../../../arm-none-eabi/lib/thumb/v7-m/nofp/libc_nano.a(lib_a-writer.o)
                0x0000000008001148                _write_r
 .text          0x0000000008001174      0x100 /usr/lib/gcc/arm-none-eabi/9.2.1/../../../arm-none-eabi/lib/thumb/v7-m/nofp/libc_nano.a(lib_a-wsetup.o)
                0x0000000008001174                __swsetup_r
 .text          0x0000000008001274       0x24 /usr/lib/gcc/arm-none-eabi/9.2.1/../../../arm-none-eabi/lib/thumb/v7-m/nofp/libc_nano.a(lib_a-closer.o)
                0x0000000008001274                _close_r
 .text          0x0000000008001298      0x1b0 /usr/lib/gcc/arm-none-eabi/9.2.1/../../../arm-none-eabi/lib/thumb/v7-m/nofp/libc_nano.a(lib_a-fflush.o)
                0x0000000008001298                __sflush_r
                0x00000000080013c4                _fflush_r
                0x0000000008001424                fflush
 .text          0x0000000008001448      0x300 /usr/lib/gcc/arm-none-eabi/9.2.1/../../../arm-none-eabi/lib/thumb/v7-m/nofp/libc_nano.a(lib_a-fvwrite.o)
                0x0000000008001448                __sfvwrite_r
 .text          0x0000000008001748       0x2c /usr/lib/gcc/arm-none-eabi/9.2.1/../../../arm-none-eabi/lib/thumb/v7-m/nofp/libc_nano.a(lib_a-lseekr.o)
                0x0000000008001748                _lseek_r
 .text          0x0000000008001774       0xf0 /usr/lib/gcc/arm-none-eabi/9.2.1/../../../arm-none-eabi/lib/thumb/v7-m/nofp/libc_nano.a(lib_a-makebuf.o)
                0x0000000008001774                __swhatbuf_r
                0x00000000080017d0                __smakebuf_r
 .text          0x0000000008001864       0x8c /usr/lib/gcc/arm-none-eabi/9.2.1/../../../arm-none-eabi/lib/thumb/v7-m/nofp/libc_nano.a(lib_a-memchr-stub.o)
                0x0000000008001864                memchr
 .text          0x00000000080018f0       0xcc /usr/lib/gcc/arm-none-eabi/9.2.1/../../../arm-none-eabi/lib/thumb/v7-m/nofp/libc_nano.a(lib_a-memmove.o)
                0x00000000080018f0                memmove
 .text          0x00000000080019bc        0x8 /usr/lib/gcc/arm-none-eabi/9.2.1/../../../arm-none-eabi/lib/thumb/v7-m/nofp/libc_nano.a(lib_a-mlock.o)
                0x00000000080019bc                __malloc_lock
                0x00000000080019c0                __malloc_unlock
 .text          0x00000000080019c4       0xa8 /usr/lib/gcc/arm-none-eabi/9.2.1/../../../arm-none-eabi/lib/thumb/v7-m/nofp/libc_nano.a(lib_a-nano-freer.o)
                0x00000000080019c4                _free_r
 .text          0x0000000008001a6c       0x4c /usr/lib/gcc/arm-none-eabi/9.2.1/../../../arm-none-eabi/lib/thumb/v7-m/nofp/libc_nano.a(lib_a-nano-reallocr.o)
                0x0000000008001a6c                _realloc_r
 .text          0x0000000008001ab8       0x2c /usr/lib/gcc/arm-none-eabi/9.2.1/../../../arm-none-eabi/lib/thumb/v7-m/nofp/libc_nano.a(lib_a-readr.o)
                0x0000000008001ab8                _read_r
 .text          0x0000000008001ae4       0x28 /usr/lib/gcc/arm-none-eabi/9.2.1/../../../arm-none-eabi/lib/thumb/v7-m/nofp/libc_nano.a(lib_a-fstatr.o)
                0x0000000008001ae4                _fstat_r
 .text          0x0000000008001b0c       0x24 /usr/lib/gcc/arm-none-eabi/9.2.1/../../../arm-none-eabi/lib/thumb/v7-m/nofp/libc_nano.a(lib_a-isattyr.o)
                0x0000000008001b0c                _isatty_r
 .text          0x0000000008001b30       0x10 /usr/lib/gcc/arm-none-eabi/9.2.1/../../../arm-none-eabi/lib/thumb/v7-m/nofp/libc_nano.a(lib_a-nano-msizer.o)
                0x0000000008001b30                _malloc_usable_size_r
 *(.text*)
 .text.vApplicationGetIdleTaskMemory
                0x0000000008001b40       0x18 ./Core/Src/freertos.o
                0x0000000008001b40                vApplicationGetIdleTaskMemory
 .text.vApplicationGetTimerTaskMemory
                0x0000000008001b58       0x18 ./Core/Src/freertos.o
                0x0000000008001b58                vApplicationGetTimerTaskMemory
 .text.StartDefaultTask
                0x0000000008001b70        0xe ./Core/Src/main.o
                0x0000000008001b70                StartDefaultTask
 .text.ledBlinker
                0x0000000008001b7e        0xa ./Core/Src/main.o
                0x0000000008001b7e                ledBlinker
 .text.usbProceed
                0x0000000008001b88        0xa ./Core/Src/main.o
                0x0000000008001b88                usbProceed
 .text.errorBlink
                0x0000000008001b92        0xa ./Core/Src/main.o
                0x0000000008001b92                errorBlink
 .text.SystemClock_Config
                0x0000000008001b9c       0x6e ./Core/Src/main.o
                0x0000000008001b9c                SystemClock_Config
 *fill*         0x0000000008001c0a        0x2 
 .text.startup.main
                0x0000000008001c0c      0x18c ./Core/Src/main.o
                0x0000000008001c0c                main
 .text.HAL_TIM_PeriodElapsedCallback
                0x0000000008001d98       0x14 ./Core/Src/main.o
                0x0000000008001d98                HAL_TIM_PeriodElapsedCallback
 .text.Error_Handler
                0x0000000008001dac        0x2 ./Core/Src/main.o
                0x0000000008001dac                Error_Handler
 *fill*         0x0000000008001dae        0x2 
 .text.HAL_MspInit
                0x0000000008001db0       0x50 ./Core/Src/stm32f1xx_hal_msp.o
                0x0000000008001db0                HAL_MspInit
 .text.HAL_TIM_Base_MspInit
                0x0000000008001e00       0x28 ./Core/Src/stm32f1xx_hal_msp.o
                0x0000000008001e00                HAL_TIM_Base_MspInit
 .text.HAL_InitTick
                0x0000000008001e28       0x78 ./Core/Src/stm32f1xx_hal_timebase_tim.o
                0x0000000008001e28                HAL_InitTick
 .text.NMI_Handler
                0x0000000008001ea0        0x2 ./Core/Src/stm32f1xx_it.o
                0x0000000008001ea0                NMI_Handler
 .text.HardFault_Handler
                0x0000000008001ea2        0x2 ./Core/Src/stm32f1xx_it.o
                0x0000000008001ea2                HardFault_Handler
 .text.MemManage_Handler
                0x0000000008001ea4        0x2 ./Core/Src/stm32f1xx_it.o
                0x0000000008001ea4                MemManage_Handler
 .text.BusFault_Handler
                0x0000000008001ea6        0x2 ./Core/Src/stm32f1xx_it.o
                0x0000000008001ea6                BusFault_Handler
 .text.UsageFault_Handler
                0x0000000008001ea8        0x2 ./Core/Src/stm32f1xx_it.o
                0x0000000008001ea8                UsageFault_Handler
 .text.DebugMon_Handler
                0x0000000008001eaa        0x2 ./Core/Src/stm32f1xx_it.o
                0x0000000008001eaa                DebugMon_Handler
 .text.USB_LP_CAN1_RX0_IRQHandler
                0x0000000008001eac        0xc ./Core/Src/stm32f1xx_it.o
                0x0000000008001eac                USB_LP_CAN1_RX0_IRQHandler
 .text.TIM4_IRQHandler
                0x0000000008001eb8        0xc ./Core/Src/stm32f1xx_it.o
                0x0000000008001eb8                TIM4_IRQHandler
 .text._read    0x0000000008001ec4       0x1a ./Core/Src/syscalls.o
                0x0000000008001ec4                _read
 .text._write   0x0000000008001ede       0x1a ./Core/Src/syscalls.o
                0x0000000008001ede                _write
 .text._close   0x0000000008001ef8        0x6 ./Core/Src/syscalls.o
                0x0000000008001ef8                _close
 .text._fstat   0x0000000008001efe        0xa ./Core/Src/syscalls.o
                0x0000000008001efe                _fstat
 .text._isatty  0x0000000008001f08        0x4 ./Core/Src/syscalls.o
                0x0000000008001f08                _isatty
 .text._lseek   0x0000000008001f0c        0x4 ./Core/Src/syscalls.o
                0x0000000008001f0c                _lseek
 .text._sbrk    0x0000000008001f10       0x40 ./Core/Src/sysmem.o
                0x0000000008001f10                _sbrk
 .text.SystemInit
                0x0000000008001f50       0x4c ./Core/Src/system_stm32f1xx.o
                0x0000000008001f50                SystemInit
 .text.Reset_Handler
                0x0000000008001f9c       0x48 ./Core/Startup/startup_stm32f103c8tx.o
                0x0000000008001f9c                Reset_Handler
 .text.Default_Handler
                0x0000000008001fe4        0x2 ./Core/Startup/startup_stm32f103c8tx.o
                0x0000000008001fe4                RTC_Alarm_IRQHandler
                0x0000000008001fe4                EXTI2_IRQHandler
                0x0000000008001fe4                TIM1_CC_IRQHandler
                0x0000000008001fe4                PVD_IRQHandler
                0x0000000008001fe4                EXTI3_IRQHandler
                0x0000000008001fe4                EXTI0_IRQHandler
                0x0000000008001fe4                I2C2_EV_IRQHandler
                0x0000000008001fe4                ADC1_2_IRQHandler
                0x0000000008001fe4                SPI1_IRQHandler
                0x0000000008001fe4                TAMPER_IRQHandler
                0x0000000008001fe4                DMA1_Channel4_IRQHandler
                0x0000000008001fe4                USART3_IRQHandler
                0x0000000008001fe4                RTC_IRQHandler
                0x0000000008001fe4                DMA1_Channel7_IRQHandler
                0x0000000008001fe4                CAN1_RX1_IRQHandler
                0x0000000008001fe4                I2C1_EV_IRQHandler
                0x0000000008001fe4                DMA1_Channel6_IRQHandler
                0x0000000008001fe4                TIM3_IRQHandler
                0x0000000008001fe4                RCC_IRQHandler
                0x0000000008001fe4                TIM1_TRG_COM_IRQHandler
                0x0000000008001fe4                DMA1_Channel1_IRQHandler
                0x0000000008001fe4                Default_Handler
                0x0000000008001fe4                EXTI15_10_IRQHandler
                0x0000000008001fe4                EXTI9_5_IRQHandler
                0x0000000008001fe4                SPI2_IRQHandler
                0x0000000008001fe4                DMA1_Channel5_IRQHandler
                0x0000000008001fe4                EXTI4_IRQHandler
                0x0000000008001fe4                USB_HP_CAN1_TX_IRQHandler
                0x0000000008001fe4                DMA1_Channel3_IRQHandler
                0x0000000008001fe4                TIM1_UP_IRQHandler
                0x0000000008001fe4                WWDG_IRQHandler
                0x0000000008001fe4                TIM2_IRQHandler
                0x0000000008001fe4                TIM1_BRK_IRQHandler
                0x0000000008001fe4                EXTI1_IRQHandler
                0x0000000008001fe4                USART2_IRQHandler
                0x0000000008001fe4                I2C2_ER_IRQHandler
                0x0000000008001fe4                DMA1_Channel2_IRQHandler
                0x0000000008001fe4                CAN1_SCE_IRQHandler
                0x0000000008001fe4                FLASH_IRQHandler
                0x0000000008001fe4                USART1_IRQHandler
                0x0000000008001fe4                I2C1_ER_IRQHandler
                0x0000000008001fe4                USBWakeUp_IRQHandler
 *fill*         0x0000000008001fe6        0x2 
 .text.HAL_Init
                0x0000000008001fe8       0x24 ./Drivers/STM32F1xx_HAL_Driver/Src/stm32f1xx_hal.o
                0x0000000008001fe8                HAL_Init
 .text.HAL_IncTick
                0x000000000800200c       0x18 ./Drivers/STM32F1xx_HAL_Driver/Src/stm32f1xx_hal.o
                0x000000000800200c                HAL_IncTick
 .text.HAL_GetTick
                0x0000000008002024        0xc ./Drivers/STM32F1xx_HAL_Driver/Src/stm32f1xx_hal.o
                0x0000000008002024                HAL_GetTick
 .text.HAL_NVIC_SetPriorityGrouping
                0x0000000008002030       0x24 ./Drivers/STM32F1xx_HAL_Driver/Src/stm32f1xx_hal_cortex.o
                0x0000000008002030                HAL_NVIC_SetPriorityGrouping
 .text.HAL_NVIC_SetPriority
                0x0000000008002054       0x64 ./Drivers/STM32F1xx_HAL_Driver/Src/stm32f1xx_hal_cortex.o
                0x0000000008002054                HAL_NVIC_SetPriority
 .text.HAL_NVIC_EnableIRQ
                0x00000000080020b8       0x1c ./Drivers/STM32F1xx_HAL_Driver/Src/stm32f1xx_hal_cortex.o
                0x00000000080020b8                HAL_NVIC_EnableIRQ
 .text.HAL_GPIO_Init
                0x00000000080020d4      0x1b8 ./Drivers/STM32F1xx_HAL_Driver/Src/stm32f1xx_hal_gpio.o
                0x00000000080020d4                HAL_GPIO_Init
 .text.HAL_GPIO_WritePin
                0x000000000800228c        0xa ./Drivers/STM32F1xx_HAL_Driver/Src/stm32f1xx_hal_gpio.o
                0x000000000800228c                HAL_GPIO_WritePin
 .text.HAL_PCD_Init
                0x0000000008002296       0xec ./Drivers/STM32F1xx_HAL_Driver/Src/stm32f1xx_hal_pcd.o
                0x0000000008002296                HAL_PCD_Init
 .text.HAL_PCD_Start
                0x0000000008002382       0x2e ./Drivers/STM32F1xx_HAL_Driver/Src/stm32f1xx_hal_pcd.o
                0x0000000008002382                HAL_PCD_Start
 .text.HAL_PCD_SetAddress
                0x00000000080023b0       0x28 ./Drivers/STM32F1xx_HAL_Driver/Src/stm32f1xx_hal_pcd.o
                0x00000000080023b0                HAL_PCD_SetAddress
 .text.HAL_PCD_EP_Open
                0x00000000080023d8       0x64 ./Drivers/STM32F1xx_HAL_Driver/Src/stm32f1xx_hal_pcd.o
                0x00000000080023d8                HAL_PCD_EP_Open
 .text.HAL_PCD_EP_Close
                0x000000000800243c       0x52 ./Drivers/STM32F1xx_HAL_Driver/Src/stm32f1xx_hal_pcd.o
                0x000000000800243c                HAL_PCD_EP_Close
 .text.HAL_PCD_EP_Receive
                0x000000000800248e       0x2a ./Drivers/STM32F1xx_HAL_Driver/Src/stm32f1xx_hal_pcd.o
                0x000000000800248e                HAL_PCD_EP_Receive
 .text.HAL_PCD_EP_GetRxCount
                0x00000000080024b8        0xe ./Drivers/STM32F1xx_HAL_Driver/Src/stm32f1xx_hal_pcd.o
                0x00000000080024b8                HAL_PCD_EP_GetRxCount
 .text.HAL_PCD_EP_Transmit
                0x00000000080024c6       0x2a ./Drivers/STM32F1xx_HAL_Driver/Src/stm32f1xx_hal_pcd.o
                0x00000000080024c6                HAL_PCD_EP_Transmit
 .text.HAL_PCD_IRQHandler
                0x00000000080024f0      0x454 ./Drivers/STM32F1xx_HAL_Driver/Src/stm32f1xx_hal_pcd.o
                0x00000000080024f0                HAL_PCD_IRQHandler
 .text.HAL_PCD_EP_SetStall
                0x0000000008002944       0x68 ./Drivers/STM32F1xx_HAL_Driver/Src/stm32f1xx_hal_pcd.o
                0x0000000008002944                HAL_PCD_EP_SetStall
 .text.HAL_PCD_EP_ClrStall
                0x00000000080029ac       0x68 ./Drivers/STM32F1xx_HAL_Driver/Src/stm32f1xx_hal_pcd.o
                0x00000000080029ac                HAL_PCD_EP_ClrStall
 .text.HAL_PCDEx_PMAConfig
                0x0000000008002a14       0x2e ./Drivers/STM32F1xx_HAL_Driver/Src/stm32f1xx_hal_pcd_ex.o
                0x0000000008002a14                HAL_PCDEx_PMAConfig
 *fill*         0x0000000008002a42        0x2 
 .text.HAL_RCC_OscConfig
                0x0000000008002a44      0x338 ./Drivers/STM32F1xx_HAL_Driver/Src/stm32f1xx_hal_rcc.o
                0x0000000008002a44                HAL_RCC_OscConfig
 .text.HAL_RCC_GetSysClockFreq
                0x0000000008002d7c       0x74 ./Drivers/STM32F1xx_HAL_Driver/Src/stm32f1xx_hal_rcc.o
                0x0000000008002d7c                HAL_RCC_GetSysClockFreq
 .text.HAL_RCC_ClockConfig
                0x0000000008002df0      0x138 ./Drivers/STM32F1xx_HAL_Driver/Src/stm32f1xx_hal_rcc.o
                0x0000000008002df0                HAL_RCC_ClockConfig
 .text.HAL_RCC_GetPCLK1Freq
                0x0000000008002f28       0x20 ./Drivers/STM32F1xx_HAL_Driver/Src/stm32f1xx_hal_rcc.o
                0x0000000008002f28                HAL_RCC_GetPCLK1Freq
 .text.HAL_RCC_GetClockConfig
                0x0000000008002f48       0x3c ./Drivers/STM32F1xx_HAL_Driver/Src/stm32f1xx_hal_rcc.o
                0x0000000008002f48                HAL_RCC_GetClockConfig
 .text.HAL_RCCEx_PeriphCLKConfig
                0x0000000008002f84       0xf0 ./Drivers/STM32F1xx_HAL_Driver/Src/stm32f1xx_hal_rcc_ex.o
                0x0000000008002f84                HAL_RCCEx_PeriphCLKConfig
 .text.HAL_TIM_Base_Start_IT
                0x0000000008003074       0x20 ./Drivers/STM32F1xx_HAL_Driver/Src/stm32f1xx_hal_tim.o
                0x0000000008003074                HAL_TIM_Base_Start_IT
 .text.HAL_TIM_OC_DelayElapsedCallback
                0x0000000008003094        0x2 ./Drivers/STM32F1xx_HAL_Driver/Src/stm32f1xx_hal_tim.o
                0x0000000008003094                HAL_TIM_OC_DelayElapsedCallback
 .text.HAL_TIM_IC_CaptureCallback
                0x0000000008003096        0x2 ./Drivers/STM32F1xx_HAL_Driver/Src/stm32f1xx_hal_tim.o
                0x0000000008003096                HAL_TIM_IC_CaptureCallback
 .text.HAL_TIM_PWM_PulseFinishedCallback
                0x0000000008003098        0x2 ./Drivers/STM32F1xx_HAL_Driver/Src/stm32f1xx_hal_tim.o
                0x0000000008003098                HAL_TIM_PWM_PulseFinishedCallback
 .text.HAL_TIM_TriggerCallback
                0x000000000800309a        0x2 ./Drivers/STM32F1xx_HAL_Driver/Src/stm32f1xx_hal_tim.o
                0x000000000800309a                HAL_TIM_TriggerCallback
 .text.HAL_TIM_IRQHandler
                0x000000000800309c      0x144 ./Drivers/STM32F1xx_HAL_Driver/Src/stm32f1xx_hal_tim.o
                0x000000000800309c                HAL_TIM_IRQHandler
 .text.TIM_Base_SetConfig
                0x00000000080031e0       0x70 ./Drivers/STM32F1xx_HAL_Driver/Src/stm32f1xx_hal_tim.o
                0x00000000080031e0                TIM_Base_SetConfig
 .text.HAL_TIM_Base_Init
                0x0000000008003250       0x34 ./Drivers/STM32F1xx_HAL_Driver/Src/stm32f1xx_hal_tim.o
                0x0000000008003250                HAL_TIM_Base_Init
 .text.TIM_ETR_SetConfig
                0x0000000008003284       0x14 ./Drivers/STM32F1xx_HAL_Driver/Src/stm32f1xx_hal_tim.o
                0x0000000008003284                TIM_ETR_SetConfig
 .text.HAL_TIM_ConfigClockSource
                0x0000000008003298      0x128 ./Drivers/STM32F1xx_HAL_Driver/Src/stm32f1xx_hal_tim.o
                0x0000000008003298                HAL_TIM_ConfigClockSource
 .text.HAL_TIMEx_MasterConfigSynchronization
                0x00000000080033c0       0x3c ./Drivers/STM32F1xx_HAL_Driver/Src/stm32f1xx_hal_tim_ex.o
                0x00000000080033c0                HAL_TIMEx_MasterConfigSynchronization
 .text.HAL_TIMEx_CommutCallback
                0x00000000080033fc        0x2 ./Drivers/STM32F1xx_HAL_Driver/Src/stm32f1xx_hal_tim_ex.o
                0x00000000080033fc                HAL_TIMEx_CommutCallback
 .text.HAL_TIMEx_BreakCallback
                0x00000000080033fe        0x2 ./Drivers/STM32F1xx_HAL_Driver/Src/stm32f1xx_hal_tim_ex.o
                0x00000000080033fe                HAL_TIMEx_BreakCallback
 .text.USB_CoreInit
                0x0000000008003400        0xe ./Drivers/STM32F1xx_HAL_Driver/Src/stm32f1xx_ll_usb.o
                0x0000000008003400                USB_CoreInit
 .text.USB_EnableGlobalInt
                0x000000000800340e       0x12 ./Drivers/STM32F1xx_HAL_Driver/Src/stm32f1xx_ll_usb.o
                0x000000000800340e                USB_EnableGlobalInt
 .text.USB_DisableGlobalInt
                0x0000000008003420       0x14 ./Drivers/STM32F1xx_HAL_Driver/Src/stm32f1xx_ll_usb.o
                0x0000000008003420                USB_DisableGlobalInt
 .text.USB_SetCurrentMode
                0x0000000008003434        0x4 ./Drivers/STM32F1xx_HAL_Driver/Src/stm32f1xx_ll_usb.o
                0x0000000008003434                USB_SetCurrentMode
 .text.USB_DevInit
                0x0000000008003438       0x36 ./Drivers/STM32F1xx_HAL_Driver/Src/stm32f1xx_ll_usb.o
                0x0000000008003438                USB_DevInit
 *fill*         0x000000000800346e        0x2 
 .text.USB_ActivateEndpoint
                0x0000000008003470      0x2ec ./Drivers/STM32F1xx_HAL_Driver/Src/stm32f1xx_ll_usb.o
                0x0000000008003470                USB_ActivateEndpoint
 .text.USB_DeactivateEndpoint
                0x000000000800375c      0x1be ./Drivers/STM32F1xx_HAL_Driver/Src/stm32f1xx_ll_usb.o
                0x000000000800375c                USB_DeactivateEndpoint
 .text.USB_EPSetStall
                0x000000000800391a       0x40 ./Drivers/STM32F1xx_HAL_Driver/Src/stm32f1xx_ll_usb.o
                0x000000000800391a                USB_EPSetStall
 .text.USB_EPClearStall
                0x000000000800395a       0x96 ./Drivers/STM32F1xx_HAL_Driver/Src/stm32f1xx_ll_usb.o
                0x000000000800395a                USB_EPClearStall
 .text.USB_SetDevAddress
                0x00000000080039f0        0xc ./Drivers/STM32F1xx_HAL_Driver/Src/stm32f1xx_ll_usb.o
                0x00000000080039f0                USB_SetDevAddress
 .text.USB_DevConnect
                0x00000000080039fc        0x4 ./Drivers/STM32F1xx_HAL_Driver/Src/stm32f1xx_ll_usb.o
                0x00000000080039fc                USB_DevConnect
 .text.USB_DevDisconnect
                0x0000000008003a00        0x4 ./Drivers/STM32F1xx_HAL_Driver/Src/stm32f1xx_ll_usb.o
                0x0000000008003a00                USB_DevDisconnect
 .text.USB_ReadInterrupts
                0x0000000008003a04        0x8 ./Drivers/STM32F1xx_HAL_Driver/Src/stm32f1xx_ll_usb.o
                0x0000000008003a04                USB_ReadInterrupts
 .text.USB_EP0_OutStart
                0x0000000008003a0c        0x4 ./Drivers/STM32F1xx_HAL_Driver/Src/stm32f1xx_ll_usb.o
                0x0000000008003a0c                USB_EP0_OutStart
 .text.USB_WritePMA
                0x0000000008003a10       0x20 ./Drivers/STM32F1xx_HAL_Driver/Src/stm32f1xx_ll_usb.o
                0x0000000008003a10                USB_WritePMA
 .text.USB_EPStartXfer
                0x0000000008003a30      0x1c8 ./Drivers/STM32F1xx_HAL_Driver/Src/stm32f1xx_ll_usb.o
                0x0000000008003a30                USB_EPStartXfer
 .text.USB_ReadPMA
                0x0000000008003bf8       0x38 ./Drivers/STM32F1xx_HAL_Driver/Src/stm32f1xx_ll_usb.o
                0x0000000008003bf8                USB_ReadPMA
 .text.USBD_CDC_EP0_RxReady
                0x0000000008003c30       0x28 ./Middlewares/ST/STM32_USB_Device_Library/Class/CDC/Src/usbd_cdc.o
 .text.USBD_CDC_GetFSCfgDesc
                0x0000000008003c58        0xc ./Middlewares/ST/STM32_USB_Device_Library/Class/CDC/Src/usbd_cdc.o
 .text.USBD_CDC_GetHSCfgDesc
                0x0000000008003c64        0xc ./Middlewares/ST/STM32_USB_Device_Library/Class/CDC/Src/usbd_cdc.o
 .text.USBD_CDC_GetOtherSpeedCfgDesc
                0x0000000008003c70        0xc ./Middlewares/ST/STM32_USB_Device_Library/Class/CDC/Src/usbd_cdc.o
 .text.USBD_CDC_GetDeviceQualifierDescriptor
                0x0000000008003c7c        0xc ./Middlewares/ST/STM32_USB_Device_Library/Class/CDC/Src/usbd_cdc.o
                0x0000000008003c7c                USBD_CDC_GetDeviceQualifierDescriptor
 .text.USBD_CDC_DataOut
                0x0000000008003c88       0x2e ./Middlewares/ST/STM32_USB_Device_Library/Class/CDC/Src/usbd_cdc.o
 .text.USBD_CDC_DataIn
                0x0000000008003cb6       0x44 ./Middlewares/ST/STM32_USB_Device_Library/Class/CDC/Src/usbd_cdc.o
 .text.USBD_CDC_Setup
                0x0000000008003cfa       0xb6 ./Middlewares/ST/STM32_USB_Device_Library/Class/CDC/Src/usbd_cdc.o
 .text.USBD_CDC_DeInit
                0x0000000008003db0       0x42 ./Middlewares/ST/STM32_USB_Device_Library/Class/CDC/Src/usbd_cdc.o
 .text.USBD_CDC_Init
                0x0000000008003df2       0xa2 ./Middlewares/ST/STM32_USB_Device_Library/Class/CDC/Src/usbd_cdc.o
 .text.USBD_CDC_RegisterInterface
                0x0000000008003e94        0xe ./Middlewares/ST/STM32_USB_Device_Library/Class/CDC/Src/usbd_cdc.o
                0x0000000008003e94                USBD_CDC_RegisterInterface
 .text.USBD_CDC_SetTxBuffer
                0x0000000008003ea2       0x10 ./Middlewares/ST/STM32_USB_Device_Library/Class/CDC/Src/usbd_cdc.o
                0x0000000008003ea2                USBD_CDC_SetTxBuffer
 .text.USBD_CDC_SetRxBuffer
                0x0000000008003eb2        0xc ./Middlewares/ST/STM32_USB_Device_Library/Class/CDC/Src/usbd_cdc.o
                0x0000000008003eb2                USBD_CDC_SetRxBuffer
 .text.USBD_CDC_ReceivePacket
                0x0000000008003ebe       0x2e ./Middlewares/ST/STM32_USB_Device_Library/Class/CDC/Src/usbd_cdc.o
                0x0000000008003ebe                USBD_CDC_ReceivePacket
 .text.USBD_Init
                0x0000000008003eec       0x44 ./Middlewares/ST/STM32_USB_Device_Library/Core/Src/usbd_core.o
                0x0000000008003eec                USBD_Init
 .text.USBD_RegisterClass
                0x0000000008003f30       0x2c ./Middlewares/ST/STM32_USB_Device_Library/Core/Src/usbd_core.o
                0x0000000008003f30                USBD_RegisterClass
 .text.USBD_Start
                0x0000000008003f5c        0xa ./Middlewares/ST/STM32_USB_Device_Library/Core/Src/usbd_core.o
                0x0000000008003f5c                USBD_Start
 .text.USBD_SetClassConfig
                0x0000000008003f66       0x16 ./Middlewares/ST/STM32_USB_Device_Library/Core/Src/usbd_core.o
                0x0000000008003f66                USBD_SetClassConfig
 .text.USBD_ClrClassConfig
                0x0000000008003f7c        0xe ./Middlewares/ST/STM32_USB_Device_Library/Core/Src/usbd_core.o
                0x0000000008003f7c                USBD_ClrClassConfig
 .text.USBD_LL_SetupStage
                0x0000000008003f8a       0x5a ./Middlewares/ST/STM32_USB_Device_Library/Core/Src/usbd_core.o
                0x0000000008003f8a                USBD_LL_SetupStage
 .text.USBD_LL_DataOutStage
                0x0000000008003fe4       0x74 ./Middlewares/ST/STM32_USB_Device_Library/Core/Src/usbd_core.o
                0x0000000008003fe4                USBD_LL_DataOutStage
 .text.USBD_LL_DataInStage
                0x0000000008004058       0xb6 ./Middlewares/ST/STM32_USB_Device_Library/Core/Src/usbd_core.o
                0x0000000008004058                USBD_LL_DataInStage
 .text.USBD_LL_Reset
                0x000000000800410e       0x4e ./Middlewares/ST/STM32_USB_Device_Library/Core/Src/usbd_core.o
                0x000000000800410e                USBD_LL_Reset
 .text.USBD_LL_SetSpeed
                0x000000000800415c        0x6 ./Middlewares/ST/STM32_USB_Device_Library/Core/Src/usbd_core.o
                0x000000000800415c                USBD_LL_SetSpeed
 .text.USBD_LL_Suspend
                0x0000000008004162       0x12 ./Middlewares/ST/STM32_USB_Device_Library/Core/Src/usbd_core.o
                0x0000000008004162                USBD_LL_Suspend
 .text.USBD_LL_Resume
                0x0000000008004174       0x14 ./Middlewares/ST/STM32_USB_Device_Library/Core/Src/usbd_core.o
                0x0000000008004174                USBD_LL_Resume
 .text.USBD_LL_SOF
                0x0000000008004188       0x18 ./Middlewares/ST/STM32_USB_Device_Library/Core/Src/usbd_core.o
                0x0000000008004188                USBD_LL_SOF
 .text.USBD_CtlError.constprop.0
                0x00000000080041a0       0x16 ./Middlewares/ST/STM32_USB_Device_Library/Core/Src/usbd_ctlreq.o
 *fill*         0x00000000080041b6        0x2 
 .text.USBD_StdDevReq
                0x00000000080041b8      0x254 ./Middlewares/ST/STM32_USB_Device_Library/Core/Src/usbd_ctlreq.o
                0x00000000080041b8                USBD_StdDevReq
 .text.USBD_StdItfReq
                0x000000000800440c       0x48 ./Middlewares/ST/STM32_USB_Device_Library/Core/Src/usbd_ctlreq.o
                0x000000000800440c                USBD_StdItfReq
 .text.USBD_StdEPReq
                0x0000000008004454      0x114 ./Middlewares/ST/STM32_USB_Device_Library/Core/Src/usbd_ctlreq.o
                0x0000000008004454                USBD_StdEPReq
 .text.USBD_ParseSetupRequest
                0x0000000008004568       0x28 ./Middlewares/ST/STM32_USB_Device_Library/Core/Src/usbd_ctlreq.o
                0x0000000008004568                USBD_ParseSetupRequest
 .text.USBD_CtlError
                0x0000000008004590       0x16 ./Middlewares/ST/STM32_USB_Device_Library/Core/Src/usbd_ctlreq.o
                0x0000000008004590                USBD_CtlError
 .text.USBD_GetString
                0x00000000080045a6       0x38 ./Middlewares/ST/STM32_USB_Device_Library/Core/Src/usbd_ctlreq.o
                0x00000000080045a6                USBD_GetString
 .text.USBD_CtlSendData
                0x00000000080045de       0x1a ./Middlewares/ST/STM32_USB_Device_Library/Core/Src/usbd_ioreq.o
                0x00000000080045de                USBD_CtlSendData
 .text.USBD_CtlContinueSendData
                0x00000000080045f8       0x10 ./Middlewares/ST/STM32_USB_Device_Library/Core/Src/usbd_ioreq.o
                0x00000000080045f8                USBD_CtlContinueSendData
 .text.USBD_CtlPrepareRx
                0x0000000008004608       0x1a ./Middlewares/ST/STM32_USB_Device_Library/Core/Src/usbd_ioreq.o
                0x0000000008004608                USBD_CtlPrepareRx
 .text.USBD_CtlContinueRx
                0x0000000008004622       0x10 ./Middlewares/ST/STM32_USB_Device_Library/Core/Src/usbd_ioreq.o
                0x0000000008004622                USBD_CtlContinueRx
 .text.USBD_CtlSendStatus
                0x0000000008004632       0x16 ./Middlewares/ST/STM32_USB_Device_Library/Core/Src/usbd_ioreq.o
                0x0000000008004632                USBD_CtlSendStatus
 .text.USBD_CtlReceiveStatus
                0x0000000008004648       0x16 ./Middlewares/ST/STM32_USB_Device_Library/Core/Src/usbd_ioreq.o
                0x0000000008004648                USBD_CtlReceiveStatus
 .text.osKernelStart
                0x000000000800465e        0xa ./Middlewares/Third_Party/FreeRTOS/Source/CMSIS_RTOS/cmsis_os.o
                0x000000000800465e                osKernelStart
 .text.osThreadCreate
                0x0000000008004668       0x2c ./Middlewares/Third_Party/FreeRTOS/Source/CMSIS_RTOS/cmsis_os.o
                0x0000000008004668                osThreadCreate
 .text.osDelay  0x0000000008004694       0x10 ./Middlewares/Third_Party/FreeRTOS/Source/CMSIS_RTOS/cmsis_os.o
                0x0000000008004694                osDelay
 .text.osMutexCreate
                0x00000000080046a4        0x8 ./Middlewares/Third_Party/FreeRTOS/Source/CMSIS_RTOS/cmsis_os.o
                0x00000000080046a4                osMutexCreate
 .text.vListInitialise
                0x00000000080046ac       0x16 ./Middlewares/Third_Party/FreeRTOS/Source/list.o
                0x00000000080046ac                vListInitialise
 .text.vListInitialiseItem
                0x00000000080046c2        0x6 ./Middlewares/Third_Party/FreeRTOS/Source/list.o
                0x00000000080046c2                vListInitialiseItem
 .text.vListInsertEnd
                0x00000000080046c8       0x18 ./Middlewares/Third_Party/FreeRTOS/Source/list.o
                0x00000000080046c8                vListInsertEnd
 .text.vListInsert
                0x00000000080046e0       0x2e ./Middlewares/Third_Party/FreeRTOS/Source/list.o
                0x00000000080046e0                vListInsert
 .text.uxListRemove
                0x000000000800470e       0x20 ./Middlewares/Third_Party/FreeRTOS/Source/list.o
                0x000000000800470e                uxListRemove
 .text.prvIsQueueEmpty
                0x000000000800472e       0x16 ./Middlewares/Third_Party/FreeRTOS/Source/queue.o
 .text.prvCopyDataToQueue
                0x0000000008004744       0x6a ./Middlewares/Third_Party/FreeRTOS/Source/queue.o
 .text.prvCopyDataFromQueue
                0x00000000080047ae       0x28 ./Middlewares/Third_Party/FreeRTOS/Source/queue.o
 .text.prvUnlockQueue
                0x00000000080047d6       0x70 ./Middlewares/Third_Party/FreeRTOS/Source/queue.o
 *fill*         0x0000000008004846        0x2 
 .text.xQueueGenericReset
                0x0000000008004848       0x80 ./Middlewares/Third_Party/FreeRTOS/Source/queue.o
                0x0000000008004848                xQueueGenericReset
 .text.xQueueGenericCreateStatic
                0x00000000080048c8       0x8c ./Middlewares/Third_Party/FreeRTOS/Source/queue.o
                0x00000000080048c8                xQueueGenericCreateStatic
 .text.xQueueGenericSend
                0x0000000008004954      0x164 ./Middlewares/Third_Party/FreeRTOS/Source/queue.o
                0x0000000008004954                xQueueGenericSend
 .text.xQueueCreateMutexStatic
                0x0000000008004ab8       0x2a ./Middlewares/Third_Party/FreeRTOS/Source/queue.o
                0x0000000008004ab8                xQueueCreateMutexStatic
 .text.xQueueGenericSendFromISR
                0x0000000008004ae2       0xc2 ./Middlewares/Third_Party/FreeRTOS/Source/queue.o
                0x0000000008004ae2                xQueueGenericSendFromISR
 .text.xQueueReceive
                0x0000000008004ba4      0x140 ./Middlewares/Third_Party/FreeRTOS/Source/queue.o
                0x0000000008004ba4                xQueueReceive
 .text.vQueueAddToRegistry
                0x0000000008004ce4       0x24 ./Middlewares/Third_Party/FreeRTOS/Source/queue.o
                0x0000000008004ce4                vQueueAddToRegistry
 .text.vQueueWaitForMessageRestricted
                0x0000000008004d08       0x46 ./Middlewares/Third_Party/FreeRTOS/Source/queue.o
                0x0000000008004d08                vQueueWaitForMessageRestricted
 *fill*         0x0000000008004d4e        0x2 
 .text.prvIdleTask
                0x0000000008004d50       0x5c ./Middlewares/Third_Party/FreeRTOS/Source/tasks.o
 .text.prvResetNextTaskUnblockTime
                0x0000000008004dac       0x24 ./Middlewares/Third_Party/FreeRTOS/Source/tasks.o
 .text.prvAddCurrentTaskToDelayedList
                0x0000000008004dd0       0x8c ./Middlewares/Third_Party/FreeRTOS/Source/tasks.o
 .text.xTaskCreateStatic
                0x0000000008004e5c      0x1e8 ./Middlewares/Third_Party/FreeRTOS/Source/tasks.o
                0x0000000008004e5c                xTaskCreateStatic
 .text.vTaskStartScheduler
                0x0000000008005044       0x88 ./Middlewares/Third_Party/FreeRTOS/Source/tasks.o
                0x0000000008005044                vTaskStartScheduler
 .text.vTaskSuspendAll
                0x00000000080050cc       0x10 ./Middlewares/Third_Party/FreeRTOS/Source/tasks.o
                0x00000000080050cc                vTaskSuspendAll
 .text.xTaskGetTickCount
                0x00000000080050dc        0xc ./Middlewares/Third_Party/FreeRTOS/Source/tasks.o
                0x00000000080050dc                xTaskGetTickCount
 .text.xTaskIncrementTick
                0x00000000080050e8      0x124 ./Middlewares/Third_Party/FreeRTOS/Source/tasks.o
                0x00000000080050e8                xTaskIncrementTick
 .text.xTaskResumeAll
                0x000000000800520c       0xec ./Middlewares/Third_Party/FreeRTOS/Source/tasks.o
                0x000000000800520c                xTaskResumeAll
 .text.vTaskDelay
                0x00000000080052f8       0x48 ./Middlewares/Third_Party/FreeRTOS/Source/tasks.o
                0x00000000080052f8                vTaskDelay
 .text.vTaskSwitchContext
                0x0000000008005340       0x74 ./Middlewares/Third_Party/FreeRTOS/Source/tasks.o
                0x0000000008005340                vTaskSwitchContext
 .text.vTaskPlaceOnEventList
                0x00000000080053b4       0x34 ./Middlewares/Third_Party/FreeRTOS/Source/tasks.o
                0x00000000080053b4                vTaskPlaceOnEventList
 .text.vTaskPlaceOnEventListRestricted
                0x00000000080053e8       0x40 ./Middlewares/Third_Party/FreeRTOS/Source/tasks.o
                0x00000000080053e8                vTaskPlaceOnEventListRestricted
 .text.xTaskRemoveFromEventList
                0x0000000008005428       0x84 ./Middlewares/Third_Party/FreeRTOS/Source/tasks.o
                0x0000000008005428                xTaskRemoveFromEventList
 .text.vTaskInternalSetTimeOutState
                0x00000000080054ac       0x18 ./Middlewares/Third_Party/FreeRTOS/Source/tasks.o
                0x00000000080054ac                vTaskInternalSetTimeOutState
 .text.xTaskCheckForTimeOut
                0x00000000080054c4       0x78 ./Middlewares/Third_Party/FreeRTOS/Source/tasks.o
                0x00000000080054c4                xTaskCheckForTimeOut
 .text.vTaskMissedYield
                0x000000000800553c        0xc ./Middlewares/Third_Party/FreeRTOS/Source/tasks.o
                0x000000000800553c                vTaskMissedYield
 .text.xTaskGetSchedulerState
                0x0000000008005548       0x20 ./Middlewares/Third_Party/FreeRTOS/Source/tasks.o
                0x0000000008005548                xTaskGetSchedulerState
 .text.xTaskPriorityDisinherit
                0x0000000008005568       0xa0 ./Middlewares/Third_Party/FreeRTOS/Source/tasks.o
                0x0000000008005568                xTaskPriorityDisinherit
 .text.prvCheckForValidListAndQueue
                0x0000000008005608       0x68 ./Middlewares/Third_Party/FreeRTOS/Source/timers.o
 .text.prvInsertTimerInActiveList
                0x0000000008005670       0x3c ./Middlewares/Third_Party/FreeRTOS/Source/timers.o
 .text.xTimerCreateTimerTask
                0x00000000080056ac       0x64 ./Middlewares/Third_Party/FreeRTOS/Source/timers.o
                0x00000000080056ac                xTimerCreateTimerTask
 .text.xTimerGenericCommand
                0x0000000008005710       0x54 ./Middlewares/Third_Party/FreeRTOS/Source/timers.o
                0x0000000008005710                xTimerGenericCommand
 .text.prvSwitchTimerLists
                0x0000000008005764       0x7c ./Middlewares/Third_Party/FreeRTOS/Source/timers.o
 .text.prvTimerTask
                0x00000000080057e0      0x1d0 ./Middlewares/Third_Party/FreeRTOS/Source/timers.o
 .text.prvPortStartFirstTask
                0x00000000080059b0       0x20 ./Middlewares/Third_Party/FreeRTOS/Source/portable/GCC/ARM_CM3/port.o
 .text.prvTaskExitError
                0x00000000080059d0       0x40 ./Middlewares/Third_Party/FreeRTOS/Source/portable/GCC/ARM_CM3/port.o
 .text.pxPortInitialiseStack
                0x0000000008005a10       0x24 ./Middlewares/Third_Party/FreeRTOS/Source/portable/GCC/ARM_CM3/port.o
                0x0000000008005a10                pxPortInitialiseStack
 *fill*         0x0000000008005a34        0xc 
 .text.SVC_Handler
                0x0000000008005a40       0x24 ./Middlewares/Third_Party/FreeRTOS/Source/portable/GCC/ARM_CM3/port.o
                0x0000000008005a40                SVC_Handler
 .text.vPortEnterCritical
                0x0000000008005a64       0x44 ./Middlewares/Third_Party/FreeRTOS/Source/portable/GCC/ARM_CM3/port.o
                0x0000000008005a64                vPortEnterCritical
 .text.vPortExitCritical
                0x0000000008005aa8       0x28 ./Middlewares/Third_Party/FreeRTOS/Source/portable/GCC/ARM_CM3/port.o
                0x0000000008005aa8                vPortExitCritical
 .text.PendSV_Handler
                0x0000000008005ad0       0x44 ./Middlewares/Third_Party/FreeRTOS/Source/portable/GCC/ARM_CM3/port.o
                0x0000000008005ad0                PendSV_Handler
 .text.SysTick_Handler
                0x0000000008005b14       0x2c ./Middlewares/Third_Party/FreeRTOS/Source/portable/GCC/ARM_CM3/port.o
                0x0000000008005b14                SysTick_Handler
 .text.vPortSetupTimerInterrupt
                0x0000000008005b40       0x34 ./Middlewares/Third_Party/FreeRTOS/Source/portable/GCC/ARM_CM3/port.o
                0x0000000008005b40                vPortSetupTimerInterrupt
 .text.xPortStartScheduler
                0x0000000008005b74       0xb0 ./Middlewares/Third_Party/FreeRTOS/Source/portable/GCC/ARM_CM3/port.o
                0x0000000008005b74                xPortStartScheduler
 .text.vPortValidateInterruptPriority
                0x0000000008005c24       0x5c ./Middlewares/Third_Party/FreeRTOS/Source/portable/GCC/ARM_CM3/port.o
                0x0000000008005c24                vPortValidateInterruptPriority
 .text.MX_USB_DEVICE_Init
                0x0000000008005c80       0x50 ./USB_DEVICE/App/usb_device.o
                0x0000000008005c80                MX_USB_DEVICE_Init
 .text.CDC_DeInit_FS
                0x0000000008005cd0        0x4 ./USB_DEVICE/App/usbd_cdc_if.o
 .text.CDC_Control_FS
                0x0000000008005cd4        0x4 ./USB_DEVICE/App/usbd_cdc_if.o
 .text.CDC_Receive_FS
                0x0000000008005cd8       0x1c ./USB_DEVICE/App/usbd_cdc_if.o
 .text.CDC_Init_FS
                0x0000000008005cf4       0x28 ./USB_DEVICE/App/usbd_cdc_if.o
 .text.USBD_FS_DeviceDescriptor
                0x0000000008005d1c        0xc ./USB_DEVICE/App/usbd_desc.o
                0x0000000008005d1c                USBD_FS_DeviceDescriptor
 .text.USBD_FS_LangIDStrDescriptor
                0x0000000008005d28        0xc ./USB_DEVICE/App/usbd_desc.o
                0x0000000008005d28                USBD_FS_LangIDStrDescriptor
 .text.IntToUnicode
                0x0000000008005d34       0x2a ./USB_DEVICE/App/usbd_desc.o
 *fill*         0x0000000008005d5e        0x2 
 .text.USBD_FS_SerialStrDescriptor
                0x0000000008005d60       0x40 ./USB_DEVICE/App/usbd_desc.o
                0x0000000008005d60                USBD_FS_SerialStrDescriptor
 .text.USBD_FS_ManufacturerStrDescriptor
                0x0000000008005da0       0x1c ./USB_DEVICE/App/usbd_desc.o
                0x0000000008005da0                USBD_FS_ManufacturerStrDescriptor
 .text.USBD_FS_ProductStrDescriptor
                0x0000000008005dbc       0x1c ./USB_DEVICE/App/usbd_desc.o
                0x0000000008005dbc                USBD_FS_ProductStrDescriptor
 .text.USBD_FS_ConfigStrDescriptor
                0x0000000008005dd8       0x1c ./USB_DEVICE/App/usbd_desc.o
                0x0000000008005dd8                USBD_FS_ConfigStrDescriptor
 .text.USBD_FS_InterfaceStrDescriptor
                0x0000000008005df4       0x1c ./USB_DEVICE/App/usbd_desc.o
                0x0000000008005df4                USBD_FS_InterfaceStrDescriptor
 .text.HAL_PCD_MspInit
                0x0000000008005e10       0x40 ./USB_DEVICE/Target/usbd_conf.o
                0x0000000008005e10                HAL_PCD_MspInit
 .text.HAL_PCD_SetupStageCallback
                0x0000000008005e50        0xc ./USB_DEVICE/Target/usbd_conf.o
                0x0000000008005e50                HAL_PCD_SetupStageCallback
 .text.HAL_PCD_DataOutStageCallback
                0x0000000008005e5c       0x10 ./USB_DEVICE/Target/usbd_conf.o
                0x0000000008005e5c                HAL_PCD_DataOutStageCallback
 .text.HAL_PCD_DataInStageCallback
                0x0000000008005e6c        0xe ./USB_DEVICE/Target/usbd_conf.o
                0x0000000008005e6c                HAL_PCD_DataInStageCallback
 .text.HAL_PCD_SOFCallback
                0x0000000008005e7a        0x8 ./USB_DEVICE/Target/usbd_conf.o
                0x0000000008005e7a                HAL_PCD_SOFCallback
 .text.HAL_PCD_ResetCallback
                0x0000000008005e82       0x24 ./USB_DEVICE/Target/usbd_conf.o
                0x0000000008005e82                HAL_PCD_ResetCallback
 *fill*         0x0000000008005ea6        0x2 
 .text.HAL_PCD_SuspendCallback
                0x0000000008005ea8       0x20 ./USB_DEVICE/Target/usbd_conf.o
                0x0000000008005ea8                HAL_PCD_SuspendCallback
 .text.HAL_PCD_ResumeCallback
                0x0000000008005ec8        0x8 ./USB_DEVICE/Target/usbd_conf.o
                0x0000000008005ec8                HAL_PCD_ResumeCallback
 .text.USBD_LL_Init
                0x0000000008005ed0       0x84 ./USB_DEVICE/Target/usbd_conf.o
                0x0000000008005ed0                USBD_LL_Init
 .text.USBD_LL_Start
                0x0000000008005f54       0x1c ./USB_DEVICE/Target/usbd_conf.o
                0x0000000008005f54                USBD_LL_Start
 .text.USBD_LL_OpenEP
                0x0000000008005f70       0x20 ./USB_DEVICE/Target/usbd_conf.o
                0x0000000008005f70                USBD_LL_OpenEP
 .text.USBD_LL_CloseEP
                0x0000000008005f90       0x1c ./USB_DEVICE/Target/usbd_conf.o
                0x0000000008005f90                USBD_LL_CloseEP
 .text.USBD_LL_StallEP
                0x0000000008005fac       0x1c ./USB_DEVICE/Target/usbd_conf.o
                0x0000000008005fac                USBD_LL_StallEP
 .text.USBD_LL_ClearStallEP
                0x0000000008005fc8       0x1c ./USB_DEVICE/Target/usbd_conf.o
                0x0000000008005fc8                USBD_LL_ClearStallEP
 .text.USBD_LL_IsStallEP
                0x0000000008005fe4       0x20 ./USB_DEVICE/Target/usbd_conf.o
                0x0000000008005fe4                USBD_LL_IsStallEP
 .text.USBD_LL_SetUSBAddress
                0x0000000008006004       0x1c ./USB_DEVICE/Target/usbd_conf.o
                0x0000000008006004                USBD_LL_SetUSBAddress
 .text.USBD_LL_Transmit
                0x0000000008006020       0x1c ./USB_DEVICE/Target/usbd_conf.o
                0x0000000008006020                USBD_LL_Transmit
 .text.USBD_LL_PrepareReceive
                0x000000000800603c       0x1c ./USB_DEVICE/Target/usbd_conf.o
                0x000000000800603c                USBD_LL_PrepareReceive
 .text.USBD_LL_GetRxDataSize
                0x0000000008006058        0x8 ./USB_DEVICE/Target/usbd_conf.o
                0x0000000008006058                USBD_LL_GetRxDataSize
 .text.USBD_static_malloc
                0x0000000008006060        0x8 ./USB_DEVICE/Target/usbd_conf.o
                0x0000000008006060                USBD_static_malloc
 .text.USBD_static_free
                0x0000000008006068        0x2 ./USB_DEVICE/Target/usbd_conf.o
                0x0000000008006068                USBD_static_free
 .text.HAL_PCDEx_SetConnectionState
                0x000000000800606a        0x2 ./USB_DEVICE/Target/usbd_conf.o
                0x000000000800606a                HAL_PCDEx_SetConnectionState
 *(.glue_7)
 .glue_7        0x000000000800606c        0x0 linker stubs
 *(.glue_7t)
 .glue_7t       0x000000000800606c        0x0 linker stubs
 *(.eh_frame)
 .eh_frame      0x000000000800606c        0x0 /usr/lib/gcc/arm-none-eabi/9.2.1/thumb/v7-m/nofp/crtbegin.o
 *(.init)
 .init          0x000000000800606c        0x4 /usr/lib/gcc/arm-none-eabi/9.2.1/thumb/v7-m/nofp/crti.o
                0x000000000800606c                _init
 .init          0x0000000008006070        0x8 /usr/lib/gcc/arm-none-eabi/9.2.1/thumb/v7-m/nofp/crtn.o
 *(.fini)
 .fini          0x0000000008006078        0x4 /usr/lib/gcc/arm-none-eabi/9.2.1/thumb/v7-m/nofp/crti.o
                0x0000000008006078                _fini
 .fini          0x000000000800607c        0x8 /usr/lib/gcc/arm-none-eabi/9.2.1/thumb/v7-m/nofp/crtn.o
                0x0000000008006084                . = ALIGN (0x4)
                0x0000000008006084                _etext = .

.vfp11_veneer   0x0000000008006084        0x0
 .vfp11_veneer  0x0000000008006084        0x0 linker stubs

.v4_bx          0x0000000008006084        0x0
 .v4_bx         0x0000000008006084        0x0 linker stubs

.iplt           0x0000000008006084        0x0
 .iplt          0x0000000008006084        0x0 /usr/lib/gcc/arm-none-eabi/9.2.1/thumb/v7-m/nofp/crtbegin.o

.rodata         0x0000000008006084      0x1ec
                0x0000000008006084                . = ALIGN (0x4)
 *(.rodata)
 .rodata        0x0000000008006084       0x70 ./Core/Src/main.o
 .rodata        0x00000000080060f4        0x4 /usr/lib/gcc/arm-none-eabi/9.2.1/../../../arm-none-eabi/lib/thumb/v7-m/nofp/libc_nano.a(lib_a-impure.o)
                0x00000000080060f4                _global_impure_ptr
 .rodata        0x00000000080060f8       0x60 /usr/lib/gcc/arm-none-eabi/9.2.1/../../../arm-none-eabi/lib/thumb/v7-m/nofp/libc_nano.a(lib_a-findfp.o)
                0x00000000080060f8                __sf_fake_stderr
                0x0000000008006118                __sf_fake_stdout
                0x0000000008006138                __sf_fake_stdin
 *(.rodata*)
 .rodata.str1.1
                0x0000000008006158       0x36 ./Core/Src/main.o
 .rodata.AHBPrescTable
                0x000000000800618e       0x10 ./Core/Src/system_stm32f1xx.o
                0x000000000800618e                AHBPrescTable
 .rodata.APBPrescTable
                0x000000000800619e        0x8 ./Core/Src/system_stm32f1xx.o
                0x000000000800619e                APBPrescTable
 .rodata.HAL_RCC_GetSysClockFreq.str1.1
                0x00000000080061a6       0x11 ./Drivers/STM32F1xx_HAL_Driver/Src/stm32f1xx_hal_rcc.o
 .rodata.USBD_Init.str1.1
                0x00000000080061b7       0x1e ./Middlewares/ST/STM32_USB_Device_Library/Core/Src/usbd_core.o
 .rodata.USBD_RegisterClass.str1.1
                0x00000000080061d5       0x15 ./Middlewares/ST/STM32_USB_Device_Library/Core/Src/usbd_core.o
 .rodata.vTaskStartScheduler.str1.1
                0x00000000080061ea        0x5 ./Middlewares/Third_Party/FreeRTOS/Source/tasks.o
 .rodata.prvCheckForValidListAndQueue.str1.1
                0x00000000080061ef        0x5 ./Middlewares/Third_Party/FreeRTOS/Source/timers.o
 .rodata.xTimerCreateTimerTask.str1.1
                0x00000000080061f4        0x8 ./Middlewares/Third_Party/FreeRTOS/Source/timers.o
 .rodata.USBD_FS_ManufacturerStrDescriptor.str1.1
                0x00000000080061fc        0xa ./USB_DEVICE/App/usbd_desc.o
 .rodata.USBD_FS_ProductStrDescriptor.str1.1
                0x0000000008006206       0x10 ./USB_DEVICE/App/usbd_desc.o
 .rodata.USBD_FS_ConfigStrDescriptor.str1.1
                0x0000000008006216        0xb ./USB_DEVICE/App/usbd_desc.o
 .rodata.USBD_FS_InterfaceStrDescriptor.str1.1
                0x0000000008006221        0xe ./USB_DEVICE/App/usbd_desc.o
 .rodata.CSWTCH.3
                0x000000000800622f        0x4 ./USB_DEVICE/Target/usbd_conf.o
 *fill*         0x0000000008006233        0x1 
 .rodata.str1.4
                0x0000000008006234       0x13 /usr/lib/gcc/arm-none-eabi/9.2.1/../../../arm-none-eabi/lib/thumb/v7-m/nofp/libc_nano.a(lib_a-nano-vfprintf.o)
 *fill*         0x0000000008006247        0x1 
 .rodata.str1.4
                0x0000000008006248       0x25 /usr/lib/gcc/arm-none-eabi/9.2.1/../../../arm-none-eabi/lib/thumb/v7-m/nofp/libc_nano.a(lib_a-nano-vfprintf_i.o)
                0x0000000008006270                . = ALIGN (0x4)
 *fill*         0x000000000800626d        0x3 

.rel.dyn        0x0000000008006270        0x0
 .rel.iplt      0x0000000008006270        0x0 /usr/lib/gcc/arm-none-eabi/9.2.1/thumb/v7-m/nofp/crtbegin.o

.ARM.extab      0x0000000008006270        0x0
                0x0000000008006270                . = ALIGN (0x4)
 *(.ARM.extab* .gnu.linkonce.armextab.*)
                0x0000000008006270                . = ALIGN (0x4)

.ARM            0x0000000008006270        0x0
                0x0000000008006270                . = ALIGN (0x4)
                0x0000000008006270                __exidx_start = .
 *(.ARM.exidx*)
                0x0000000008006270                __exidx_end = .
                0x0000000008006270                . = ALIGN (0x4)

.preinit_array  0x0000000008006270        0x0
                0x0000000008006270                . = ALIGN (0x4)
                0x0000000008006270                PROVIDE (__preinit_array_start = .)
 *(.preinit_array*)
                0x0000000008006270                PROVIDE (__preinit_array_end = .)
                0x0000000008006270                . = ALIGN (0x4)

.init_array     0x0000000008006270        0x4
                0x0000000008006270                . = ALIGN (0x4)
                0x0000000008006270                PROVIDE (__init_array_start = .)
 *(SORT_BY_NAME(.init_array.*))
 *(.init_array*)
 .init_array    0x0000000008006270        0x4 /usr/lib/gcc/arm-none-eabi/9.2.1/thumb/v7-m/nofp/crtbegin.o
                0x0000000008006274                PROVIDE (__init_array_end = .)
                0x0000000008006274                . = ALIGN (0x4)

.fini_array     0x0000000008006274        0x4
                0x0000000008006274                . = ALIGN (0x4)
                0x0000000008006274                PROVIDE (__fini_array_start = .)
 *(SORT_BY_NAME(.fini_array.*))
 *(.fini_array*)
 .fini_array    0x0000000008006274        0x4 /usr/lib/gcc/arm-none-eabi/9.2.1/thumb/v7-m/nofp/crtbegin.o
                0x0000000008006278                PROVIDE (__fini_array_end = .)
                0x0000000008006278                . = ALIGN (0x4)
                0x0000000008006278                _sidata = LOADADDR (.data)

.data           0x0000000020000000      0x1e4 load address 0x0000000008006278
                0x0000000020000000                . = ALIGN (0x4)
                0x0000000020000000                _sdata = .
 *(.data)
 .data          0x0000000020000000       0x64 /usr/lib/gcc/arm-none-eabi/9.2.1/../../../arm-none-eabi/lib/thumb/v7-m/nofp/libc_nano.a(lib_a-impure.o)
                0x0000000020000000                _impure_ptr
 *(.data*)
 .data.SystemCoreClock
                0x0000000020000064        0x4 ./Core/Src/system_stm32f1xx.o
                0x0000000020000064                SystemCoreClock
 .data.uwTickFreq
                0x0000000020000068        0x1 ./Drivers/STM32F1xx_HAL_Driver/Src/stm32f1xx_hal.o
                0x0000000020000068                uwTickFreq
 *fill*         0x0000000020000069        0x3 
 .data.uwTickPrio
                0x000000002000006c        0x4 ./Drivers/STM32F1xx_HAL_Driver/Src/stm32f1xx_hal.o
                0x000000002000006c                uwTickPrio
 .data.USBD_CDC
                0x0000000020000070       0x38 ./Middlewares/ST/STM32_USB_Device_Library/Class/CDC/Src/usbd_cdc.o
                0x0000000020000070                USBD_CDC
 .data.USBD_CDC_CfgFSDesc
                0x00000000200000a8       0x43 ./Middlewares/ST/STM32_USB_Device_Library/Class/CDC/Src/usbd_cdc.o
                0x00000000200000a8                USBD_CDC_CfgFSDesc
 *fill*         0x00000000200000eb        0x1 
 .data.USBD_CDC_CfgHSDesc
                0x00000000200000ec       0x43 ./Middlewares/ST/STM32_USB_Device_Library/Class/CDC/Src/usbd_cdc.o
                0x00000000200000ec                USBD_CDC_CfgHSDesc
 *fill*         0x000000002000012f        0x1 
 .data.USBD_CDC_DeviceQualifierDesc
                0x0000000020000130        0xa ./Middlewares/ST/STM32_USB_Device_Library/Class/CDC/Src/usbd_cdc.o
 *fill*         0x000000002000013a        0x2 
 .data.USBD_CDC_OtherSpeedCfgDesc
                0x000000002000013c       0x43 ./Middlewares/ST/STM32_USB_Device_Library/Class/CDC/Src/usbd_cdc.o
                0x000000002000013c                USBD_CDC_OtherSpeedCfgDesc
 *fill*         0x000000002000017f        0x1 
 .data.uxCriticalNesting
                0x0000000020000180        0x4 ./Middlewares/Third_Party/FreeRTOS/Source/portable/GCC/ARM_CM3/port.o
 .data.USBD_Interface_fops_FS
                0x0000000020000184       0x10 ./USB_DEVICE/App/usbd_cdc_if.o
                0x0000000020000184                USBD_Interface_fops_FS
 .data.FS_Desc  0x0000000020000194       0x1c ./USB_DEVICE/App/usbd_desc.o
                0x0000000020000194                FS_Desc
 .data.USBD_FS_DeviceDesc
                0x00000000200001b0       0x12 ./USB_DEVICE/App/usbd_desc.o
                0x00000000200001b0                USBD_FS_DeviceDesc
 *fill*         0x00000000200001c2        0x2 
 .data.USBD_LangIDDesc
                0x00000000200001c4        0x4 ./USB_DEVICE/App/usbd_desc.o
                0x00000000200001c4                USBD_LangIDDesc
 .data.USBD_StringSerial
                0x00000000200001c8       0x1a ./USB_DEVICE/App/usbd_desc.o
                0x00000000200001c8                USBD_StringSerial
 *(.RamFunc)
 *(.RamFunc*)
                0x00000000200001e4                . = ALIGN (0x4)
 *fill*         0x00000000200001e2        0x2 
                0x00000000200001e4                _edata = .

.tm_clone_table
                0x00000000200001e4        0x0 load address 0x000000000800645c
 .tm_clone_table
                0x00000000200001e4        0x0 /usr/lib/gcc/arm-none-eabi/9.2.1/thumb/v7-m/nofp/crtbegin.o
 .tm_clone_table
                0x00000000200001e4        0x0 /usr/lib/gcc/arm-none-eabi/9.2.1/thumb/v7-m/nofp/crtend.o

.igot.plt       0x00000000200001e4        0x0 load address 0x000000000800645c
 .igot.plt      0x00000000200001e4        0x0 /usr/lib/gcc/arm-none-eabi/9.2.1/thumb/v7-m/nofp/crtbegin.o
                0x00000000200001e4                . = ALIGN (0x4)

.bss            0x00000000200001e4     0x212c load address 0x000000000800645c
                0x00000000200001e4                _sbss = .
                0x00000000200001e4                __bss_start__ = _sbss
 *(.bss)
 .bss           0x00000000200001e4       0x1c /usr/lib/gcc/arm-none-eabi/9.2.1/thumb/v7-m/nofp/crtbegin.o
 .bss           0x0000000020000200        0x8 /usr/lib/gcc/arm-none-eabi/9.2.1/../../../arm-none-eabi/lib/thumb/v7-m/nofp/libc_nano.a(lib_a-nano-mallocr.o)
                0x0000000020000200                __malloc_free_list
                0x0000000020000204                __malloc_sbrk_start
 *(.bss*)
 .bss.xIdleStack
                0x0000000020000208      0x200 ./Core/Src/freertos.o
 .bss.xIdleTaskTCBBuffer
                0x0000000020000408       0x54 ./Core/Src/freertos.o
 .bss.xTimerStack
                0x000000002000045c      0x400 ./Core/Src/freertos.o
 .bss.xTimerTaskTCBBuffer
                0x000000002000085c       0x54 ./Core/Src/freertos.o
 .bss.__sbrk_heap_end
                0x00000000200008b0        0x4 ./Core/Src/sysmem.o
 .bss.cfgidx.8180
                0x00000000200008b4        0x1 ./Middlewares/ST/STM32_USB_Device_Library/Core/Src/usbd_ctlreq.o
 *fill*         0x00000000200008b5        0x3 
 .bss.pxCurrentTCB
                0x00000000200008b8        0x4 ./Middlewares/Third_Party/FreeRTOS/Source/tasks.o
                0x00000000200008b8                pxCurrentTCB
 .bss.pxDelayedTaskList
                0x00000000200008bc        0x4 ./Middlewares/Third_Party/FreeRTOS/Source/tasks.o
 .bss.pxOverflowDelayedTaskList
                0x00000000200008c0        0x4 ./Middlewares/Third_Party/FreeRTOS/Source/tasks.o
 .bss.pxReadyTasksLists
                0x00000000200008c4       0x8c ./Middlewares/Third_Party/FreeRTOS/Source/tasks.o
 .bss.uxCurrentNumberOfTasks
                0x0000000020000950        0x4 ./Middlewares/Third_Party/FreeRTOS/Source/tasks.o
 .bss.uxDeletedTasksWaitingCleanUp
                0x0000000020000954        0x4 ./Middlewares/Third_Party/FreeRTOS/Source/tasks.o
 .bss.uxPendedTicks
                0x0000000020000958        0x4 ./Middlewares/Third_Party/FreeRTOS/Source/tasks.o
 .bss.uxSchedulerSuspended
                0x000000002000095c        0x4 ./Middlewares/Third_Party/FreeRTOS/Source/tasks.o
 .bss.uxTaskNumber
                0x0000000020000960        0x4 ./Middlewares/Third_Party/FreeRTOS/Source/tasks.o
 .bss.uxTopReadyPriority
                0x0000000020000964        0x4 ./Middlewares/Third_Party/FreeRTOS/Source/tasks.o
 .bss.xDelayedTaskList1
                0x0000000020000968       0x14 ./Middlewares/Third_Party/FreeRTOS/Source/tasks.o
 .bss.xDelayedTaskList2
                0x000000002000097c       0x14 ./Middlewares/Third_Party/FreeRTOS/Source/tasks.o
 .bss.xNextTaskUnblockTime
                0x0000000020000990        0x4 ./Middlewares/Third_Party/FreeRTOS/Source/tasks.o
 .bss.xNumOfOverflows
                0x0000000020000994        0x4 ./Middlewares/Third_Party/FreeRTOS/Source/tasks.o
 .bss.xPendingReadyList
                0x0000000020000998       0x14 ./Middlewares/Third_Party/FreeRTOS/Source/tasks.o
 .bss.xSchedulerRunning
                0x00000000200009ac        0x4 ./Middlewares/Third_Party/FreeRTOS/Source/tasks.o
 .bss.xSuspendedTaskList
                0x00000000200009b0       0x14 ./Middlewares/Third_Party/FreeRTOS/Source/tasks.o
 .bss.xTasksWaitingTermination
                0x00000000200009c4       0x14 ./Middlewares/Third_Party/FreeRTOS/Source/tasks.o
 .bss.xTickCount
                0x00000000200009d8        0x4 ./Middlewares/Third_Party/FreeRTOS/Source/tasks.o
 .bss.xYieldPending
                0x00000000200009dc        0x4 ./Middlewares/Third_Party/FreeRTOS/Source/tasks.o
 .bss.pxCurrentTimerList
                0x00000000200009e0        0x4 ./Middlewares/Third_Party/FreeRTOS/Source/timers.o
 .bss.pxOverflowTimerList
                0x00000000200009e4        0x4 ./Middlewares/Third_Party/FreeRTOS/Source/timers.o
 .bss.ucStaticTimerQueueStorage.5512
                0x00000000200009e8       0x78 ./Middlewares/Third_Party/FreeRTOS/Source/timers.o
 .bss.xActiveTimerList1
                0x0000000020000a60       0x14 ./Middlewares/Third_Party/FreeRTOS/Source/timers.o
 .bss.xActiveTimerList2
                0x0000000020000a74       0x14 ./Middlewares/Third_Party/FreeRTOS/Source/timers.o
 .bss.xLastTime.5463
                0x0000000020000a88        0x4 ./Middlewares/Third_Party/FreeRTOS/Source/timers.o
 .bss.xStaticTimerQueue.5511
                0x0000000020000a8c       0x48 ./Middlewares/Third_Party/FreeRTOS/Source/timers.o
 .bss.xTimerQueue
                0x0000000020000ad4        0x4 ./Middlewares/Third_Party/FreeRTOS/Source/timers.o
 .bss.xTimerTaskHandle
                0x0000000020000ad8        0x4 ./Middlewares/Third_Party/FreeRTOS/Source/timers.o
 .bss.ucMaxSysCallPriority
                0x0000000020000adc        0x1 ./Middlewares/Third_Party/FreeRTOS/Source/portable/GCC/ARM_CM3/port.o
 *fill*         0x0000000020000add        0x3 
 .bss.ulMaxPRIGROUPValue
                0x0000000020000ae0        0x4 ./Middlewares/Third_Party/FreeRTOS/Source/portable/GCC/ARM_CM3/port.o
 .bss.mem.8245  0x0000000020000ae4      0x220 ./USB_DEVICE/Target/usbd_conf.o
 *(COMMON)
 COMMON         0x0000000020000d04      0x9ec ./Core/Src/main.o
                0x0000000020000d04                ledBlinkerTaskHandle
                0x0000000020000d08                usbRxMutexControlBlock
                0x0000000020000d50                myTask02ControlBlock
                0x0000000020000da4                defaultTaskHandle
                0x0000000020000da8                myTask03ControlBlock
                0x0000000020000dfc                errorBlinkTaskHandle
                0x0000000020000e00                usbProcTaskHandle
                0x0000000020000e04                myTask04Buffer
                0x0000000020001004                htim1
                0x0000000020001044                defaultTaskBuffer
                0x0000000020001244                defaultTaskControlBlock
                0x0000000020001298                usbRxMutexHandle
                0x000000002000129c                myTask03Buffer
                0x000000002000149c                myTask02Buffer
                0x000000002000169c                myTask04ControlBlock
 COMMON         0x00000000200016f0       0x40 ./Core/Src/stm32f1xx_hal_timebase_tim.o
                0x00000000200016f0                htim4
 COMMON         0x0000000020001730        0x4 ./Drivers/STM32F1xx_HAL_Driver/Src/stm32f1xx_hal.o
                0x0000000020001730                uwTick
 COMMON         0x0000000020001734       0x40 ./Middlewares/Third_Party/FreeRTOS/Source/queue.o
                0x0000000020001734                xQueueRegistry
 COMMON         0x0000000020001774      0x2c4 ./USB_DEVICE/App/usb_device.o
                0x0000000020001774                hUsbDeviceFS
 COMMON         0x0000000020001a38      0x468 ./USB_DEVICE/App/usbd_cdc_if.o
                0x0000000020001a38                UserRxBufferFS
                0x0000000020001e20                UserTxBufferFS
 COMMON         0x0000000020001ea0      0x200 ./USB_DEVICE/App/usbd_desc.o
                0x0000000020001ea0                USBD_StrDesc
 COMMON         0x00000000200020a0      0x26c ./USB_DEVICE/Target/usbd_conf.o
                0x00000000200020a0                hpcd_USB_FS
 COMMON         0x000000002000230c        0x4 /usr/lib/gcc/arm-none-eabi/9.2.1/../../../arm-none-eabi/lib/thumb/v7-m/nofp/libc_nano.a(lib_a-reent.o)
                0x000000002000230c                errno
                0x0000000020002310                . = ALIGN (0x4)
                0x0000000020002310                _ebss = .
                0x0000000020002310                __bss_end__ = _ebss

._user_heap_stack
                0x0000000020002310      0x600 load address 0x000000000800645c
                0x0000000020002310                . = ALIGN (0x8)
                [!provide]                        PROVIDE (end = .)
                0x0000000020002310                PROVIDE (_end = .)
                0x0000000020002510                . = (. + _Min_Heap_Size)
 *fill*         0x0000000020002310      0x200 
                0x0000000020002910                . = (. + _Min_Stack_Size)
 *fill*         0x0000000020002510      0x400 
                0x0000000020002910                . = ALIGN (0x8)

/DISCARD/
 libc.a(*)
 libm.a(*)
 libgcc.a(*)

.ARM.attributes
                0x0000000000000000       0x29
 *(.ARM.attributes)
 .ARM.attributes
                0x0000000000000000       0x1d /usr/lib/gcc/arm-none-eabi/9.2.1/thumb/v7-m/nofp/crti.o
 .ARM.attributes
                0x000000000000001d       0x2d /usr/lib/gcc/arm-none-eabi/9.2.1/thumb/v7-m/nofp/crtbegin.o
 .ARM.attributes
                0x000000000000004a       0x2d ./Core/Src/freertos.o
 .ARM.attributes
                0x0000000000000077       0x2d ./Core/Src/main.o
 .ARM.attributes
                0x00000000000000a4       0x2d ./Core/Src/stm32f1xx_hal_msp.o
 .ARM.attributes
                0x00000000000000d1       0x2d ./Core/Src/stm32f1xx_hal_timebase_tim.o
 .ARM.attributes
                0x00000000000000fe       0x2d ./Core/Src/stm32f1xx_it.o
 .ARM.attributes
                0x000000000000012b       0x2d ./Core/Src/syscalls.o
 .ARM.attributes
                0x0000000000000158       0x2d ./Core/Src/sysmem.o
 .ARM.attributes
                0x0000000000000185       0x2d ./Core/Src/system_stm32f1xx.o
 .ARM.attributes
                0x00000000000001b2       0x21 ./Core/Startup/startup_stm32f103c8tx.o
 .ARM.attributes
                0x00000000000001d3       0x2d ./Drivers/STM32F1xx_HAL_Driver/Src/stm32f1xx_hal.o
 .ARM.attributes
                0x0000000000000200       0x2d ./Drivers/STM32F1xx_HAL_Driver/Src/stm32f1xx_hal_cortex.o
 .ARM.attributes
                0x000000000000022d       0x2d ./Drivers/STM32F1xx_HAL_Driver/Src/stm32f1xx_hal_gpio.o
 .ARM.attributes
                0x000000000000025a       0x2d ./Drivers/STM32F1xx_HAL_Driver/Src/stm32f1xx_hal_pcd.o
 .ARM.attributes
                0x0000000000000287       0x2d ./Drivers/STM32F1xx_HAL_Driver/Src/stm32f1xx_hal_pcd_ex.o
 .ARM.attributes
                0x00000000000002b4       0x2d ./Drivers/STM32F1xx_HAL_Driver/Src/stm32f1xx_hal_rcc.o
 .ARM.attributes
                0x00000000000002e1       0x2d ./Drivers/STM32F1xx_HAL_Driver/Src/stm32f1xx_hal_rcc_ex.o
 .ARM.attributes
                0x000000000000030e       0x2d ./Drivers/STM32F1xx_HAL_Driver/Src/stm32f1xx_hal_tim.o
 .ARM.attributes
                0x000000000000033b       0x2d ./Drivers/STM32F1xx_HAL_Driver/Src/stm32f1xx_hal_tim_ex.o
 .ARM.attributes
                0x0000000000000368       0x2d ./Drivers/STM32F1xx_HAL_Driver/Src/stm32f1xx_ll_usb.o
 .ARM.attributes
                0x0000000000000395       0x2d ./Middlewares/ST/STM32_USB_Device_Library/Class/CDC/Src/usbd_cdc.o
 .ARM.attributes
                0x00000000000003c2       0x2d ./Middlewares/ST/STM32_USB_Device_Library/Core/Src/usbd_core.o
 .ARM.attributes
                0x00000000000003ef       0x2d ./Middlewares/ST/STM32_USB_Device_Library/Core/Src/usbd_ctlreq.o
 .ARM.attributes
                0x000000000000041c       0x2d ./Middlewares/ST/STM32_USB_Device_Library/Core/Src/usbd_ioreq.o
 .ARM.attributes
                0x0000000000000449       0x2d ./Middlewares/Third_Party/FreeRTOS/Source/CMSIS_RTOS/cmsis_os.o
 .ARM.attributes
                0x0000000000000476       0x2d ./Middlewares/Third_Party/FreeRTOS/Source/list.o
 .ARM.attributes
                0x00000000000004a3       0x2d ./Middlewares/Third_Party/FreeRTOS/Source/queue.o
 .ARM.attributes
                0x00000000000004d0       0x2d ./Middlewares/Third_Party/FreeRTOS/Source/tasks.o
 .ARM.attributes
                0x00000000000004fd       0x2d ./Middlewares/Third_Party/FreeRTOS/Source/timers.o
 .ARM.attributes
                0x000000000000052a       0x2d ./Middlewares/Third_Party/FreeRTOS/Source/portable/GCC/ARM_CM3/port.o
 .ARM.attributes
                0x0000000000000557       0x2d ./USB_DEVICE/App/usb_device.o
 .ARM.attributes
                0x0000000000000584       0x2d ./USB_DEVICE/App/usbd_cdc_if.o
 .ARM.attributes
                0x00000000000005b1       0x2d ./USB_DEVICE/App/usbd_desc.o
 .ARM.attributes
                0x00000000000005de       0x2d ./USB_DEVICE/Target/usbd_conf.o
 .ARM.attributes
                0x000000000000060b       0x2d /usr/lib/gcc/arm-none-eabi/9.2.1/../../../arm-none-eabi/lib/thumb/v7-m/nofp/libc_nano.a(lib_a-errno.o)
 .ARM.attributes
                0x0000000000000638       0x2d /usr/lib/gcc/arm-none-eabi/9.2.1/../../../arm-none-eabi/lib/thumb/v7-m/nofp/libc_nano.a(lib_a-impure.o)
 .ARM.attributes
                0x0000000000000665       0x2d /usr/lib/gcc/arm-none-eabi/9.2.1/../../../arm-none-eabi/lib/thumb/v7-m/nofp/libc_nano.a(lib_a-init.o)
 .ARM.attributes
                0x0000000000000692       0x1b /usr/lib/gcc/arm-none-eabi/9.2.1/../../../arm-none-eabi/lib/thumb/v7-m/nofp/libc_nano.a(lib_a-memcpy.o)
 .ARM.attributes
                0x00000000000006ad       0x2d /usr/lib/gcc/arm-none-eabi/9.2.1/../../../arm-none-eabi/lib/thumb/v7-m/nofp/libc_nano.a(lib_a-memset.o)
 .ARM.attributes
                0x00000000000006da       0x2d /usr/lib/gcc/arm-none-eabi/9.2.1/../../../arm-none-eabi/lib/thumb/v7-m/nofp/libc_nano.a(lib_a-printf.o)
 .ARM.attributes
                0x0000000000000707       0x2d /usr/lib/gcc/arm-none-eabi/9.2.1/../../../arm-none-eabi/lib/thumb/v7-m/nofp/libc_nano.a(lib_a-putchar.o)
 .ARM.attributes
                0x0000000000000734       0x2d /usr/lib/gcc/arm-none-eabi/9.2.1/../../../arm-none-eabi/lib/thumb/v7-m/nofp/libc_nano.a(lib_a-findfp.o)
 .ARM.attributes
                0x0000000000000761       0x2d /usr/lib/gcc/arm-none-eabi/9.2.1/../../../arm-none-eabi/lib/thumb/v7-m/nofp/libc_nano.a(lib_a-fwalk.o)
 .ARM.attributes
                0x000000000000078e       0x2d /usr/lib/gcc/arm-none-eabi/9.2.1/../../../arm-none-eabi/lib/thumb/v7-m/nofp/libc_nano.a(lib_a-nano-mallocr.o)
 .ARM.attributes
                0x00000000000007bb       0x2d /usr/lib/gcc/arm-none-eabi/9.2.1/../../../arm-none-eabi/lib/thumb/v7-m/nofp/libc_nano.a(lib_a-nano-vfprintf.o)
 .ARM.attributes
                0x00000000000007e8       0x2d /usr/lib/gcc/arm-none-eabi/9.2.1/../../../arm-none-eabi/lib/thumb/v7-m/nofp/libc_nano.a(lib_a-nano-vfprintf_i.o)
 .ARM.attributes
                0x0000000000000815       0x2d /usr/lib/gcc/arm-none-eabi/9.2.1/../../../arm-none-eabi/lib/thumb/v7-m/nofp/libc_nano.a(lib_a-putc.o)
 .ARM.attributes
                0x0000000000000842       0x2d /usr/lib/gcc/arm-none-eabi/9.2.1/../../../arm-none-eabi/lib/thumb/v7-m/nofp/libc_nano.a(lib_a-sbrkr.o)
 .ARM.attributes
                0x000000000000086f       0x2d /usr/lib/gcc/arm-none-eabi/9.2.1/../../../arm-none-eabi/lib/thumb/v7-m/nofp/libc_nano.a(lib_a-stdio.o)
 .ARM.attributes
                0x000000000000089c       0x2d /usr/lib/gcc/arm-none-eabi/9.2.1/../../../arm-none-eabi/lib/thumb/v7-m/nofp/libc_nano.a(lib_a-wbuf.o)
 .ARM.attributes
                0x00000000000008c9       0x2d /usr/lib/gcc/arm-none-eabi/9.2.1/../../../arm-none-eabi/lib/thumb/v7-m/nofp/libc_nano.a(lib_a-writer.o)
 .ARM.attributes
                0x00000000000008f6       0x2d /usr/lib/gcc/arm-none-eabi/9.2.1/../../../arm-none-eabi/lib/thumb/v7-m/nofp/libc_nano.a(lib_a-wsetup.o)
 .ARM.attributes
                0x0000000000000923       0x2d /usr/lib/gcc/arm-none-eabi/9.2.1/../../../arm-none-eabi/lib/thumb/v7-m/nofp/libc_nano.a(lib_a-closer.o)
 .ARM.attributes
                0x0000000000000950       0x2d /usr/lib/gcc/arm-none-eabi/9.2.1/../../../arm-none-eabi/lib/thumb/v7-m/nofp/libc_nano.a(lib_a-fflush.o)
 .ARM.attributes
                0x000000000000097d       0x2d /usr/lib/gcc/arm-none-eabi/9.2.1/../../../arm-none-eabi/lib/thumb/v7-m/nofp/libc_nano.a(lib_a-fvwrite.o)
 .ARM.attributes
                0x00000000000009aa       0x2d /usr/lib/gcc/arm-none-eabi/9.2.1/../../../arm-none-eabi/lib/thumb/v7-m/nofp/libc_nano.a(lib_a-lseekr.o)
 .ARM.attributes
                0x00000000000009d7       0x2d /usr/lib/gcc/arm-none-eabi/9.2.1/../../../arm-none-eabi/lib/thumb/v7-m/nofp/libc_nano.a(lib_a-makebuf.o)
 .ARM.attributes
                0x0000000000000a04       0x2d /usr/lib/gcc/arm-none-eabi/9.2.1/../../../arm-none-eabi/lib/thumb/v7-m/nofp/libc_nano.a(lib_a-memchr-stub.o)
 .ARM.attributes
                0x0000000000000a31       0x2d /usr/lib/gcc/arm-none-eabi/9.2.1/../../../arm-none-eabi/lib/thumb/v7-m/nofp/libc_nano.a(lib_a-memmove.o)
 .ARM.attributes
                0x0000000000000a5e       0x2d /usr/lib/gcc/arm-none-eabi/9.2.1/../../../arm-none-eabi/lib/thumb/v7-m/nofp/libc_nano.a(lib_a-mlock.o)
 .ARM.attributes
                0x0000000000000a8b       0x2d /usr/lib/gcc/arm-none-eabi/9.2.1/../../../arm-none-eabi/lib/thumb/v7-m/nofp/libc_nano.a(lib_a-nano-freer.o)
 .ARM.attributes
                0x0000000000000ab8       0x2d /usr/lib/gcc/arm-none-eabi/9.2.1/../../../arm-none-eabi/lib/thumb/v7-m/nofp/libc_nano.a(lib_a-nano-reallocr.o)
 .ARM.attributes
                0x0000000000000ae5       0x2d /usr/lib/gcc/arm-none-eabi/9.2.1/../../../arm-none-eabi/lib/thumb/v7-m/nofp/libc_nano.a(lib_a-readr.o)
 .ARM.attributes
                0x0000000000000b12       0x2d /usr/lib/gcc/arm-none-eabi/9.2.1/../../../arm-none-eabi/lib/thumb/v7-m/nofp/libc_nano.a(lib_a-reent.o)
 .ARM.attributes
                0x0000000000000b3f       0x2d /usr/lib/gcc/arm-none-eabi/9.2.1/../../../arm-none-eabi/lib/thumb/v7-m/nofp/libc_nano.a(lib_a-fstatr.o)
 .ARM.attributes
                0x0000000000000b6c       0x2d /usr/lib/gcc/arm-none-eabi/9.2.1/../../../arm-none-eabi/lib/thumb/v7-m/nofp/libc_nano.a(lib_a-isattyr.o)
 .ARM.attributes
                0x0000000000000b99       0x2d /usr/lib/gcc/arm-none-eabi/9.2.1/../../../arm-none-eabi/lib/thumb/v7-m/nofp/libc_nano.a(lib_a-nano-msizer.o)
 .ARM.attributes
                0x0000000000000bc6       0x2d /usr/lib/gcc/arm-none-eabi/9.2.1/thumb/v7-m/nofp/crtend.o
 .ARM.attributes
                0x0000000000000bf3       0x1d /usr/lib/gcc/arm-none-eabi/9.2.1/thumb/v7-m/nofp/crtn.o
OUTPUT(GV_infoboard.elf elf32-littlearm)
LOAD linker stubs
LOAD /usr/lib/gcc/arm-none-eabi/9.2.1/../../../arm-none-eabi/lib/thumb/v7-m/nofp/libc.a
LOAD /usr/lib/gcc/arm-none-eabi/9.2.1/../../../arm-none-eabi/lib/thumb/v7-m/nofp/libm.a
LOAD /usr/lib/gcc/arm-none-eabi/9.2.1/thumb/v7-m/nofp/libgcc.a

.comment        0x0000000000000000       0xa7
 .comment       0x0000000000000000       0x59 /usr/lib/gcc/arm-none-eabi/9.2.1/thumb/v7-m/nofp/crtbegin.o
                                         0x5a (size before relaxing)
 .comment       0x0000000000000059       0x5a ./Core/Src/freertos.o
 .comment       0x0000000000000059       0x5a ./Core/Src/main.o
 .comment       0x0000000000000059       0x5a ./Core/Src/stm32f1xx_hal_msp.o
 .comment       0x0000000000000059       0x5a ./Core/Src/stm32f1xx_hal_timebase_tim.o
 .comment       0x0000000000000059       0x5a ./Core/Src/stm32f1xx_it.o
 .comment       0x0000000000000059       0x5a ./Core/Src/syscalls.o
 .comment       0x0000000000000059       0x5a ./Core/Src/sysmem.o
 .comment       0x0000000000000059       0x5a ./Core/Src/system_stm32f1xx.o
 .comment       0x0000000000000059       0x5a ./Drivers/STM32F1xx_HAL_Driver/Src/stm32f1xx_hal.o
 .comment       0x0000000000000059       0x5a ./Drivers/STM32F1xx_HAL_Driver/Src/stm32f1xx_hal_cortex.o
 .comment       0x0000000000000059       0x5a ./Drivers/STM32F1xx_HAL_Driver/Src/stm32f1xx_hal_gpio.o
 .comment       0x0000000000000059       0x5a ./Drivers/STM32F1xx_HAL_Driver/Src/stm32f1xx_hal_pcd.o
 .comment       0x0000000000000059       0x5a ./Drivers/STM32F1xx_HAL_Driver/Src/stm32f1xx_hal_pcd_ex.o
 .comment       0x0000000000000059       0x5a ./Drivers/STM32F1xx_HAL_Driver/Src/stm32f1xx_hal_rcc.o
 .comment       0x0000000000000059       0x5a ./Drivers/STM32F1xx_HAL_Driver/Src/stm32f1xx_hal_rcc_ex.o
 .comment       0x0000000000000059       0x5a ./Drivers/STM32F1xx_HAL_Driver/Src/stm32f1xx_hal_tim.o
 .comment       0x0000000000000059       0x5a ./Drivers/STM32F1xx_HAL_Driver/Src/stm32f1xx_hal_tim_ex.o
 .comment       0x0000000000000059       0x5a ./Drivers/STM32F1xx_HAL_Driver/Src/stm32f1xx_ll_usb.o
 .comment       0x0000000000000059       0x5a ./Middlewares/ST/STM32_USB_Device_Library/Class/CDC/Src/usbd_cdc.o
 .comment       0x0000000000000059       0x5a ./Middlewares/ST/STM32_USB_Device_Library/Core/Src/usbd_core.o
 .comment       0x0000000000000059       0x5a ./Middlewares/ST/STM32_USB_Device_Library/Core/Src/usbd_ctlreq.o
 .comment       0x0000000000000059       0x5a ./Middlewares/ST/STM32_USB_Device_Library/Core/Src/usbd_ioreq.o
 .comment       0x0000000000000059       0x5a ./Middlewares/Third_Party/FreeRTOS/Source/CMSIS_RTOS/cmsis_os.o
 .comment       0x0000000000000059       0x5a ./Middlewares/Third_Party/FreeRTOS/Source/list.o
 .comment       0x0000000000000059       0x5a ./Middlewares/Third_Party/FreeRTOS/Source/queue.o
 .comment       0x0000000000000059       0x5a ./Middlewares/Third_Party/FreeRTOS/Source/tasks.o
 .comment       0x0000000000000059       0x5a ./Middlewares/Third_Party/FreeRTOS/Source/timers.o
 .comment       0x0000000000000059       0x5a ./Middlewares/Third_Party/FreeRTOS/Source/portable/GCC/ARM_CM3/port.o
 .comment       0x0000000000000059       0x5a ./USB_DEVICE/App/usb_device.o
 .comment       0x0000000000000059       0x5a ./USB_DEVICE/App/usbd_cdc_if.o
 .comment       0x0000000000000059       0x5a ./USB_DEVICE/App/usbd_desc.o
 .comment       0x0000000000000059       0x5a ./USB_DEVICE/Target/usbd_conf.o
 .comment       0x0000000000000059       0x4e /usr/lib/gcc/arm-none-eabi/9.2.1/../../../arm-none-eabi/lib/thumb/v7-m/nofp/libc_nano.a(lib_a-errno.o)
                                         0x4f (size before relaxing)
 .comment       0x00000000000000a7       0x4f /usr/lib/gcc/arm-none-eabi/9.2.1/../../../arm-none-eabi/lib/thumb/v7-m/nofp/libc_nano.a(lib_a-impure.o)
 .comment       0x00000000000000a7       0x4f /usr/lib/gcc/arm-none-eabi/9.2.1/../../../arm-none-eabi/lib/thumb/v7-m/nofp/libc_nano.a(lib_a-init.o)
 .comment       0x00000000000000a7       0x4f /usr/lib/gcc/arm-none-eabi/9.2.1/../../../arm-none-eabi/lib/thumb/v7-m/nofp/libc_nano.a(lib_a-memset.o)
 .comment       0x00000000000000a7       0x4f /usr/lib/gcc/arm-none-eabi/9.2.1/../../../arm-none-eabi/lib/thumb/v7-m/nofp/libc_nano.a(lib_a-printf.o)
 .comment       0x00000000000000a7       0x4f /usr/lib/gcc/arm-none-eabi/9.2.1/../../../arm-none-eabi/lib/thumb/v7-m/nofp/libc_nano.a(lib_a-putchar.o)
 .comment       0x00000000000000a7       0x4f /usr/lib/gcc/arm-none-eabi/9.2.1/../../../arm-none-eabi/lib/thumb/v7-m/nofp/libc_nano.a(lib_a-findfp.o)
 .comment       0x00000000000000a7       0x4f /usr/lib/gcc/arm-none-eabi/9.2.1/../../../arm-none-eabi/lib/thumb/v7-m/nofp/libc_nano.a(lib_a-fwalk.o)
 .comment       0x00000000000000a7       0x4f /usr/lib/gcc/arm-none-eabi/9.2.1/../../../arm-none-eabi/lib/thumb/v7-m/nofp/libc_nano.a(lib_a-nano-mallocr.o)
 .comment       0x00000000000000a7       0x4f /usr/lib/gcc/arm-none-eabi/9.2.1/../../../arm-none-eabi/lib/thumb/v7-m/nofp/libc_nano.a(lib_a-nano-vfprintf.o)
 .comment       0x00000000000000a7       0x4f /usr/lib/gcc/arm-none-eabi/9.2.1/../../../arm-none-eabi/lib/thumb/v7-m/nofp/libc_nano.a(lib_a-nano-vfprintf_i.o)
 .comment       0x00000000000000a7       0x4f /usr/lib/gcc/arm-none-eabi/9.2.1/../../../arm-none-eabi/lib/thumb/v7-m/nofp/libc_nano.a(lib_a-putc.o)
 .comment       0x00000000000000a7       0x4f /usr/lib/gcc/arm-none-eabi/9.2.1/../../../arm-none-eabi/lib/thumb/v7-m/nofp/libc_nano.a(lib_a-sbrkr.o)
 .comment       0x00000000000000a7       0x4f /usr/lib/gcc/arm-none-eabi/9.2.1/../../../arm-none-eabi/lib/thumb/v7-m/nofp/libc_nano.a(lib_a-stdio.o)
 .comment       0x00000000000000a7       0x4f /usr/lib/gcc/arm-none-eabi/9.2.1/../../../arm-none-eabi/lib/thumb/v7-m/nofp/libc_nano.a(lib_a-wbuf.o)
 .comment       0x00000000000000a7       0x4f /usr/lib/gcc/arm-none-eabi/9.2.1/../../../arm-none-eabi/lib/thumb/v7-m/nofp/libc_nano.a(lib_a-writer.o)
 .comment       0x00000000000000a7       0x4f /usr/lib/gcc/arm-none-eabi/9.2.1/../../../arm-none-eabi/lib/thumb/v7-m/nofp/libc_nano.a(lib_a-wsetup.o)
 .comment       0x00000000000000a7       0x4f /usr/lib/gcc/arm-none-eabi/9.2.1/../../../arm-none-eabi/lib/thumb/v7-m/nofp/libc_nano.a(lib_a-closer.o)
 .comment       0x00000000000000a7       0x4f /usr/lib/gcc/arm-none-eabi/9.2.1/../../../arm-none-eabi/lib/thumb/v7-m/nofp/libc_nano.a(lib_a-fflush.o)
 .comment       0x00000000000000a7       0x4f /usr/lib/gcc/arm-none-eabi/9.2.1/../../../arm-none-eabi/lib/thumb/v7-m/nofp/libc_nano.a(lib_a-fvwrite.o)
 .comment       0x00000000000000a7       0x4f /usr/lib/gcc/arm-none-eabi/9.2.1/../../../arm-none-eabi/lib/thumb/v7-m/nofp/libc_nano.a(lib_a-lseekr.o)
 .comment       0x00000000000000a7       0x4f /usr/lib/gcc/arm-none-eabi/9.2.1/../../../arm-none-eabi/lib/thumb/v7-m/nofp/libc_nano.a(lib_a-makebuf.o)
 .comment       0x00000000000000a7       0x4f /usr/lib/gcc/arm-none-eabi/9.2.1/../../../arm-none-eabi/lib/thumb/v7-m/nofp/libc_nano.a(lib_a-memchr-stub.o)
 .comment       0x00000000000000a7       0x4f /usr/lib/gcc/arm-none-eabi/9.2.1/../../../arm-none-eabi/lib/thumb/v7-m/nofp/libc_nano.a(lib_a-memmove.o)
 .comment       0x00000000000000a7       0x4f /usr/lib/gcc/arm-none-eabi/9.2.1/../../../arm-none-eabi/lib/thumb/v7-m/nofp/libc_nano.a(lib_a-mlock.o)
 .comment       0x00000000000000a7       0x4f /usr/lib/gcc/arm-none-eabi/9.2.1/../../../arm-none-eabi/lib/thumb/v7-m/nofp/libc_nano.a(lib_a-nano-freer.o)
 .comment       0x00000000000000a7       0x4f /usr/lib/gcc/arm-none-eabi/9.2.1/../../../arm-none-eabi/lib/thumb/v7-m/nofp/libc_nano.a(lib_a-nano-reallocr.o)
 .comment       0x00000000000000a7       0x4f /usr/lib/gcc/arm-none-eabi/9.2.1/../../../arm-none-eabi/lib/thumb/v7-m/nofp/libc_nano.a(lib_a-readr.o)
 .comment       0x00000000000000a7       0x4f /usr/lib/gcc/arm-none-eabi/9.2.1/../../../arm-none-eabi/lib/thumb/v7-m/nofp/libc_nano.a(lib_a-reent.o)
 .comment       0x00000000000000a7       0x4f /usr/lib/gcc/arm-none-eabi/9.2.1/../../../arm-none-eabi/lib/thumb/v7-m/nofp/libc_nano.a(lib_a-fstatr.o)
 .comment       0x00000000000000a7       0x4f /usr/lib/gcc/arm-none-eabi/9.2.1/../../../arm-none-eabi/lib/thumb/v7-m/nofp/libc_nano.a(lib_a-isattyr.o)
 .comment       0x00000000000000a7       0x4f /usr/lib/gcc/arm-none-eabi/9.2.1/../../../arm-none-eabi/lib/thumb/v7-m/nofp/libc_nano.a(lib_a-nano-msizer.o)
 .comment       0x00000000000000a7       0x5a /usr/lib/gcc/arm-none-eabi/9.2.1/thumb/v7-m/nofp/crtend.o

.debug_info     0x0000000000000000    0x18a1e
 .debug_info    0x0000000000000000      0x953 /usr/lib/gcc/arm-none-eabi/9.2.1/../../../arm-none-eabi/lib/thumb/v7-m/nofp/libc_nano.a(lib_a-errno.o)
 .debug_info    0x0000000000000953      0x92a /usr/lib/gcc/arm-none-eabi/9.2.1/../../../arm-none-eabi/lib/thumb/v7-m/nofp/libc_nano.a(lib_a-impure.o)
 .debug_info    0x000000000000127d      0x11a /usr/lib/gcc/arm-none-eabi/9.2.1/../../../arm-none-eabi/lib/thumb/v7-m/nofp/libc_nano.a(lib_a-init.o)
 .debug_info    0x0000000000001397       0x26 /usr/lib/gcc/arm-none-eabi/9.2.1/../../../arm-none-eabi/lib/thumb/v7-m/nofp/libc_nano.a(lib_a-memcpy.o)
 .debug_info    0x00000000000013bd      0xf21 /usr/lib/gcc/arm-none-eabi/9.2.1/../../../arm-none-eabi/lib/thumb/v7-m/nofp/libc_nano.a(lib_a-memset.o)
 .debug_info    0x00000000000022de      0xc67 /usr/lib/gcc/arm-none-eabi/9.2.1/../../../arm-none-eabi/lib/thumb/v7-m/nofp/libc_nano.a(lib_a-printf.o)
 .debug_info    0x0000000000002f45      0xbf0 /usr/lib/gcc/arm-none-eabi/9.2.1/../../../arm-none-eabi/lib/thumb/v7-m/nofp/libc_nano.a(lib_a-putchar.o)
 .debug_info    0x0000000000003b35     0x11a8 /usr/lib/gcc/arm-none-eabi/9.2.1/../../../arm-none-eabi/lib/thumb/v7-m/nofp/libc_nano.a(lib_a-findfp.o)
 .debug_info    0x0000000000004cdd      0xca4 /usr/lib/gcc/arm-none-eabi/9.2.1/../../../arm-none-eabi/lib/thumb/v7-m/nofp/libc_nano.a(lib_a-fwalk.o)
 .debug_info    0x0000000000005981      0xc5a /usr/lib/gcc/arm-none-eabi/9.2.1/../../../arm-none-eabi/lib/thumb/v7-m/nofp/libc_nano.a(lib_a-nano-mallocr.o)
 .debug_info    0x00000000000065db     0x176a /usr/lib/gcc/arm-none-eabi/9.2.1/../../../arm-none-eabi/lib/thumb/v7-m/nofp/libc_nano.a(lib_a-nano-vfprintf.o)